ATT:(ATT,0) (GSAT,-8) (UGA,-50)
GSAT:(GSAT,0) (VONA,-3) (UGA,0) (VZ,5)
UGA:(UGA,0) (ATT,50) (GSAT,42) (VONA,47) (VZ,55)
VONA:(VONA,0) (VZ,8)
VZ:(VZ,0) (ATT,2)
-----
ATT:(ATT,0) (GSAT,-8) (UGA,-50) (VONA,-11) (VZ,-3)
GSAT:(GSAT,0) (VONA,-3) (UGA,0) (VZ,5) (ATT,7)
UGA:(UGA,0) (ATT,50) (GSAT,42) (VONA,39) (VZ,47)
VONA:(VONA,0) (VZ,8) (ATT,10)
VZ:(VZ,0) (ATT,2) (GSAT,-6) (UGA,-48)
-----
ATT:(ATT,0) (GSAT,-8) (UGA,-50) (VONA,-11) (VZ,-3)
GSAT:(GSAT,0) (VONA,-3) (UGA,-43) (VZ,5) (ATT,7)
UGA:(UGA,0) (ATT,50) (GSAT,42) (VONA,39) (VZ,47)
VONA:(VONA,0) (VZ,8) (ATT,10) (GSAT,2) (UGA,-40)
VZ:(VZ,0) (ATT,2) (GSAT,-6) (UGA,-48) (VONA,-9)
-----
ATT:(ATT,0) (GSAT,-8) (UGA,-51) (VONA,-11) (VZ,-3)
GSAT:(GSAT,0) (VONA,-3) (UGA,-43) (VZ,5) (ATT,7)
UGA:(UGA,0) (ATT,50) (GSAT,42) (VONA,39) (VZ,47)
VONA:(VONA,0) (VZ,8) (ATT,10) (GSAT,2) (UGA,-40)
VZ:(VZ,0) (ATT,2) (GSAT,-6) (UGA,-48) (VONA,-9)
-----
ATT:(ATT,0) (GSAT,-8) (UGA,-51) (VONA,-11) (VZ,-3)
GSAT:(GSAT,0) (VONA,-3) (UGA,-43) (VZ,5) (ATT,7)
UGA:(UGA,0) (ATT,50) (GSAT,42) (VONA,39) (VZ,47)
VONA:(VONA,0) (VZ,8) (ATT,10) (GSAT,2) (UGA,-40)
VZ:(VZ,0) (ATT,2) (GSAT,-6) (UGA,-49) (VONA,-9)
-----
ATT:(ATT,0) (GSAT,-8) (UGA,-51) (VONA,-11) (VZ,-3)
GSAT:(GSAT,0) (VONA,-3) (UGA,-44) (VZ,5) (ATT,7)
UGA:(UGA,0) (ATT,50) (GSAT,42) (VONA,39) (VZ,47)
VONA:(VONA,0) (VZ,8) (ATT,10) (GSAT,2) (UGA,-41)
VZ:(VZ,0) (ATT,2) (GSAT,-6) (UGA,-49) (VONA,-9)
-----
ATT:(ATT,0) (GSAT,-8) (UGA,-52) (VONA,-11) (VZ,-3)
GSAT:(GSAT,0) (VONA,-3) (UGA,-44) (VZ,5) (ATT,7)
UGA:(UGA,0) (ATT,50) (GSAT,42) (VONA,39) (VZ,47)
VONA:(VONA,0) (VZ,8) (ATT,10) (GSAT,2) (UGA,-41)
VZ:(VZ,0) (ATT,2) (GSAT,-6) (UGA,-49) (VONA,-9)
-----
ATT:(ATT,0) (GSAT,-8) (UGA,-52) (VONA,-11) (VZ,-3)
GSAT:(GSAT,0) (VONA,-3) (UGA,-44) (VZ,5) (ATT,7)
UGA:(UGA,0) (ATT,50) (GSAT,42) (VONA,39) (VZ,47)
VONA:(VONA,0) (VZ,8) (ATT,10) (GSAT,2) (UGA,-41)
VZ:(VZ,0) (ATT,2) (GSAT,-6) (UGA,-50) (VONA,-9)
-----
ATT:(ATT,0) (GSAT,-8) (UGA,-52) (VONA,-11) (VZ,-3)
GSAT:(GSAT,0) (VONA,-3) (UGA,-45) (VZ,5) (ATT,7)
UGA:(UGA,0) (ATT,50) (GSAT,42) (VONA,39) (VZ,47)
VONA:(VONA,0) (VZ,8) (ATT,10) (GSAT,2) (UGA,-42)
VZ:(VZ,0) (ATT,2) (GSAT,-6) (UGA,-50) (VONA,-9)
-----
ATT:(ATT,0) (GSAT,-8) (UGA,-53) (VONA,-11) (VZ,-3)
GSAT:(GSAT,0) (VONA,-3) (UGA,-45) (VZ,5) (ATT,7)
UGA:(UGA,0) (ATT,50) (GSAT,42) (VONA,39) (VZ,47)
VONA:(VONA,0) (VZ,8) (ATT,10) (GSAT,2) (UGA,-42)
VZ:(VZ,0) (ATT,2) (GSAT,-6) (UGA,-50) (VONA,-9)
-----
ATT:(ATT,0) (GSAT,-8) (UGA,-53) (VONA,-11) (VZ,-3)
GSAT:(GSAT,0) (VONA,-3) (UGA,-45) (VZ,5) (ATT,7)
UGA:(UGA,0) (ATT,50) (GSAT,42) (VONA,39) (VZ,47)
VONA:(VONA,0) (VZ,8) (ATT,10) (GSAT,2) (UGA,-42)
VZ:(VZ,0) (ATT,2) (GSAT,-6) (UGA,-51) (VONA,-9)
-----
ATT:(ATT,0) (GSAT,-8) (UGA,-53) (VONA,-11) (VZ,-3)
GSAT:(GSAT,0) (VONA,-3) (UGA,-46) (VZ,5) (ATT,7)
UGA:(UGA,0) (ATT,50) (GSAT,42) (VONA,39) (VZ,47)
VONA:(VONA,0) (VZ,8) (ATT,10) (GSAT,2) (UGA,-43)
VZ:(VZ,0) (ATT,2) (GSAT,-6) (UGA,-51) (VONA,-9)
-----
ATT:(ATT,0) (GSAT,-8) (UGA,-54) (VONA,-11) (VZ,-3)
GSAT:(GSAT,0) (VONA,-3) (UGA,-46) (VZ,5) (ATT,7)
UGA:(UGA,0) (ATT,50) (GSAT,42) (VONA,39) (VZ,47)
VONA:(VONA,0) (VZ,8) (ATT,10) (GSAT,2) (UGA,-43)
VZ:(VZ,0) (ATT,2) (GSAT,-6) (UGA,-51) (VONA,-9)
-----
ATT:(ATT,0) (GSAT,-8) (UGA,-54) (VONA,-11) (VZ,-3)
GSAT:(GSAT,0) (VONA,-3) (UGA,-46) (VZ,5) (ATT,7)
UGA:(UGA,0) (ATT,50) (GSAT,42) (VONA,39) (VZ,47)
VONA:(VONA,0) (VZ,8) (ATT,10) (GSAT,2) (UGA,-43)
VZ:(VZ,0) (ATT,2) (GSAT,-6) (UGA,-52) (VONA,-9)
-----
ATT:(ATT,0) (GSAT,-8) (UGA,-54) (VONA,-11) (VZ,-3)
GSAT:(GSAT,0) (VONA,-3) (UGA,-47) (VZ,5) (ATT,7)
UGA:(UGA,0) (ATT,50) (GSAT,42) (VONA,39) (VZ,47)
VONA:(VONA,0) (VZ,8) (ATT,10) (GSAT,2) (UGA,-44)
VZ:(VZ,0) (ATT,2) (GSAT,-6) (UGA,-52) (VONA,-9)
-----
ATT:(ATT,0) (GSAT,-8) (UGA,-55) (VONA,-11) (VZ,-3)
GSAT:(GSAT,0) (VONA,-3) (UGA,-47) (VZ,5) (ATT,7)
UGA:(UGA,0) (ATT,50) (GSAT,42) (VONA,39) (VZ,47)
VONA:(VONA,0) (VZ,8) (ATT,10) (GSAT,2) (UGA,-44)
VZ:(VZ,0) (ATT,2) (GSAT,-6) (UGA,-52) (VONA,-9)
-----
ATT:(ATT,0) (GSAT,-8) (UGA,-55) (VONA,-11) (VZ,-3)
GSAT:(GSAT,0) (VONA,-3) (UGA,-47) (VZ,5) (ATT,7)
UGA:(UGA,0) (ATT,50) (GSAT,42) (VONA,39) (VZ,47)
VONA:(VONA,0) (VZ,8) (ATT,10) (GSAT,2) (UGA,-44)
VZ:(VZ,0) (ATT,2) (GSAT,-6) (UGA,-53) (VONA,-9)
-----
ATT:(ATT,0) (GSAT,-8) (UGA,-55) (VONA,-11) (VZ,-3)
GSAT:(GSAT,0) (VONA,-3) (UGA,-48) (VZ,5) (ATT,7)
UGA:(UGA,0) (ATT,50) (GSAT,42) (VONA,39) (VZ,47)
VONA:(VONA,0) (VZ,8) (ATT,10) (GSAT,2) (UGA,-45)
VZ:(VZ,0) (ATT,2) (GSAT,-6) (UGA,-53) (VONA,-9)
-----
ATT:(ATT,0) (GSAT,-8) (UGA,-56) (VONA,-11) (VZ,-3)
GSAT:(GSAT,0) (VONA,-3) (UGA,-48) (VZ,5) (ATT,7)
UGA:(UGA,0) (ATT,50) (GSAT,42) (VONA,39) (VZ,47)
VONA:(VONA,0) (VZ,8) (ATT,10) (GSAT,2) (UGA,-45)
VZ:(VZ,0) (ATT,2) (GSAT,-6) (UGA,-53) (VONA,-9)
-----
ATT:(ATT,0) (GSAT,-8) (UGA,-56) (VONA,-11) (VZ,-3)
GSAT:(GSAT,0) (VONA,-3) (UGA,-48) (VZ,5) (ATT,7)
UGA:(UGA,0) (ATT,50) (GSAT,42) (VONA,39) (VZ,47)
VONA:(VONA,0) (VZ,8) (ATT,10) (GSAT,2) (UGA,-45)
VZ:(VZ,0) (ATT,2) (GSAT,-6) (UGA,-54) (VONA,-9)
-----
ATT:(ATT,0) (GSAT,-8) (UGA,-56) (VONA,-11) (VZ,-3)
GSAT:(GSAT,0) (VONA,-3) (UGA,-49) (VZ,5) (ATT,7)
UGA:(UGA,0) (ATT,50) (GSAT,42) (VONA,39) (VZ,47)
VONA:(VONA,0) (VZ,8) (ATT,10) (GSAT,2) (UGA,-46)
VZ:(VZ,0) (ATT,2) (GSAT,-6) (UGA,-54) (VONA,-9)
-----
ATT:(ATT,0) (GSAT,-8) (UGA,-57) (VONA,-11) (VZ,-3)
GSAT:(GSAT,0) (VONA,-3) (UGA,-49) (VZ,5) (ATT,7)
UGA:(UGA,0) (ATT,50) (GSAT,42) (VONA,39) (VZ,47)
VONA:(VONA,0) (VZ,8) (ATT,10) (GSAT,2) (UGA,-46)
VZ:(VZ,0) (ATT,2) (GSAT,-6) (UGA,-54) (VONA,-9)
-----
ATT:(ATT,0) (GSAT,-8) (UGA,-57) (VONA,-11) (VZ,-3)
GSAT:(GSAT,0) (VONA,-3) (UGA,-49) (VZ,5) (ATT,7)
UGA:(UGA,0) (ATT,50) (GSAT,42) (VONA,39) (VZ,47)
VONA:(VONA,0) (VZ,8) (ATT,10) (GSAT,2) (UGA,-46)
VZ:(VZ,0) (ATT,2) (GSAT,-6) (UGA,-55) (VONA,-9)
-----
ATT:(ATT,0) (GSAT,-8) (UGA,-57) (VONA,-11) (VZ,-3)
GSAT:(GSAT,0) (VONA,-3) (UGA,-50) (VZ,5) (ATT,7)
UGA:(UGA,0) (ATT,50) (GSAT,42) (VONA,39) (VZ,47)
VONA:(VONA,0) (VZ,8) (ATT,10) (GSAT,2) (UGA,-47)
VZ:(VZ,0) (ATT,2) (GSAT,-6) (UGA,-55) (VONA,-9)
-----
ATT:(ATT,0) (GSAT,-8) (UGA,-58) (VONA,-11) (VZ,-3)
GSAT:(GSAT,0) (VONA,-3) (UGA,-50) (VZ,5) (ATT,7)
UGA:(UGA,0) (ATT,50) (GSAT,42) (VONA,39) (VZ,47)
VONA:(VONA,0) (VZ,8) (ATT,10) (GSAT,2) (UGA,-47)
VZ:(VZ,0) (ATT,2) (GSAT,-6) (UGA,-55) (VONA,-9)
-----
ATT:(ATT,0) (GSAT,-8) (UGA,-58) (VONA,-11) (VZ,-3)
GSAT:(GSAT,0) (VONA,-3) (UGA,-50) (VZ,5) (ATT,7)
UGA:(UGA,0) (ATT,50) (GSAT,42) (VONA,39) (VZ,47)
VONA:(VONA,0) (VZ,8) (ATT,10) (GSAT,2) (UGA,-47)
VZ:(VZ,0) (ATT,2) (GSAT,-6) (UGA,-56) (VONA,-9)
-----
ATT:(ATT,0) (GSAT,-8) (UGA,-58) (VONA,-11) (VZ,-3)
GSAT:(GSAT,0) (VONA,-3) (UGA,-51) (VZ,5) (ATT,7)
UGA:(UGA,0) (ATT,50) (GSAT,42) (VONA,39) (VZ,47)
VONA:(VONA,0) (VZ,8) (ATT,10) (GSAT,2) (UGA,-48)
VZ:(VZ,0) (ATT,2) (GSAT,-6) (UGA,-56) (VONA,-9)
-----
ATT:(ATT,0) (GSAT,-8) (UGA,-59) (VONA,-11) (VZ,-3)
GSAT:(GSAT,0) (VONA,-3) (UGA,-51) (VZ,5) (ATT,7)
UGA:(UGA,0) (ATT,50) (GSAT,42) (VONA,39) (VZ,47)
VONA:(VONA,0) (VZ,8) (ATT,10) (GSAT,2) (UGA,-48)
VZ:(VZ,0) (ATT,2) (GSAT,-6) (UGA,-56) (VONA,-9)
-----
ATT:(ATT,0) (GSAT,-8) (UGA,-59) (VONA,-11) (VZ,-3)
GSAT:(GSAT,0) (VONA,-3) (UGA,-51) (VZ,5) (ATT,7)
UGA:(UGA,0) (ATT,50) (GSAT,42) (VONA,39) (VZ,47)
VONA:(VONA,0) (VZ,8) (ATT,10) (GSAT,2) (UGA,-48)
VZ:(VZ,0) (ATT,2) (GSAT,-6) (UGA,-57) (VONA,-9)
-----
ATT:(ATT,0) (GSAT,-8) (UGA,-59) (VONA,-11) (VZ,-3)
GSAT:(GSAT,0) (VONA,-3) (UGA,-52) (VZ,5) (ATT,7)
UGA:(UGA,0) (ATT,50) (GSAT,42) (VONA,39) (VZ,47)
VONA:(VONA,0) (VZ,8) (ATT,10) (GSAT,2) (UGA,-49)
VZ:(VZ,0) (ATT,2) (GSAT,-6) (UGA,-57) (VONA,-9)
-----
ATT:(ATT,0) (GSAT,-8) (UGA,-60) (VONA,-11) (VZ,-3)
GSAT:(GSAT,0) (VONA,-3) (UGA,-52) (VZ,5) (ATT,7)
UGA:(UGA,0) (ATT,50) (GSAT,42) (VONA,39) (VZ,47)
VONA:(VONA,0) (VZ,8) (ATT,10) (GSAT,2) (UGA,-49)
VZ:(VZ,0) (ATT,2) (GSAT,-6) (UGA,-57) (VONA,-9)
-----
ATT:(ATT,0) (GSAT,-8) (UGA,-60) (VONA,-11) (VZ,-3)
GSAT:(GSAT,0) (VONA,-3) (UGA,-52) (VZ,5) (ATT,7)
UGA:(UGA,0) (ATT,50) (GSAT,42) (VONA,39) (VZ,47)
VONA:(VONA,0) (VZ,8) (ATT,10) (GSAT,2) (UGA,-49)
VZ:(VZ,0) (ATT,2) (GSAT,-6) (UGA,-58) (VONA,-9)
-----
ATT:(ATT,0) (GSAT,-8) (UGA,-60) (VONA,-11) (VZ,-3)
GSAT:(GSAT,0) (VONA,-3) (UGA,-53) (VZ,5) (ATT,7)
UGA:(UGA,0) (ATT,50) (GSAT,42) (VONA,39) (VZ,47)
VONA:(VONA,0) (VZ,8) (ATT,10) (GSAT,2) (UGA,-50)
VZ:(VZ,0) (ATT,2) (GSAT,-6) (UGA,-58) (VONA,-9)
-----
ATT:(ATT,0) (GSAT,-8) (UGA,-61) (VONA,-11) (VZ,-3)
GSAT:(GSAT,0) (VONA,-3) (UGA,-53) (VZ,5) (ATT,7)
UGA:(UGA,0) (ATT,50) (GSAT,42) (VONA,39) (VZ,47)
VONA:(VONA,0) (VZ,8) (ATT,10) (GSAT,2) (UGA,-50)
VZ:(VZ,0) (ATT,2) (GSAT,-6) (UGA,-58) (VONA,-9)
-----
ATT:(ATT,0) (GSAT,-8) (UGA,-61) (VONA,-11) (VZ,-3)
GSAT:(GSAT,0) (VONA,-3) (UGA,-53) (VZ,5) (ATT,7)
UGA:(UGA,0) (ATT,50) (GSAT,42) (VONA,39) (VZ,47)
VONA:(VONA,0) (VZ,8) (ATT,10) (GSAT,2) (UGA,-50)
VZ:(VZ,0) (ATT,2) (GSAT,-6) (UGA,-59) (VONA,-9)
-----
ATT:(ATT,0) (GSAT,-8) (UGA,-61) (VONA,-11) (VZ,-3)
GSAT:(GSAT,0) (VONA,-3) (UGA,-54) (VZ,5) (ATT,7)
UGA:(UGA,0) (ATT,50) (GSAT,42) (VONA,39) (VZ,47)
VONA:(VONA,0) (VZ,8) (ATT,10) (GSAT,2) (UGA,-51)
VZ:(VZ,0) (ATT,2) (GSAT,-6) (UGA,-59) (VONA,-9)
-----
ATT:(ATT,0) (GSAT,-8) (UGA,-62) (VONA,-11) (VZ,-3)
GSAT:(GSAT,0) (VONA,-3) (UGA,-54) (VZ,5) (ATT,7)
UGA:(UGA,0) (ATT,50) (GSAT,42) (VONA,39) (VZ,47)
VONA:(VONA,0) (VZ,8) (ATT,10) (GSAT,2) (UGA,-51)
VZ:(VZ,0) (ATT,2) (GSAT,-6) (UGA,-59) (VONA,-9)
-----
ATT:(ATT,0) (GSAT,-8) (UGA,-62) (VONA,-11) (VZ,-3)
GSAT:(GSAT,0) (VONA,-3) (UGA,-54) (VZ,5) (ATT,7)
UGA:(UGA,0) (ATT,50) (GSAT,42) (VONA,39) (VZ,47)
VONA:(VONA,0) (VZ,8) (ATT,10) (GSAT,2) (UGA,-51)
VZ:(VZ,0) (ATT,2) (GSAT,-6) (UGA,-60) (VONA,-9)
-----
ATT:(ATT,0) (GSAT,-8) (UGA,-62) (VONA,-11) (VZ,-3)
GSAT:(GSAT,0) (VONA,-3) (UGA,-55) (VZ,5) (ATT,7)
UGA:(UGA,0) (ATT,50) (GSAT,42) (VONA,39) (VZ,47)
VONA:(VONA,0) (VZ,8) (ATT,10) (GSAT,2) (UGA,-52)
VZ:(VZ,0) (ATT,2) (GSAT,-6) (UGA,-60) (VONA,-9)
-----
ATT:(ATT,0) (GSAT,-8) (UGA,-63) (VONA,-11) (VZ,-3)
GSAT:(GSAT,0) (VONA,-3) (UGA,-55) (VZ,5) (ATT,7)
UGA:(UGA,0) (ATT,50) (GSAT,42) (VONA,39) (VZ,47)
VONA:(VONA,0) (VZ,8) (ATT,10) (GSAT,2) (UGA,-52)
VZ:(VZ,0) (ATT,2) (GSAT,-6) (UGA,-60) (VONA,-9)
-----
ATT:(ATT,0) (GSAT,-8) (UGA,-63) (VONA,-11) (VZ,-3)
GSAT:(GSAT,0) (VONA,-3) (UGA,-55) (VZ,5) (ATT,7)
UGA:(UGA,0) (ATT,50) (GSAT,42) (VONA,39) (VZ,47)
VONA:(VONA,0) (VZ,8) (ATT,10) (GSAT,2) (UGA,-52)
VZ:(VZ,0) (ATT,2) (GSAT,-6) (UGA,-61) (VONA,-9)
-----
ATT:(ATT,0) (GSAT,-8) (UGA,-63) (VONA,-11) (VZ,-3)
GSAT:(GSAT,0) (VONA,-3) (UGA,-56) (VZ,5) (ATT,7)
UGA:(UGA,0) (ATT,50) (GSAT,42) (VONA,39) (VZ,47)
VONA:(VONA,0) (VZ,8) (ATT,10) (GSAT,2) (UGA,-53)
VZ:(VZ,0) (ATT,2) (GSAT,-6) (UGA,-61) (VONA,-9)
-----
ATT:(ATT,0) (GSAT,-8) (UGA,-64) (VONA,-11) (VZ,-3)
GSAT:(GSAT,0) (VONA,-3) (UGA,-56) (VZ,5) (ATT,7)
UGA:(UGA,0) (ATT,50) (GSAT,42) (VONA,39) (VZ,47)
VONA:(VONA,0) (VZ,8) (ATT,10) (GSAT,2) (UGA,-53)
VZ:(VZ,0) (ATT,2) (GSAT,-6) (UGA,-61) (VONA,-9)
-----
ATT:(ATT,0) (GSAT,-8) (UGA,-64) (VONA,-11) (VZ,-3)
GSAT:(GSAT,0) (VONA,-3) (UGA,-56) (VZ,5) (ATT,7)
UGA:(UGA,0) (ATT,50) (GSAT,42) (VONA,39) (VZ,47)
VONA:(VONA,0) (VZ,8) (ATT,10) (GSAT,2) (UGA,-53)
VZ:(VZ,0) (ATT,2) (GSAT,-6) (UGA,-62) (VONA,-9)
-----
ATT:(ATT,0) (GSAT,-8) (UGA,-64) (VONA,-11) (VZ,-3)
GSAT:(GSAT,0) (VONA,-3) (UGA,-57) (VZ,5) (ATT,7)
UGA:(UGA,0) (ATT,50) (GSAT,42) (VONA,39) (VZ,47)
VONA:(VONA,0) (VZ,8) (ATT,10) (GSAT,2) (UGA,-54)
VZ:(VZ,0) (ATT,2) (GSAT,-6) (UGA,-62) (VONA,-9)
-----
ATT:(ATT,0) (GSAT,-8) (UGA,-65) (VONA,-11) (VZ,-3)
GSAT:(GSAT,0) (VONA,-3) (UGA,-57) (VZ,5) (ATT,7)
UGA:(UGA,0) (ATT,50) (GSAT,42) (VONA,39) (VZ,47)
VONA:(VONA,0) (VZ,8) (ATT,10) (GSAT,2) (UGA,-54)
VZ:(VZ,0) (ATT,2) (GSAT,-6) (UGA,-62) (VONA,-9)
-----
ATT:(ATT,0) (GSAT,-8) (UGA,-65) (VONA,-11) (VZ,-3)
GSAT:(GSAT,0) (VONA,-3) (UGA,-57) (VZ,5) (ATT,7)
UGA:(UGA,0) (ATT,50) (GSAT,42) (VONA,39) (VZ,47)
VONA:(VONA,0) (VZ,8) (ATT,10) (GSAT,2) (UGA,-54)
VZ:(VZ,0) (ATT,2) (GSAT,-6) (UGA,-63) (VONA,-9)
-----
ATT:(ATT,0) (GSAT,-8) (UGA,-65) (VONA,-11) (VZ,-3)
GSAT:(GSAT,0) (VONA,-3) (UGA,-58) (VZ,5) (ATT,7)
UGA:(UGA,0) (ATT,50) (GSAT,42) (VONA,39) (VZ,47)
VONA:(VONA,0) (VZ,8) (ATT,10) (GSAT,2) (UGA,-55)
VZ:(VZ,0) (ATT,2) (GSAT,-6) (UGA,-63) (VONA,-9)
-----
ATT:(ATT,0) (GSAT,-8) (UGA,-66) (VONA,-11) (VZ,-3)
GSAT:(GSAT,0) (VONA,-3) (UGA,-58) (VZ,5) (ATT,7)
UGA:(UGA,0) (ATT,50) (GSAT,42) (VONA,39) (VZ,47)
VONA:(VONA,0) (VZ,8) (ATT,10) (GSAT,2) (UGA,-55)
VZ:(VZ,0) (ATT,2) (GSAT,-6) (UGA,-63) (VONA,-9)
-----
ATT:(ATT,0) (GSAT,-8) (UGA,-66) (VONA,-11) (VZ,-3)
GSAT:(GSAT,0) (VONA,-3) (UGA,-58) (VZ,5) (ATT,7)
UGA:(UGA,0) (ATT,50) (GSAT,42) (VONA,39) (VZ,47)
VONA:(VONA,0) (VZ,8) (ATT,10) (GSAT,2) (UGA,-55)
VZ:(VZ,0) (ATT,2) (GSAT,-6) (UGA,-64) (VONA,-9)
-----
ATT:(ATT,0) (GSAT,-8) (UGA,-66) (VONA,-11) (VZ,-3)
GSAT:(GSAT,0) (VONA,-3) (UGA,-59) (VZ,5) (ATT,7)
UGA:(UGA,0) (ATT,50) (GSAT,42) (VONA,39) (VZ,47)
VONA:(VONA,0) (VZ,8) (ATT,10) (GSAT,2) (UGA,-56)
VZ:(VZ,0) (ATT,2) (GSAT,-6) (UGA,-64) (VONA,-9)
-----
ATT:(ATT,0) (GSAT,-8) (UGA,-67) (VONA,-11) (VZ,-3)
GSAT:(GSAT,0) (VONA,-3) (UGA,-59) (VZ,5) (ATT,7)
UGA:(UGA,0) (ATT,50) (GSAT,42) (VONA,39) (VZ,47)
VONA:(VONA,0) (VZ,8) (ATT,10) (GSAT,2) (UGA,-56)
VZ:(VZ,0) (ATT,2) (GSAT,-6) (UGA,-64) (VONA,-9)
-----
ATT:(ATT,0) (GSAT,-8) (UGA,-67) (VONA,-11) (VZ,-3)
GSAT:(GSAT,0) (VONA,-3) (UGA,-59) (VZ,5) (ATT,7)
UGA:(UGA,0) (ATT,50) (GSAT,42) (VONA,39) (VZ,47)
VONA:(VONA,0) (VZ,8) (ATT,10) (GSAT,2) (UGA,-56)
VZ:(VZ,0) (ATT,2) (GSAT,-6) (UGA,-65) (VONA,-9)
-----
ATT:(ATT,0) (GSAT,-8) (UGA,-67) (VONA,-11) (VZ,-3)
GSAT:(GSAT,0) (VONA,-3) (UGA,-60) (VZ,5) (ATT,7)
UGA:(UGA,0) (ATT,50) (GSAT,42) (VONA,39) (VZ,47)
VONA:(VONA,0) (VZ,8) (ATT,10) (GSAT,2) (UGA,-57)
VZ:(VZ,0) (ATT,2) (GSAT,-6) (UGA,-65) (VONA,-9)
-----
ATT:(ATT,0) (GSAT,-8) (UGA,-68) (VONA,-11) (VZ,-3)
GSAT:(GSAT,0) (VONA,-3) (UGA,-60) (VZ,5) (ATT,7)
UGA:(UGA,0) (ATT,50) (GSAT,42) (VONA,39) (VZ,47)
VONA:(VONA,0) (VZ,8) (ATT,10) (GSAT,2) (UGA,-57)
VZ:(VZ,0) (ATT,2) (GSAT,-6) (UGA,-65) (VONA,-9)
-----
ATT:(ATT,0) (GSAT,-8) (UGA,-68) (VONA,-11) (VZ,-3)
GSAT:(GSAT,0) (VONA,-3) (UGA,-60) (VZ,5) (ATT,7)
UGA:(UGA,0) (ATT,50) (GSAT,42) (VONA,39) (VZ,47)
VONA:(VONA,0) (VZ,8) (ATT,10) (GSAT,2) (UGA,-57)
VZ:(VZ,0) (ATT,2) (GSAT,-6) (UGA,-66) (VONA,-9)
-----
ATT:(ATT,0) (GSAT,-8) (UGA,-68) (VONA,-11) (VZ,-3)
GSAT:(GSAT,0) (VONA,-3) (UGA,-61) (VZ,5) (ATT,7)
UGA:(UGA,0) (ATT,50) (GSAT,42) (VONA,39) (VZ,47)
VONA:(VONA,0) (VZ,8) (ATT,10) (GSAT,2) (UGA,-58)
VZ:(VZ,0) (ATT,2) (GSAT,-6) (UGA,-66) (VONA,-9)
-----
ATT:(ATT,0) (GSAT,-8) (UGA,-69) (VONA,-11) (VZ,-3)
GSAT:(GSAT,0) (VONA,-3) (UGA,-61) (VZ,5) (ATT,7)
UGA:(UGA,0) (ATT,50) (GSAT,42) (VONA,39) (VZ,47)
VONA:(VONA,0) (VZ,8) (ATT,10) (GSAT,2) (UGA,-58)
VZ:(VZ,0) (ATT,2) (GSAT,-6) (UGA,-66) (VONA,-9)
-----
ATT:(ATT,0) (GSAT,-8) (UGA,-69) (VONA,-11) (VZ,-3)
GSAT:(GSAT,0) (VONA,-3) (UGA,-61) (VZ,5) (ATT,7)
UGA:(UGA,0) (ATT,50) (GSAT,42) (VONA,39) (VZ,47)
VONA:(VONA,0) (VZ,8) (ATT,10) (GSAT,2) (UGA,-58)
VZ:(VZ,0) (ATT,2) (GSAT,-6) (UGA,-67) (VONA,-9)
-----
ATT:(ATT,0) (GSAT,-8) (UGA,-69) (VONA,-11) (VZ,-3)
GSAT:(GSAT,0) (VONA,-3) (UGA,-62) (VZ,5) (ATT,7)
UGA:(UGA,0) (ATT,50) (GSAT,42) (VONA,39) (VZ,47)
VONA:(VONA,0) (VZ,8) (ATT,10) (GSAT,2) (UGA,-59)
VZ:(VZ,0) (ATT,2) (GSAT,-6) (UGA,-67) (VONA,-9)
-----
ATT:(ATT,0) (GSAT,-8) (UGA,-70) (VONA,-11) (VZ,-3)
GSAT:(GSAT,0) (VONA,-3) (UGA,-62) (VZ,5) (ATT,7)
UGA:(UGA,0) (ATT,50) (GSAT,42) (VONA,39) (VZ,47)
VONA:(VONA,0) (VZ,8) (ATT,10) (GSAT,2) (UGA,-59)
VZ:(VZ,0) (ATT,2) (GSAT,-6) (UGA,-67) (VONA,-9)
-----
ATT:(ATT,0) (GSAT,-8) (UGA,-70) (VONA,-11) (VZ,-3)
GSAT:(GSAT,0) (VONA,-3) (UGA,-62) (VZ,5) (ATT,7)
UGA:(UGA,0) (ATT,50) (GSAT,42) (VONA,39) (VZ,47)
VONA:(VONA,0) (VZ,8) (ATT,10) (GSAT,2) (UGA,-59)
VZ:(VZ,0) (ATT,2) (GSAT,-6) (UGA,-68) (VONA,-9)
-----
ATT:(ATT,0) (GSAT,-8) (UGA,-70) (VONA,-11) (VZ,-3)
GSAT:(GSAT,0) (VONA,-3) (UGA,-63) (VZ,5) (ATT,7)
UGA:(UGA,0) (ATT,50) (GSAT,42) (VONA,39) (VZ,47)
VONA:(VONA,0) (VZ,8) (ATT,10) (GSAT,2) (UGA,-60)
VZ:(VZ,0) (ATT,2) (GSAT,-6) (UGA,-68) (VONA,-9)
-----
ATT:(ATT,0) (GSAT,-8) (UGA,-71) (VONA,-11) (VZ,-3)
GSAT:(GSAT,0) (VONA,-3) (UGA,-63) (VZ,5) (ATT,7)
UGA:(UGA,0) (ATT,50) (GSAT,42) (VONA,39) (VZ,47)
VONA:(VONA,0) (VZ,8) (ATT,10) (GSAT,2) (UGA,-60)
VZ:(VZ,0) (ATT,2) (GSAT,-6) (UGA,-68) (VONA,-9)
-----
ATT:(ATT,0) (GSAT,-8) (UGA,-71) (VONA,-11) (VZ,-3)
GSAT:(GSAT,0) (VONA,-3) (UGA,-63) (VZ,5) (ATT,7)
UGA:(UGA,0) (ATT,50) (GSAT,42) (VONA,39) (VZ,47)
VONA:(VONA,0) (VZ,8) (ATT,10) (GSAT,2) (UGA,-60)
VZ:(VZ,0) (ATT,2) (GSAT,-6) (UGA,-69) (VONA,-9)
-----
ATT:(ATT,0) (GSAT,-8) (UGA,-71) (VONA,-11) (VZ,-3)
GSAT:(GSAT,0) (VONA,-3) (UGA,-64) (VZ,5) (ATT,7)
UGA:(UGA,0) (ATT,50) (GSAT,42) (VONA,39) (VZ,47)
VONA:(VONA,0) (VZ,8) (ATT,10) (GSAT,2) (UGA,-61)
VZ:(VZ,0) (ATT,2) (GSAT,-6) (UGA,-69) (VONA,-9)
-----
ATT:(ATT,0) (GSAT,-8) (UGA,-72) (VONA,-11) (VZ,-3)
GSAT:(GSAT,0) (VONA,-3) (UGA,-64) (VZ,5) (ATT,7)
UGA:(UGA,0) (ATT,50) (GSAT,42) (VONA,39) (VZ,47)
VONA:(VONA,0) (VZ,8) (ATT,10) (GSAT,2) (UGA,-61)
VZ:(VZ,0) (ATT,2) (GSAT,-6) (UGA,-69) (VONA,-9)
-----
ATT:(ATT,0) (GSAT,-8) (UGA,-72) (VONA,-11) (VZ,-3)
GSAT:(GSAT,0) (VONA,-3) (UGA,-64) (VZ,5) (ATT,7)
UGA:(UGA,0) (ATT,50) (GSAT,42) (VONA,39) (VZ,47)
VONA:(VONA,0) (VZ,8) (ATT,10) (GSAT,2) (UGA,-61)
VZ:(VZ,0) (ATT,2) (GSAT,-6) (UGA,-70) (VONA,-9)
-----
ATT:(ATT,0) (GSAT,-8) (UGA,-72) (VONA,-11) (VZ,-3)
GSAT:(GSAT,0) (VONA,-3) (UGA,-65) (VZ,5) (ATT,7)
UGA:(UGA,0) (ATT,50) (GSAT,42) (VONA,39) (VZ,47)
VONA:(VONA,0) (VZ,8) (ATT,10) (GSAT,2) (UGA,-62)
VZ:(VZ,0) (ATT,2) (GSAT,-6) (UGA,-70) (VONA,-9)
-----
ATT:(ATT,0) (GSAT,-8) (UGA,-73) (VONA,-11) (VZ,-3)
GSAT:(GSAT,0) (VONA,-3) (UGA,-65) (VZ,5) (ATT,7)
UGA:(UGA,0) (ATT,50) (GSAT,42) (VONA,39) (VZ,47)
VONA:(VONA,0) (VZ,8) (ATT,10) (GSAT,2) (UGA,-62)
VZ:(VZ,0) (ATT,2) (GSAT,-6) (UGA,-70) (VONA,-9)
-----
ATT:(ATT,0) (GSAT,-8) (UGA,-73) (VONA,-11) (VZ,-3)
GSAT:(GSAT,0) (VONA,-3) (UGA,-65) (VZ,5) (ATT,7)
UGA:(UGA,0) (ATT,50) (GSAT,42) (VONA,39) (VZ,47)
VONA:(VONA,0) (VZ,8) (ATT,10) (GSAT,2) (UGA,-62)
VZ:(VZ,0) (ATT,2) (GSAT,-6) (UGA,-71) (VONA,-9)
-----
ATT:(ATT,0) (GSAT,-8) (UGA,-73) (VONA,-11) (VZ,-3)
GSAT:(GSAT,0) (VONA,-3) (UGA,-66) (VZ,5) (ATT,7)
UGA:(UGA,0) (ATT,50) (GSAT,42) (VONA,39) (VZ,47)
VONA:(VONA,0) (VZ,8) (ATT,10) (GSAT,2) (UGA,-63)
VZ:(VZ,0) (ATT,2) (GSAT,-6) (UGA,-71) (VONA,-9)
-----
ATT:(ATT,0) (GSAT,-8) (UGA,-74) (VONA,-11) (VZ,-3)
GSAT:(GSAT,0) (VONA,-3) (UGA,-66) (VZ,5) (ATT,7)
UGA:(UGA,0) (ATT,50) (GSAT,42) (VONA,39) (VZ,47)
VONA:(VONA,0) (VZ,8) (ATT,10) (GSAT,2) (UGA,-63)
VZ:(VZ,0) (ATT,2) (GSAT,-6) (UGA,-71) (VONA,-9)
-----
ATT:(ATT,0) (GSAT,-8) (UGA,-74) (VONA,-11) (VZ,-3)
GSAT:(GSAT,0) (VONA,-3) (UGA,-66) (VZ,5) (ATT,7)
UGA:(UGA,0) (ATT,50) (GSAT,42) (VONA,39) (VZ,47)
VONA:(VONA,0) (VZ,8) (ATT,10) (GSAT,2) (UGA,-63)
VZ:(VZ,0) (ATT,2) (GSAT,-6) (UGA,-72) (VONA,-9)
-----
ATT:(ATT,0) (GSAT,-8) (UGA,-74) (VONA,-11) (VZ,-3)
GSAT:(GSAT,0) (VONA,-3) (UGA,-67) (VZ,5) (ATT,7)
UGA:(UGA,0) (ATT,50) (GSAT,42) (VONA,39) (VZ,47)
VONA:(VONA,0) (VZ,8) (ATT,10) (GSAT,2) (UGA,-64)
VZ:(VZ,0) (ATT,2) (GSAT,-6) (UGA,-72) (VONA,-9)
-----
ATT:(ATT,0) (GSAT,-8) (UGA,-75) (VONA,-11) (VZ,-3)
GSAT:(GSAT,0) (VONA,-3) (UGA,-67) (VZ,5) (ATT,7)
UGA:(UGA,0) (ATT,50) (GSAT,42) (VONA,39) (VZ,47)
VONA:(VONA,0) (VZ,8) (ATT,10) (GSAT,2) (UGA,-64)
VZ:(VZ,0) (ATT,2) (GSAT,-6) (UGA,-72) (VONA,-9)
-----
ATT:(ATT,0) (GSAT,-8) (UGA,-75) (VONA,-11) (VZ,-3)
GSAT:(GSAT,0) (VONA,-3) (UGA,-67) (VZ,5) (ATT,7)
UGA:(UGA,0) (ATT,50) (GSAT,42) (VONA,39) (VZ,47)
VONA:(VONA,0) (VZ,8) (ATT,10) (GSAT,2) (UGA,-64)
VZ:(VZ,0) (ATT,2) (GSAT,-6) (UGA,-73) (VONA,-9)
-----
ATT:(ATT,0) (GSAT,-8) (UGA,-75) (VONA,-11) (VZ,-3)
GSAT:(GSAT,0) (VONA,-3) (UGA,-68) (VZ,5) (ATT,7)
UGA:(UGA,0) (ATT,50) (GSAT,42) (VONA,39) (VZ,47)
VONA:(VONA,0) (VZ,8) (ATT,10) (GSAT,2) (UGA,-65)
VZ:(VZ,0) (ATT,2) (GSAT,-6) (UGA,-73) (VONA,-9)
-----
ATT:(ATT,0) (GSAT,-8) (UGA,-76) (VONA,-11) (VZ,-3)
GSAT:(GSAT,0) (VONA,-3) (UGA,-68) (VZ,5) (ATT,7)
UGA:(UGA,0) (ATT,50) (GSAT,42) (VONA,39) (VZ,47)
VONA:(VONA,0) (VZ,8) (ATT,10) (GSAT,2) (UGA,-65)
VZ:(VZ,0) (ATT,2) (GSAT,-6) (UGA,-73) (VONA,-9)
-----
ATT:(ATT,0) (GSAT,-8) (UGA,-76) (VONA,-11) (VZ,-3)
GSAT:(GSAT,0) (VONA,-3) (UGA,-68) (VZ,5) (ATT,7)
UGA:(UGA,0) (ATT,50) (GSAT,42) (VONA,39) (VZ,47)
VONA:(VONA,0) (VZ,8) (ATT,10) (GSAT,2) (UGA,-65)
VZ:(VZ,0) (ATT,2) (GSAT,-6) (UGA,-74) (VONA,-9)
-----
ATT:(ATT,0) (GSAT,-8) (UGA,-76) (VONA,-11) (VZ,-3)
GSAT:(GSAT,0) (VONA,-3) (UGA,-69) (VZ,5) (ATT,7)
UGA:(UGA,0) (ATT,50) (GSAT,42) (VONA,39) (VZ,47)
VONA:(VONA,0) (VZ,8) (ATT,10) (GSAT,2) (UGA,-66)
VZ:(VZ,0) (ATT,2) (GSAT,-6) (UGA,-74) (VONA,-9)
-----
ATT:(ATT,0) (GSAT,-8) (UGA,-77) (VONA,-11) (VZ,-3)
GSAT:(GSAT,0) (VONA,-3) (UGA,-69) (VZ,5) (ATT,7)
UGA:(UGA,0) (ATT,50) (GSAT,42) (VONA,39) (VZ,47)
VONA:(VONA,0) (VZ,8) (ATT,10) (GSAT,2) (UGA,-66)
VZ:(VZ,0) (ATT,2) (GSAT,-6) (UGA,-74) (VONA,-9)
-----
ATT:(ATT,0) (GSAT,-8) (UGA,-77) (VONA,-11) (VZ,-3)
GSAT:(GSAT,0) (VONA,-3) (UGA,-69) (VZ,5) (ATT,7)
UGA:(UGA,0) (ATT,50) (GSAT,42) (VONA,39) (VZ,47)
VONA:(VONA,0) (VZ,8) (ATT,10) (GSAT,2) (UGA,-66)
VZ:(VZ,0) (ATT,2) (GSAT,-6) (UGA,-75) (VONA,-9)
-----
ATT:(ATT,0) (GSAT,-8) (UGA,-77) (VONA,-11) (VZ,-3)
GSAT:(GSAT,0) (VONA,-3) (UGA,-70) (VZ,5) (ATT,7)
UGA:(UGA,0) (ATT,50) (GSAT,42) (VONA,39) (VZ,47)
VONA:(VONA,0) (VZ,8) (ATT,10) (GSAT,2) (UGA,-67)
VZ:(VZ,0) (ATT,2) (GSAT,-6) (UGA,-75) (VONA,-9)
-----
ATT:(ATT,0) (GSAT,-8) (UGA,-78) (VONA,-11) (VZ,-3)
GSAT:(GSAT,0) (VONA,-3) (UGA,-70) (VZ,5) (ATT,7)
UGA:(UGA,0) (ATT,50) (GSAT,42) (VONA,39) (VZ,47)
VONA:(VONA,0) (VZ,8) (ATT,10) (GSAT,2) (UGA,-67)
VZ:(VZ,0) (ATT,2) (GSAT,-6) (UGA,-75) (VONA,-9)
-----
ATT:(ATT,0) (GSAT,-8) (UGA,-78) (VONA,-11) (VZ,-3)
GSAT:(GSAT,0) (VONA,-3) (UGA,-70) (VZ,5) (ATT,7)
UGA:(UGA,0) (ATT,50) (GSAT,42) (VONA,39) (VZ,47)
VONA:(VONA,0) (VZ,8) (ATT,10) (GSAT,2) (UGA,-67)
VZ:(VZ,0) (ATT,2) (GSAT,-6) (UGA,-76) (VONA,-9)
-----
ATT:(ATT,0) (GSAT,-8) (UGA,-78) (VONA,-11) (VZ,-3)
GSAT:(GSAT,0) (VONA,-3) (UGA,-71) (VZ,5) (ATT,7)
UGA:(UGA,0) (ATT,50) (GSAT,42) (VONA,39) (VZ,47)
VONA:(VONA,0) (VZ,8) (ATT,10) (GSAT,2) (UGA,-68)
VZ:(VZ,0) (ATT,2) (GSAT,-6) (UGA,-76) (VONA,-9)
-----
ATT:(ATT,0) (GSAT,-8) (UGA,-79) (VONA,-11) (VZ,-3)
GSAT:(GSAT,0) (VONA,-3) (UGA,-71) (VZ,5) (ATT,7)
UGA:(UGA,0) (ATT,50) (GSAT,42) (VONA,39) (VZ,47)
VONA:(VONA,0) (VZ,8) (ATT,10) (GSAT,2) (UGA,-68)
VZ:(VZ,0) (ATT,2) (GSAT,-6) (UGA,-76) (VONA,-9)
-----
ATT:(ATT,0) (GSAT,-8) (UGA,-79) (VONA,-11) (VZ,-3)
GSAT:(GSAT,0) (VONA,-3) (UGA,-71) (VZ,5) (ATT,7)
UGA:(UGA,0) (ATT,50) (GSAT,42) (VONA,39) (VZ,47)
VONA:(VONA,0) (VZ,8) (ATT,10) (GSAT,2) (UGA,-68)
VZ:(VZ,0) (ATT,2) (GSAT,-6) (UGA,-77) (VONA,-9)
-----
ATT:(ATT,0) (GSAT,-8) (UGA,-79) (VONA,-11) (VZ,-3)
GSAT:(GSAT,0) (VONA,-3) (UGA,-72) (VZ,5) (ATT,7)
UGA:(UGA,0) (ATT,50) (GSAT,42) (VONA,39) (VZ,47)
VONA:(VONA,0) (VZ,8) (ATT,10) (GSAT,2) (UGA,-69)
VZ:(VZ,0) (ATT,2) (GSAT,-6) (UGA,-77) (VONA,-9)
-----
ATT:(ATT,0) (GSAT,-8) (UGA,-80) (VONA,-11) (VZ,-3)
GSAT:(GSAT,0) (VONA,-3) (UGA,-72) (VZ,5) (ATT,7)
UGA:(UGA,0) (ATT,50) (GSAT,42) (VONA,39) (VZ,47)
VONA:(VONA,0) (VZ,8) (ATT,10) (GSAT,2) (UGA,-69)
VZ:(VZ,0) (ATT,2) (GSAT,-6) (UGA,-77) (VONA,-9)
-----
ATT:(ATT,0) (GSAT,-8) (UGA,-80) (VONA,-11) (VZ,-3)
GSAT:(GSAT,0) (VONA,-3) (UGA,-72) (VZ,5) (ATT,7)
UGA:(UGA,0) (ATT,50) (GSAT,42) (VONA,39) (VZ,47)
VONA:(VONA,0) (VZ,8) (ATT,10) (GSAT,2) (UGA,-69)
VZ:(VZ,0) (ATT,2) (GSAT,-6) (UGA,-78) (VONA,-9)
-----
ATT:(ATT,0) (GSAT,-8) (UGA,-80) (VONA,-11) (VZ,-3)
GSAT:(GSAT,0) (VONA,-3) (UGA,-73) (VZ,5) (ATT,7)
UGA:(UGA,0) (ATT,50) (GSAT,42) (VONA,39) (VZ,47)
VONA:(VONA,0) (VZ,8) (ATT,10) (GSAT,2) (UGA,-70)
VZ:(VZ,0) (ATT,2) (GSAT,-6) (UGA,-78) (VONA,-9)
-----
ATT:(ATT,0) (GSAT,-8) (UGA,-81) (VONA,-11) (VZ,-3)
GSAT:(GSAT,0) (VONA,-3) (UGA,-73) (VZ,5) (ATT,7)
UGA:(UGA,0) (ATT,50) (GSAT,42) (VONA,39) (VZ,47)
VONA:(VONA,0) (VZ,8) (ATT,10) (GSAT,2) (UGA,-70)
VZ:(VZ,0) (ATT,2) (GSAT,-6) (UGA,-78) (VONA,-9)
-----
ATT:(ATT,0) (GSAT,-8) (UGA,-81) (VONA,-11) (VZ,-3)
GSAT:(GSAT,0) (VONA,-3) (UGA,-73) (VZ,5) (ATT,7)
UGA:(UGA,0) (ATT,50) (GSAT,42) (VONA,39) (VZ,47)
VONA:(VONA,0) (VZ,8) (ATT,10) (GSAT,2) (UGA,-70)
VZ:(VZ,0) (ATT,2) (GSAT,-6) (UGA,-79) (VONA,-9)
-----
ATT:(ATT,0) (GSAT,-8) (UGA,-81) (VONA,-11) (VZ,-3)
GSAT:(GSAT,0) (VONA,-3) (UGA,-74) (VZ,5) (ATT,7)
UGA:(UGA,0) (ATT,50) (GSAT,42) (VONA,39) (VZ,47)
VONA:(VONA,0) (VZ,8) (ATT,10) (GSAT,2) (UGA,-71)
VZ:(VZ,0) (ATT,2) (GSAT,-6) (UGA,-79) (VONA,-9)
-----
ATT:(ATT,0) (GSAT,-8) (UGA,-82) (VONA,-11) (VZ,-3)
GSAT:(GSAT,0) (VONA,-3) (UGA,-74) (VZ,5) (ATT,7)
UGA:(UGA,0) (ATT,50) (GSAT,42) (VONA,39) (VZ,47)
VONA:(VONA,0) (VZ,8) (ATT,10) (GSAT,2) (UGA,-71)
VZ:(VZ,0) (ATT,2) (GSAT,-6) (UGA,-79) (VONA,-9)
-----
ATT:(ATT,0) (GSAT,-8) (UGA,-82) (VONA,-11) (VZ,-3)
GSAT:(GSAT,0) (VONA,-3) (UGA,-74) (VZ,5) (ATT,7)
UGA:(UGA,0) (ATT,50) (GSAT,42) (VONA,39) (VZ,47)
VONA:(VONA,0) (VZ,8) (ATT,10) (GSAT,2) (UGA,-71)
VZ:(VZ,0) (ATT,2) (GSAT,-6) (UGA,-80) (VONA,-9)
-----
ATT:(ATT,0) (GSAT,-8) (UGA,-82) (VONA,-11) (VZ,-3)
GSAT:(GSAT,0) (VONA,-3) (UGA,-75) (VZ,5) (ATT,7)
UGA:(UGA,0) (ATT,50) (GSAT,42) (VONA,39) (VZ,47)
VONA:(VONA,0) (VZ,8) (ATT,10) (GSAT,2) (UGA,-72)
VZ:(VZ,0) (ATT,2) (GSAT,-6) (UGA,-80) (VONA,-9)
-----
ATT:(ATT,0) (GSAT,-8) (UGA,-83) (VONA,-11) (VZ,-3)
GSAT:(GSAT,0) (VONA,-3) (UGA,-75) (VZ,5) (ATT,7)
UGA:(UGA,0) (ATT,50) (GSAT,42) (VONA,39) (VZ,47)
VONA:(VONA,0) (VZ,8) (ATT,10) (GSAT,2) (UGA,-72)
VZ:(VZ,0) (ATT,2) (GSAT,-6) (UGA,-80) (VONA,-9)
-----
ATT:(ATT,0) (GSAT,-8) (UGA,-83) (VONA,-11) (VZ,-3)
GSAT:(GSAT,0) (VONA,-3) (UGA,-75) (VZ,5) (ATT,7)
UGA:(UGA,0) (ATT,50) (GSAT,42) (VONA,39) (VZ,47)
VONA:(VONA,0) (VZ,8) (ATT,10) (GSAT,2) (UGA,-72)
VZ:(VZ,0) (ATT,2) (GSAT,-6) (UGA,-81) (VONA,-9)
-----
ATT:(ATT,0) (GSAT,-8) (UGA,-83) (VONA,-11) (VZ,-3)
GSAT:(GSAT,0) (VONA,-3) (UGA,-76) (VZ,5) (ATT,7)
UGA:(UGA,0) (ATT,50) (GSAT,42) (VONA,39) (VZ,47)
VONA:(VONA,0) (VZ,8) (ATT,10) (GSAT,2) (UGA,-73)
VZ:(VZ,0) (ATT,2) (GSAT,-6) (UGA,-81) (VONA,-9)
-----
ATT:(ATT,0) (GSAT,-8) (UGA,-84) (VONA,-11) (VZ,-3)
GSAT:(GSAT,0) (VONA,-3) (UGA,-76) (VZ,5) (ATT,7)
UGA:(UGA,0) (ATT,50) (GSAT,42) (VONA,39) (VZ,47)
VONA:(VONA,0) (VZ,8) (ATT,10) (GSAT,2) (UGA,-73)
VZ:(VZ,0) (ATT,2) (GSAT,-6) (UGA,-81) (VONA,-9)
-----
ATT:(ATT,0) (GSAT,-8) (UGA,-84) (VONA,-11) (VZ,-3)
GSAT:(GSAT,0) (VONA,-3) (UGA,-76) (VZ,5) (ATT,7)
UGA:(UGA,0) (ATT,50) (GSAT,42) (VONA,39) (VZ,47)
VONA:(VONA,0) (VZ,8) (ATT,10) (GSAT,2) (UGA,-73)
VZ:(VZ,0) (ATT,2) (GSAT,-6) (UGA,-82) (VONA,-9)
-----
ATT:(ATT,0) (GSAT,-8) (UGA,-84) (VONA,-11) (VZ,-3)
GSAT:(GSAT,0) (VONA,-3) (UGA,-77) (VZ,5) (ATT,7)
UGA:(UGA,0) (ATT,50) (GSAT,42) (VONA,39) (VZ,47)
VONA:(VONA,0) (VZ,8) (ATT,10) (GSAT,2) (UGA,-74)
VZ:(VZ,0) (ATT,2) (GSAT,-6) (UGA,-82) (VONA,-9)
-----
ATT:(ATT,0) (GSAT,-8) (UGA,-85) (VONA,-11) (VZ,-3)
GSAT:(GSAT,0) (VONA,-3) (UGA,-77) (VZ,5) (ATT,7)
UGA:(UGA,0) (ATT,50) (GSAT,42) (VONA,39) (VZ,47)
VONA:(VONA,0) (VZ,8) (ATT,10) (GSAT,2) (UGA,-74)
VZ:(VZ,0) (ATT,2) (GSAT,-6) (UGA,-82) (VONA,-9)
-----
ATT:(ATT,0) (GSAT,-8) (UGA,-85) (VONA,-11) (VZ,-3)
GSAT:(GSAT,0) (VONA,-3) (UGA,-77) (VZ,5) (ATT,7)
UGA:(UGA,0) (ATT,50) (GSAT,42) (VONA,39) (VZ,47)
VONA:(VONA,0) (VZ,8) (ATT,10) (GSAT,2) (UGA,-74)
VZ:(VZ,0) (ATT,2) (GSAT,-6) (UGA,-83) (VONA,-9)
-----
ATT:(ATT,0) (GSAT,-8) (UGA,-85) (VONA,-11) (VZ,-3)
GSAT:(GSAT,0) (VONA,-3) (UGA,-78) (VZ,5) (ATT,7)
UGA:(UGA,0) (ATT,50) (GSAT,42) (VONA,39) (VZ,47)
VONA:(VONA,0) (VZ,8) (ATT,10) (GSAT,2) (UGA,-75)
VZ:(VZ,0) (ATT,2) (GSAT,-6) (UGA,-83) (VONA,-9)
-----
ATT:(ATT,0) (GSAT,-8) (UGA,-86) (VONA,-11) (VZ,-3)
GSAT:(GSAT,0) (VONA,-3) (UGA,-78) (VZ,5) (ATT,7)
UGA:(UGA,0) (ATT,50) (GSAT,42) (VONA,39) (VZ,47)
VONA:(VONA,0) (VZ,8) (ATT,10) (GSAT,2) (UGA,-75)
VZ:(VZ,0) (ATT,2) (GSAT,-6) (UGA,-83) (VONA,-9)
-----
ATT:(ATT,0) (GSAT,-8) (UGA,-86) (VONA,-11) (VZ,-3)
GSAT:(GSAT,0) (VONA,-3) (UGA,-78) (VZ,5) (ATT,7)
UGA:(UGA,0) (ATT,50) (GSAT,42) (VONA,39) (VZ,47)
VONA:(VONA,0) (VZ,8) (ATT,10) (GSAT,2) (UGA,-75)
VZ:(VZ,0) (ATT,2) (GSAT,-6) (UGA,-84) (VONA,-9)
-----
ATT:(ATT,0) (GSAT,-8) (UGA,-86) (VONA,-11) (VZ,-3)
GSAT:(GSAT,0) (VONA,-3) (UGA,-79) (VZ,5) (ATT,7)
UGA:(UGA,0) (ATT,50) (GSAT,42) (VONA,39) (VZ,47)
VONA:(VONA,0) (VZ,8) (ATT,10) (GSAT,2) (UGA,-76)
VZ:(VZ,0) (ATT,2) (GSAT,-6) (UGA,-84) (VONA,-9)
-----
ATT:(ATT,0) (GSAT,-8) (UGA,-87) (VONA,-11) (VZ,-3)
GSAT:(GSAT,0) (VONA,-3) (UGA,-79) (VZ,5) (ATT,7)
UGA:(UGA,0) (ATT,50) (GSAT,42) (VONA,39) (VZ,47)
VONA:(VONA,0) (VZ,8) (ATT,10) (GSAT,2) (UGA,-76)
VZ:(VZ,0) (ATT,2) (GSAT,-6) (UGA,-84) (VONA,-9)
-----
ATT:(ATT,0) (GSAT,-8) (UGA,-87) (VONA,-11) (VZ,-3)
GSAT:(GSAT,0) (VONA,-3) (UGA,-79) (VZ,5) (ATT,7)
UGA:(UGA,0) (ATT,50) (GSAT,42) (VONA,39) (VZ,47)
VONA:(VONA,0) (VZ,8) (ATT,10) (GSAT,2) (UGA,-76)
VZ:(VZ,0) (ATT,2) (GSAT,-6) (UGA,-85) (VONA,-9)
-----
ATT:(ATT,0) (GSAT,-8) (UGA,-87) (VONA,-11) (VZ,-3)
GSAT:(GSAT,0) (VONA,-3) (UGA,-80) (VZ,5) (ATT,7)
UGA:(UGA,0) (ATT,50) (GSAT,42) (VONA,39) (VZ,47)
VONA:(VONA,0) (VZ,8) (ATT,10) (GSAT,2) (UGA,-77)
VZ:(VZ,0) (ATT,2) (GSAT,-6) (UGA,-85) (VONA,-9)
-----
ATT:(ATT,0) (GSAT,-8) (UGA,-88) (VONA,-11) (VZ,-3)
GSAT:(GSAT,0) (VONA,-3) (UGA,-80) (VZ,5) (ATT,7)
UGA:(UGA,0) (ATT,50) (GSAT,42) (VONA,39) (VZ,47)
VONA:(VONA,0) (VZ,8) (ATT,10) (GSAT,2) (UGA,-77)
VZ:(VZ,0) (ATT,2) (GSAT,-6) (UGA,-85) (VONA,-9)
-----
ATT:(ATT,0) (GSAT,-8) (UGA,-88) (VONA,-11) (VZ,-3)
GSAT:(GSAT,0) (VONA,-3) (UGA,-80) (VZ,5) (ATT,7)
UGA:(UGA,0) (ATT,50) (GSAT,42) (VONA,39) (VZ,47)
VONA:(VONA,0) (VZ,8) (ATT,10) (GSAT,2) (UGA,-77)
VZ:(VZ,0) (ATT,2) (GSAT,-6) (UGA,-86) (VONA,-9)
-----
ATT:(ATT,0) (GSAT,-8) (UGA,-88) (VONA,-11) (VZ,-3)
GSAT:(GSAT,0) (VONA,-3) (UGA,-81) (VZ,5) (ATT,7)
UGA:(UGA,0) (ATT,50) (GSAT,42) (VONA,39) (VZ,47)
VONA:(VONA,0) (VZ,8) (ATT,10) (GSAT,2) (UGA,-78)
VZ:(VZ,0) (ATT,2) (GSAT,-6) (UGA,-86) (VONA,-9)
-----
ATT:(ATT,0) (GSAT,-8) (UGA,-89) (VONA,-11) (VZ,-3)
GSAT:(GSAT,0) (VONA,-3) (UGA,-81) (VZ,5) (ATT,7)
UGA:(UGA,0) (ATT,50) (GSAT,42) (VONA,39) (VZ,47)
VONA:(VONA,0) (VZ,8) (ATT,10) (GSAT,2) (UGA,-78)
VZ:(VZ,0) (ATT,2) (GSAT,-6) (UGA,-86) (VONA,-9)
-----
ATT:(ATT,0) (GSAT,-8) (UGA,-89) (VONA,-11) (VZ,-3)
GSAT:(GSAT,0) (VONA,-3) (UGA,-81) (VZ,5) (ATT,7)
UGA:(UGA,0) (ATT,50) (GSAT,42) (VONA,39) (VZ,47)
VONA:(VONA,0) (VZ,8) (ATT,10) (GSAT,2) (UGA,-78)
VZ:(VZ,0) (ATT,2) (GSAT,-6) (UGA,-87) (VONA,-9)
-----
ATT:(ATT,0) (GSAT,-8) (UGA,-89) (VONA,-11) (VZ,-3)
GSAT:(GSAT,0) (VONA,-3) (UGA,-82) (VZ,5) (ATT,7)
UGA:(UGA,0) (ATT,50) (GSAT,42) (VONA,39) (VZ,47)
VONA:(VONA,0) (VZ,8) (ATT,10) (GSAT,2) (UGA,-79)
VZ:(VZ,0) (ATT,2) (GSAT,-6) (UGA,-87) (VONA,-9)
-----
ATT:(ATT,0) (GSAT,-8) (UGA,-90) (VONA,-11) (VZ,-3)
GSAT:(GSAT,0) (VONA,-3) (UGA,-82) (VZ,5) (ATT,7)
UGA:(UGA,0) (ATT,50) (GSAT,42) (VONA,39) (VZ,47)
VONA:(VONA,0) (VZ,8) (ATT,10) (GSAT,2) (UGA,-79)
VZ:(VZ,0) (ATT,2) (GSAT,-6) (UGA,-87) (VONA,-9)
-----
ATT:(ATT,0) (GSAT,-8) (UGA,-90) (VONA,-11) (VZ,-3)
GSAT:(GSAT,0) (VONA,-3) (UGA,-82) (VZ,5) (ATT,7)
UGA:(UGA,0) (ATT,50) (GSAT,42) (VONA,39) (VZ,47)
VONA:(VONA,0) (VZ,8) (ATT,10) (GSAT,2) (UGA,-79)
VZ:(VZ,0) (ATT,2) (GSAT,-6) (UGA,-88) (VONA,-9)
-----
ATT:(ATT,0) (GSAT,-8) (UGA,-90) (VONA,-11) (VZ,-3)
GSAT:(GSAT,0) (VONA,-3) (UGA,-83) (VZ,5) (ATT,7)
UGA:(UGA,0) (ATT,50) (GSAT,42) (VONA,39) (VZ,47)
VONA:(VONA,0) (VZ,8) (ATT,10) (GSAT,2) (UGA,-80)
VZ:(VZ,0) (ATT,2) (GSAT,-6) (UGA,-88) (VONA,-9)
-----
ATT:(ATT,0) (GSAT,-8) (UGA,-91) (VONA,-11) (VZ,-3)
GSAT:(GSAT,0) (VONA,-3) (UGA,-83) (VZ,5) (ATT,7)
UGA:(UGA,0) (ATT,50) (GSAT,42) (VONA,39) (VZ,47)
VONA:(VONA,0) (VZ,8) (ATT,10) (GSAT,2) (UGA,-80)
VZ:(VZ,0) (ATT,2) (GSAT,-6) (UGA,-88) (VONA,-9)
-----
ATT:(ATT,0) (GSAT,-8) (UGA,-91) (VONA,-11) (VZ,-3)
GSAT:(GSAT,0) (VONA,-3) (UGA,-83) (VZ,5) (ATT,7)
UGA:(UGA,0) (ATT,50) (GSAT,42) (VONA,39) (VZ,47)
VONA:(VONA,0) (VZ,8) (ATT,10) (GSAT,2) (UGA,-80)
VZ:(VZ,0) (ATT,2) (GSAT,-6) (UGA,-89) (VONA,-9)
-----
ATT:(ATT,0) (GSAT,-8) (UGA,-91) (VONA,-11) (VZ,-3)
GSAT:(GSAT,0) (VONA,-3) (UGA,-84) (VZ,5) (ATT,7)
UGA:(UGA,0) (ATT,50) (GSAT,42) (VONA,39) (VZ,47)
VONA:(VONA,0) (VZ,8) (ATT,10) (GSAT,2) (UGA,-81)
VZ:(VZ,0) (ATT,2) (GSAT,-6) (UGA,-89) (VONA,-9)
-----
ATT:(ATT,0) (GSAT,-8) (UGA,-92) (VONA,-11) (VZ,-3)
GSAT:(GSAT,0) (VONA,-3) (UGA,-84) (VZ,5) (ATT,7)
UGA:(UGA,0) (ATT,50) (GSAT,42) (VONA,39) (VZ,47)
VONA:(VONA,0) (VZ,8) (ATT,10) (GSAT,2) (UGA,-81)
VZ:(VZ,0) (ATT,2) (GSAT,-6) (UGA,-89) (VONA,-9)
-----
ATT:(ATT,0) (GSAT,-8) (UGA,-92) (VONA,-11) (VZ,-3)
GSAT:(GSAT,0) (VONA,-3) (UGA,-84) (VZ,5) (ATT,7)
UGA:(UGA,0) (ATT,50) (GSAT,42) (VONA,39) (VZ,47)
VONA:(VONA,0) (VZ,8) (ATT,10) (GSAT,2) (UGA,-81)
VZ:(VZ,0) (ATT,2) (GSAT,-6) (UGA,-90) (VONA,-9)
-----
ATT:(ATT,0) (GSAT,-8) (UGA,-92) (VONA,-11) (VZ,-3)
GSAT:(GSAT,0) (VONA,-3) (UGA,-85) (VZ,5) (ATT,7)
UGA:(UGA,0) (ATT,50) (GSAT,42) (VONA,39) (VZ,47)
VONA:(VONA,0) (VZ,8) (ATT,10) (GSAT,2) (UGA,-82)
VZ:(VZ,0) (ATT,2) (GSAT,-6) (UGA,-90) (VONA,-9)
-----
ATT:(ATT,0) (GSAT,-8) (UGA,-93) (VONA,-11) (VZ,-3)
GSAT:(GSAT,0) (VONA,-3) (UGA,-85) (VZ,5) (ATT,7)
UGA:(UGA,0) (ATT,50) (GSAT,42) (VONA,39) (VZ,47)
VONA:(VONA,0) (VZ,8) (ATT,10) (GSAT,2) (UGA,-82)
VZ:(VZ,0) (ATT,2) (GSAT,-6) (UGA,-90) (VONA,-9)
-----
ATT:(ATT,0) (GSAT,-8) (UGA,-93) (VONA,-11) (VZ,-3)
GSAT:(GSAT,0) (VONA,-3) (UGA,-85) (VZ,5) (ATT,7)
UGA:(UGA,0) (ATT,50) (GSAT,42) (VONA,39) (VZ,47)
VONA:(VONA,0) (VZ,8) (ATT,10) (GSAT,2) (UGA,-82)
VZ:(VZ,0) (ATT,2) (GSAT,-6) (UGA,-91) (VONA,-9)
-----
ATT:(ATT,0) (GSAT,-8) (UGA,-93) (VONA,-11) (VZ,-3)
GSAT:(GSAT,0) (VONA,-3) (UGA,-86) (VZ,5) (ATT,7)
UGA:(UGA,0) (ATT,50) (GSAT,42) (VONA,39) (VZ,47)
VONA:(VONA,0) (VZ,8) (ATT,10) (GSAT,2) (UGA,-83)
VZ:(VZ,0) (ATT,2) (GSAT,-6) (UGA,-91) (VONA,-9)
-----
ATT:(ATT,0) (GSAT,-8) (UGA,-94) (VONA,-11) (VZ,-3)
GSAT:(GSAT,0) (VONA,-3) (UGA,-86) (VZ,5) (ATT,7)
UGA:(UGA,0) (ATT,50) (GSAT,42) (VONA,39) (VZ,47)
VONA:(VONA,0) (VZ,8) (ATT,10) (GSAT,2) (UGA,-83)
VZ:(VZ,0) (ATT,2) (GSAT,-6) (UGA,-91) (VONA,-9)
-----
ATT:(ATT,0) (GSAT,-8) (UGA,-94) (VONA,-11) (VZ,-3)
GSAT:(GSAT,0) (VONA,-3) (UGA,-86) (VZ,5) (ATT,7)
UGA:(UGA,0) (ATT,50) (GSAT,42) (VONA,39) (VZ,47)
VONA:(VONA,0) (VZ,8) (ATT,10) (GSAT,2) (UGA,-83)
VZ:(VZ,0) (ATT,2) (GSAT,-6) (UGA,-92) (VONA,-9)
-----
ATT:(ATT,0) (GSAT,-8) (UGA,-94) (VONA,-11) (VZ,-3)
GSAT:(GSAT,0) (VONA,-3) (UGA,-87) (VZ,5) (ATT,7)
UGA:(UGA,0) (ATT,50) (GSAT,42) (VONA,39) (VZ,47)
VONA:(VONA,0) (VZ,8) (ATT,10) (GSAT,2) (UGA,-84)
VZ:(VZ,0) (ATT,2) (GSAT,-6) (UGA,-92) (VONA,-9)
-----
ATT:(ATT,0) (GSAT,-8) (UGA,-95) (VONA,-11) (VZ,-3)
GSAT:(GSAT,0) (VONA,-3) (UGA,-87) (VZ,5) (ATT,7)
UGA:(UGA,0) (ATT,50) (GSAT,42) (VONA,39) (VZ,47)
VONA:(VONA,0) (VZ,8) (ATT,10) (GSAT,2) (UGA,-84)
VZ:(VZ,0) (ATT,2) (GSAT,-6) (UGA,-92) (VONA,-9)
-----
ATT:(ATT,0) (GSAT,-8) (UGA,-95) (VONA,-11) (VZ,-3)
GSAT:(GSAT,0) (VONA,-3) (UGA,-87) (VZ,5) (ATT,7)
UGA:(UGA,0) (ATT,50) (GSAT,42) (VONA,39) (VZ,47)
VONA:(VONA,0) (VZ,8) (ATT,10) (GSAT,2) (UGA,-84)
VZ:(VZ,0) (ATT,2) (GSAT,-6) (UGA,-93) (VONA,-9)
-----
ATT:(ATT,0) (GSAT,-8) (UGA,-95) (VONA,-11) (VZ,-3)
GSAT:(GSAT,0) (VONA,-3) (UGA,-88) (VZ,5) (ATT,7)
UGA:(UGA,0) (ATT,50) (GSAT,42) (VONA,39) (VZ,47)
VONA:(VONA,0) (VZ,8) (ATT,10) (GSAT,2) (UGA,-85)
VZ:(VZ,0) (ATT,2) (GSAT,-6) (UGA,-93) (VONA,-9)
-----
ATT:(ATT,0) (GSAT,-8) (UGA,-96) (VONA,-11) (VZ,-3)
GSAT:(GSAT,0) (VONA,-3) (UGA,-88) (VZ,5) (ATT,7)
UGA:(UGA,0) (ATT,50) (GSAT,42) (VONA,39) (VZ,47)
VONA:(VONA,0) (VZ,8) (ATT,10) (GSAT,2) (UGA,-85)
VZ:(VZ,0) (ATT,2) (GSAT,-6) (UGA,-93) (VONA,-9)
-----
ATT:(ATT,0) (GSAT,-8) (UGA,-96) (VONA,-11) (VZ,-3)
GSAT:(GSAT,0) (VONA,-3) (UGA,-88) (VZ,5) (ATT,7)
UGA:(UGA,0) (ATT,50) (GSAT,42) (VONA,39) (VZ,47)
VONA:(VONA,0) (VZ,8) (ATT,10) (GSAT,2) (UGA,-85)
VZ:(VZ,0) (ATT,2) (GSAT,-6) (UGA,-94) (VONA,-9)
-----
ATT:(ATT,0) (GSAT,-8) (UGA,-96) (VONA,-11) (VZ,-3)
GSAT:(GSAT,0) (VONA,-3) (UGA,-89) (VZ,5) (ATT,7)
UGA:(UGA,0) (ATT,50) (GSAT,42) (VONA,39) (VZ,47)
VONA:(VONA,0) (VZ,8) (ATT,10) (GSAT,2) (UGA,-86)
VZ:(VZ,0) (ATT,2) (GSAT,-6) (UGA,-94) (VONA,-9)
-----
ATT:(ATT,0) (GSAT,-8) (UGA,-97) (VONA,-11) (VZ,-3)
GSAT:(GSAT,0) (VONA,-3) (UGA,-89) (VZ,5) (ATT,7)
UGA:(UGA,0) (ATT,50) (GSAT,42) (VONA,39) (VZ,47)
VONA:(VONA,0) (VZ,8) (ATT,10) (GSAT,2) (UGA,-86)
VZ:(VZ,0) (ATT,2) (GSAT,-6) (UGA,-94) (VONA,-9)
-----
ATT:(ATT,0) (GSAT,-8) (UGA,-97) (VONA,-11) (VZ,-3)
GSAT:(GSAT,0) (VONA,-3) (UGA,-89) (VZ,5) (ATT,7)
UGA:(UGA,0) (ATT,50) (GSAT,42) (VONA,39) (VZ,47)
VONA:(VONA,0) (VZ,8) (ATT,10) (GSAT,2) (UGA,-86)
VZ:(VZ,0) (ATT,2) (GSAT,-6) (UGA,-95) (VONA,-9)
-----
ATT:(ATT,0) (GSAT,-8) (UGA,-97) (VONA,-11) (VZ,-3)
GSAT:(GSAT,0) (VONA,-3) (UGA,-90) (VZ,5) (ATT,7)
UGA:(UGA,0) (ATT,50) (GSAT,42) (VONA,39) (VZ,47)
VONA:(VONA,0) (VZ,8) (ATT,10) (GSAT,2) (UGA,-87)
VZ:(VZ,0) (ATT,2) (GSAT,-6) (UGA,-95) (VONA,-9)
-----
ATT:(ATT,0) (GSAT,-8) (UGA,-98) (VONA,-11) (VZ,-3)
GSAT:(GSAT,0) (VONA,-3) (UGA,-90) (VZ,5) (ATT,7)
UGA:(UGA,0) (ATT,50) (GSAT,42) (VONA,39) (VZ,47)
VONA:(VONA,0) (VZ,8) (ATT,10) (GSAT,2) (UGA,-87)
VZ:(VZ,0) (ATT,2) (GSAT,-6) (UGA,-95) (VONA,-9)
-----
ATT:(ATT,0) (GSAT,-8) (UGA,-98) (VONA,-11) (VZ,-3)
GSAT:(GSAT,0) (VONA,-3) (UGA,-90) (VZ,5) (ATT,7)
UGA:(UGA,0) (ATT,50) (GSAT,42) (VONA,39) (VZ,47)
VONA:(VONA,0) (VZ,8) (ATT,10) (GSAT,2) (UGA,-87)
VZ:(VZ,0) (ATT,2) (GSAT,-6) (UGA,-96) (VONA,-9)
-----
ATT:(ATT,0) (GSAT,-8) (UGA,-98) (VONA,-11) (VZ,-3)
GSAT:(GSAT,0) (VONA,-3) (UGA,-91) (VZ,5) (ATT,7)
UGA:(UGA,0) (ATT,50) (GSAT,42) (VONA,39) (VZ,47)
VONA:(VONA,0) (VZ,8) (ATT,10) (GSAT,2) (UGA,-88)
VZ:(VZ,0) (ATT,2) (GSAT,-6) (UGA,-96) (VONA,-9)
-----
ATT:(ATT,0) (GSAT,-8) (UGA,-99) (VONA,-11) (VZ,-3)
GSAT:(GSAT,0) (VONA,-3) (UGA,-91) (VZ,5) (ATT,7)
UGA:(UGA,0) (ATT,50) (GSAT,42) (VONA,39) (VZ,47)
VONA:(VONA,0) (VZ,8) (ATT,10) (GSAT,2) (UGA,-88)
VZ:(VZ,0) (ATT,2) (GSAT,-6) (UGA,-96) (VONA,-9)
-----
ATT:(ATT,0) (GSAT,-8) (UGA,-99) (VONA,-11) (VZ,-3)
GSAT:(GSAT,0) (VONA,-3) (UGA,-91) (VZ,5) (ATT,7)
UGA:(UGA,0) (ATT,50) (GSAT,42) (VONA,39) (VZ,47)
VONA:(VONA,0) (VZ,8) (ATT,10) (GSAT,2) (UGA,-88)
VZ:(VZ,0) (ATT,2) (GSAT,-6) (UGA,-99) (VONA,-9)
-----
ATT:(ATT,0) (GSAT,-8) (UGA,-99) (VONA,-11) (VZ,-3)
GSAT:(GSAT,0) (VONA,-3) (UGA,-99) (VZ,5) (ATT,7)
UGA:(UGA,0) (ATT,50) (GSAT,42) (VONA,39) (VZ,47)
VONA:(VONA,0) (VZ,8) (ATT,10) (GSAT,2) (UGA,-99)
VZ:(VZ,0) (ATT,2) (GSAT,-6) (UGA,-99) (VONA,-9)
-----
ATT:(ATT,0) (GSAT,-8) (UGA,-99) (VONA,-11) (VZ,-3)
GSAT:(GSAT,0) (VONA,-3) (UGA,-99) (VZ,5) (ATT,7)
UGA:(UGA,0) (ATT,50) (GSAT,42) (VONA,39) (VZ,47)
VONA:(VONA,0) (VZ,8) (ATT,10) (GSAT,2) (UGA,-99)
VZ:(VZ,0) (ATT,2) (GSAT,-6) (UGA,-99) (VONA,-9)
-----
