AA:(AA,0) (AD,-2) (AE,-1)
AB:(AB,0) (AA,-1) (CC,0) (AD,-3) (AE,-2)
AD:(AD,0) (AE,1) (AB,2)
AE:(AE,0) (AB,1) (AA,0) (CC,1) (AD,-2)
CC:(CC,0) (AB,0) (AA,-1) (AD,-3) (AE,-2)
-----
AA:(AA,0) (AD,-2) (AE,-1) (AB,0)
AB:(AB,0) (AA,-1) (CC,0) (AD,-3) (AE,-2)
AD:(AD,0) (AE,1) (AB,2) (AA,1) (CC,2)
AE:(AE,0) (AB,1) (AA,0) (CC,1) (AD,-2)
CC:(CC,0) (AB,0) (AA,-1) (AD,-3) (AE,-2)
-----
AA:(AA,0) (AD,-2) (AE,-1) (AB,0) (CC,0)
AB:(AB,0) (AA,-1) (CC,-1) (AD,-3) (AE,-2)
AD:(AD,0) (AE,1) (AB,2) (AA,1) (CC,2)
AE:(AE,0) (AB,1) (AA,0) (CC,0) (AD,-2)
CC:(CC,0) (AB,0) (AA,-1) (AD,-3) (AE,-2)
-----
AA:(AA,0) (AD,-2) (AE,-1) (AB,0) (CC,0)
AB:(AB,0) (AA,-1) (CC,-1) (AD,-3) (AE,-2)
AD:(AD,0) (AE,1) (AB,2) (AA,1) (CC,1)
AE:(AE,0) (AB,1) (AA,0) (CC,0) (AD,-2)
CC:(CC,0) (AB,0) (AA,-1) (AD,-3) (AE,-2)
-----
AA:(AA,0) (AD,-2) (AE,-1) (AB,0) (CC,-1)
AB:(AB,0) (AA,-1) (CC,-2) (AD,-3) (AE,-2)
AD:(AD,0) (AE,1) (AB,2) (AA,1) (CC,1)
AE:(AE,0) (AB,1) (AA,0) (CC,-1) (AD,-2)
CC:(CC,0) (AB,0) (AA,-1) (AD,-3) (AE,-2)
-----
AA:(AA,0) (AD,-2) (AE,-1) (AB,0) (CC,-1)
AB:(AB,0) (AA,-1) (CC,-2) (AD,-3) (AE,-2)
AD:(AD,0) (AE,1) (AB,2) (AA,1) (CC,0)
AE:(AE,0) (AB,1) (AA,0) (CC,-1) (AD,-2)
CC:(CC,0) (AB,0) (AA,-1) (AD,-3) (AE,-2)
-----
AA:(AA,0) (AD,-2) (AE,-1) (AB,0) (CC,-2)
AB:(AB,0) (AA,-1) (CC,-3) (AD,-3) (AE,-2)
AD:(AD,0) (AE,1) (AB,2) (AA,1) (CC,0)
AE:(AE,0) (AB,1) (AA,0) (CC,-2) (AD,-2)
CC:(CC,0) (AB,0) (AA,-1) (AD,-3) (AE,-2)
-----
AA:(AA,0) (AD,-2) (AE,-1) (AB,0) (CC,-2)
AB:(AB,0) (AA,-1) (CC,-3) (AD,-3) (AE,-2)
AD:(AD,0) (AE,1) (AB,2) (AA,1) (CC,-1)
AE:(AE,0) (AB,1) (AA,0) (CC,-2) (AD,-2)
CC:(CC,0) (AB,0) (AA,-1) (AD,-3) (AE,-2)
-----
AA:(AA,0) (AD,-2) (AE,-1) (AB,0) (CC,-3)
AB:(AB,0) (AA,-1) (CC,-4) (AD,-3) (AE,-2)
AD:(AD,0) (AE,1) (AB,2) (AA,1) (CC,-1)
AE:(AE,0) (AB,1) (AA,0) (CC,-3) (AD,-2)
CC:(CC,0) (AB,0) (AA,-1) (AD,-3) (AE,-2)
-----
AA:(AA,0) (AD,-2) (AE,-1) (AB,0) (CC,-3)
AB:(AB,0) (AA,-1) (CC,-4) (AD,-3) (AE,-2)
AD:(AD,0) (AE,1) (AB,2) (AA,1) (CC,-2)
AE:(AE,0) (AB,1) (AA,0) (CC,-3) (AD,-2)
CC:(CC,0) (AB,0) (AA,-1) (AD,-3) (AE,-2)
-----
AA:(AA,0) (AD,-2) (AE,-1) (AB,0) (CC,-4)
AB:(AB,0) (AA,-1) (CC,-5) (AD,-3) (AE,-2)
AD:(AD,0) (AE,1) (AB,2) (AA,1) (CC,-2)
AE:(AE,0) (AB,1) (AA,0) (CC,-4) (AD,-2)
CC:(CC,0) (AB,0) (AA,-1) (AD,-3) (AE,-2)
-----
AA:(AA,0) (AD,-2) (AE,-1) (AB,0) (CC,-4)
AB:(AB,0) (AA,-1) (CC,-5) (AD,-3) (AE,-2)
AD:(AD,0) (AE,1) (AB,2) (AA,1) (CC,-3)
AE:(AE,0) (AB,1) (AA,0) (CC,-4) (AD,-2)
CC:(CC,0) (AB,0) (AA,-1) (AD,-3) (AE,-2)
-----
AA:(AA,0) (AD,-2) (AE,-1) (AB,0) (CC,-5)
AB:(AB,0) (AA,-1) (CC,-6) (AD,-3) (AE,-2)
AD:(AD,0) (AE,1) (AB,2) (AA,1) (CC,-3)
AE:(AE,0) (AB,1) (AA,0) (CC,-5) (AD,-2)
CC:(CC,0) (AB,0) (AA,-1) (AD,-3) (AE,-2)
-----
AA:(AA,0) (AD,-2) (AE,-1) (AB,0) (CC,-5)
AB:(AB,0) (AA,-1) (CC,-6) (AD,-3) (AE,-2)
AD:(AD,0) (AE,1) (AB,2) (AA,1) (CC,-4)
AE:(AE,0) (AB,1) (AA,0) (CC,-5) (AD,-2)
CC:(CC,0) (AB,0) (AA,-1) (AD,-3) (AE,-2)
-----
AA:(AA,0) (AD,-2) (AE,-1) (AB,0) (CC,-6)
AB:(AB,0) (AA,-1) (CC,-7) (AD,-3) (AE,-2)
AD:(AD,0) (AE,1) (AB,2) (AA,1) (CC,-4)
AE:(AE,0) (AB,1) (AA,0) (CC,-6) (AD,-2)
CC:(CC,0) (AB,0) (AA,-1) (AD,-3) (AE,-2)
-----
AA:(AA,0) (AD,-2) (AE,-1) (AB,0) (CC,-6)
AB:(AB,0) (AA,-1) (CC,-7) (AD,-3) (AE,-2)
AD:(AD,0) (AE,1) (AB,2) (AA,1) (CC,-5)
AE:(AE,0) (AB,1) (AA,0) (CC,-6) (AD,-2)
CC:(CC,0) (AB,0) (AA,-1) (AD,-3) (AE,-2)
-----
AA:(AA,0) (AD,-2) (AE,-1) (AB,0) (CC,-7)
AB:(AB,0) (AA,-1) (CC,-8) (AD,-3) (AE,-2)
AD:(AD,0) (AE,1) (AB,2) (AA,1) (CC,-5)
AE:(AE,0) (AB,1) (AA,0) (CC,-7) (AD,-2)
CC:(CC,0) (AB,0) (AA,-1) (AD,-3) (AE,-2)
-----
AA:(AA,0) (AD,-2) (AE,-1) (AB,0) (CC,-7)
AB:(AB,0) (AA,-1) (CC,-8) (AD,-3) (AE,-2)
AD:(AD,0) (AE,1) (AB,2) (AA,1) (CC,-6)
AE:(AE,0) (AB,1) (AA,0) (CC,-7) (AD,-2)
CC:(CC,0) (AB,0) (AA,-1) (AD,-3) (AE,-2)
-----
AA:(AA,0) (AD,-2) (AE,-1) (AB,0) (CC,-8)
AB:(AB,0) (AA,-1) (CC,-9) (AD,-3) (AE,-2)
AD:(AD,0) (AE,1) (AB,2) (AA,1) (CC,-6)
AE:(AE,0) (AB,1) (AA,0) (CC,-8) (AD,-2)
CC:(CC,0) (AB,0) (AA,-1) (AD,-3) (AE,-2)
-----
AA:(AA,0) (AD,-2) (AE,-1) (AB,0) (CC,-8)
AB:(AB,0) (AA,-1) (CC,-9) (AD,-3) (AE,-2)
AD:(AD,0) (AE,1) (AB,2) (AA,1) (CC,-7)
AE:(AE,0) (AB,1) (AA,0) (CC,-8) (AD,-2)
CC:(CC,0) (AB,0) (AA,-1) (AD,-3) (AE,-2)
-----
AA:(AA,0) (AD,-2) (AE,-1) (AB,0) (CC,-9)
AB:(AB,0) (AA,-1) (CC,-10) (AD,-3) (AE,-2)
AD:(AD,0) (AE,1) (AB,2) (AA,1) (CC,-7)
AE:(AE,0) (AB,1) (AA,0) (CC,-9) (AD,-2)
CC:(CC,0) (AB,0) (AA,-1) (AD,-3) (AE,-2)
-----
AA:(AA,0) (AD,-2) (AE,-1) (AB,0) (CC,-9)
AB:(AB,0) (AA,-1) (CC,-10) (AD,-3) (AE,-2)
AD:(AD,0) (AE,1) (AB,2) (AA,1) (CC,-8)
AE:(AE,0) (AB,1) (AA,0) (CC,-9) (AD,-2)
CC:(CC,0) (AB,0) (AA,-1) (AD,-3) (AE,-2)
-----
AA:(AA,0) (AD,-2) (AE,-1) (AB,0) (CC,-10)
AB:(AB,0) (AA,-1) (CC,-11) (AD,-3) (AE,-2)
AD:(AD,0) (AE,1) (AB,2) (AA,1) (CC,-8)
AE:(AE,0) (AB,1) (AA,0) (CC,-10) (AD,-2)
CC:(CC,0) (AB,0) (AA,-1) (AD,-3) (AE,-2)
-----
AA:(AA,0) (AD,-2) (AE,-1) (AB,0) (CC,-10)
AB:(AB,0) (AA,-1) (CC,-11) (AD,-3) (AE,-2)
AD:(AD,0) (AE,1) (AB,2) (AA,1) (CC,-9)
AE:(AE,0) (AB,1) (AA,0) (CC,-10) (AD,-2)
CC:(CC,0) (AB,0) (AA,-1) (AD,-3) (AE,-2)
-----
AA:(AA,0) (AD,-2) (AE,-1) (AB,0) (CC,-11)
AB:(AB,0) (AA,-1) (CC,-12) (AD,-3) (AE,-2)
AD:(AD,0) (AE,1) (AB,2) (AA,1) (CC,-9)
AE:(AE,0) (AB,1) (AA,0) (CC,-11) (AD,-2)
CC:(CC,0) (AB,0) (AA,-1) (AD,-3) (AE,-2)
-----
AA:(AA,0) (AD,-2) (AE,-1) (AB,0) (CC,-11)
AB:(AB,0) (AA,-1) (CC,-12) (AD,-3) (AE,-2)
AD:(AD,0) (AE,1) (AB,2) (AA,1) (CC,-10)
AE:(AE,0) (AB,1) (AA,0) (CC,-11) (AD,-2)
CC:(CC,0) (AB,0) (AA,-1) (AD,-3) (AE,-2)
-----
AA:(AA,0) (AD,-2) (AE,-1) (AB,0) (CC,-12)
AB:(AB,0) (AA,-1) (CC,-13) (AD,-3) (AE,-2)
AD:(AD,0) (AE,1) (AB,2) (AA,1) (CC,-10)
AE:(AE,0) (AB,1) (AA,0) (CC,-12) (AD,-2)
CC:(CC,0) (AB,0) (AA,-1) (AD,-3) (AE,-2)
-----
AA:(AA,0) (AD,-2) (AE,-1) (AB,0) (CC,-12)
AB:(AB,0) (AA,-1) (CC,-13) (AD,-3) (AE,-2)
AD:(AD,0) (AE,1) (AB,2) (AA,1) (CC,-11)
AE:(AE,0) (AB,1) (AA,0) (CC,-12) (AD,-2)
CC:(CC,0) (AB,0) (AA,-1) (AD,-3) (AE,-2)
-----
AA:(AA,0) (AD,-2) (AE,-1) (AB,0) (CC,-13)
AB:(AB,0) (AA,-1) (CC,-14) (AD,-3) (AE,-2)
AD:(AD,0) (AE,1) (AB,2) (AA,1) (CC,-11)
AE:(AE,0) (AB,1) (AA,0) (CC,-13) (AD,-2)
CC:(CC,0) (AB,0) (AA,-1) (AD,-3) (AE,-2)
-----
AA:(AA,0) (AD,-2) (AE,-1) (AB,0) (CC,-13)
AB:(AB,0) (AA,-1) (CC,-14) (AD,-3) (AE,-2)
AD:(AD,0) (AE,1) (AB,2) (AA,1) (CC,-12)
AE:(AE,0) (AB,1) (AA,0) (CC,-13) (AD,-2)
CC:(CC,0) (AB,0) (AA,-1) (AD,-3) (AE,-2)
-----
AA:(AA,0) (AD,-2) (AE,-1) (AB,0) (CC,-14)
AB:(AB,0) (AA,-1) (CC,-15) (AD,-3) (AE,-2)
AD:(AD,0) (AE,1) (AB,2) (AA,1) (CC,-12)
AE:(AE,0) (AB,1) (AA,0) (CC,-14) (AD,-2)
CC:(CC,0) (AB,0) (AA,-1) (AD,-3) (AE,-2)
-----
AA:(AA,0) (AD,-2) (AE,-1) (AB,0) (CC,-14)
AB:(AB,0) (AA,-1) (CC,-15) (AD,-3) (AE,-2)
AD:(AD,0) (AE,1) (AB,2) (AA,1) (CC,-13)
AE:(AE,0) (AB,1) (AA,0) (CC,-14) (AD,-2)
CC:(CC,0) (AB,0) (AA,-1) (AD,-3) (AE,-2)
-----
AA:(AA,0) (AD,-2) (AE,-1) (AB,0) (CC,-15)
AB:(AB,0) (AA,-1) (CC,-16) (AD,-3) (AE,-2)
AD:(AD,0) (AE,1) (AB,2) (AA,1) (CC,-13)
AE:(AE,0) (AB,1) (AA,0) (CC,-15) (AD,-2)
CC:(CC,0) (AB,0) (AA,-1) (AD,-3) (AE,-2)
-----
AA:(AA,0) (AD,-2) (AE,-1) (AB,0) (CC,-15)
AB:(AB,0) (AA,-1) (CC,-16) (AD,-3) (AE,-2)
AD:(AD,0) (AE,1) (AB,2) (AA,1) (CC,-14)
AE:(AE,0) (AB,1) (AA,0) (CC,-15) (AD,-2)
CC:(CC,0) (AB,0) (AA,-1) (AD,-3) (AE,-2)
-----
AA:(AA,0) (AD,-2) (AE,-1) (AB,0) (CC,-16)
AB:(AB,0) (AA,-1) (CC,-17) (AD,-3) (AE,-2)
AD:(AD,0) (AE,1) (AB,2) (AA,1) (CC,-14)
AE:(AE,0) (AB,1) (AA,0) (CC,-16) (AD,-2)
CC:(CC,0) (AB,0) (AA,-1) (AD,-3) (AE,-2)
-----
AA:(AA,0) (AD,-2) (AE,-1) (AB,0) (CC,-16)
AB:(AB,0) (AA,-1) (CC,-17) (AD,-3) (AE,-2)
AD:(AD,0) (AE,1) (AB,2) (AA,1) (CC,-15)
AE:(AE,0) (AB,1) (AA,0) (CC,-16) (AD,-2)
CC:(CC,0) (AB,0) (AA,-1) (AD,-3) (AE,-2)
-----
AA:(AA,0) (AD,-2) (AE,-1) (AB,0) (CC,-17)
AB:(AB,0) (AA,-1) (CC,-18) (AD,-3) (AE,-2)
AD:(AD,0) (AE,1) (AB,2) (AA,1) (CC,-15)
AE:(AE,0) (AB,1) (AA,0) (CC,-17) (AD,-2)
CC:(CC,0) (AB,0) (AA,-1) (AD,-3) (AE,-2)
-----
AA:(AA,0) (AD,-2) (AE,-1) (AB,0) (CC,-17)
AB:(AB,0) (AA,-1) (CC,-18) (AD,-3) (AE,-2)
AD:(AD,0) (AE,1) (AB,2) (AA,1) (CC,-16)
AE:(AE,0) (AB,1) (AA,0) (CC,-17) (AD,-2)
CC:(CC,0) (AB,0) (AA,-1) (AD,-3) (AE,-2)
-----
AA:(AA,0) (AD,-2) (AE,-1) (AB,0) (CC,-18)
AB:(AB,0) (AA,-1) (CC,-19) (AD,-3) (AE,-2)
AD:(AD,0) (AE,1) (AB,2) (AA,1) (CC,-16)
AE:(AE,0) (AB,1) (AA,0) (CC,-18) (AD,-2)
CC:(CC,0) (AB,0) (AA,-1) (AD,-3) (AE,-2)
-----
AA:(AA,0) (AD,-2) (AE,-1) (AB,0) (CC,-18)
AB:(AB,0) (AA,-1) (CC,-19) (AD,-3) (AE,-2)
AD:(AD,0) (AE,1) (AB,2) (AA,1) (CC,-17)
AE:(AE,0) (AB,1) (AA,0) (CC,-18) (AD,-2)
CC:(CC,0) (AB,0) (AA,-1) (AD,-3) (AE,-2)
-----
AA:(AA,0) (AD,-2) (AE,-1) (AB,0) (CC,-19)
AB:(AB,0) (AA,-1) (CC,-20) (AD,-3) (AE,-2)
AD:(AD,0) (AE,1) (AB,2) (AA,1) (CC,-17)
AE:(AE,0) (AB,1) (AA,0) (CC,-19) (AD,-2)
CC:(CC,0) (AB,0) (AA,-1) (AD,-3) (AE,-2)
-----
AA:(AA,0) (AD,-2) (AE,-1) (AB,0) (CC,-19)
AB:(AB,0) (AA,-1) (CC,-20) (AD,-3) (AE,-2)
AD:(AD,0) (AE,1) (AB,2) (AA,1) (CC,-18)
AE:(AE,0) (AB,1) (AA,0) (CC,-19) (AD,-2)
CC:(CC,0) (AB,0) (AA,-1) (AD,-3) (AE,-2)
-----
AA:(AA,0) (AD,-2) (AE,-1) (AB,0) (CC,-20)
AB:(AB,0) (AA,-1) (CC,-21) (AD,-3) (AE,-2)
AD:(AD,0) (AE,1) (AB,2) (AA,1) (CC,-18)
AE:(AE,0) (AB,1) (AA,0) (CC,-20) (AD,-2)
CC:(CC,0) (AB,0) (AA,-1) (AD,-3) (AE,-2)
-----
AA:(AA,0) (AD,-2) (AE,-1) (AB,0) (CC,-20)
AB:(AB,0) (AA,-1) (CC,-21) (AD,-3) (AE,-2)
AD:(AD,0) (AE,1) (AB,2) (AA,1) (CC,-19)
AE:(AE,0) (AB,1) (AA,0) (CC,-20) (AD,-2)
CC:(CC,0) (AB,0) (AA,-1) (AD,-3) (AE,-2)
-----
AA:(AA,0) (AD,-2) (AE,-1) (AB,0) (CC,-21)
AB:(AB,0) (AA,-1) (CC,-22) (AD,-3) (AE,-2)
AD:(AD,0) (AE,1) (AB,2) (AA,1) (CC,-19)
AE:(AE,0) (AB,1) (AA,0) (CC,-21) (AD,-2)
CC:(CC,0) (AB,0) (AA,-1) (AD,-3) (AE,-2)
-----
AA:(AA,0) (AD,-2) (AE,-1) (AB,0) (CC,-21)
AB:(AB,0) (AA,-1) (CC,-22) (AD,-3) (AE,-2)
AD:(AD,0) (AE,1) (AB,2) (AA,1) (CC,-20)
AE:(AE,0) (AB,1) (AA,0) (CC,-21) (AD,-2)
CC:(CC,0) (AB,0) (AA,-1) (AD,-3) (AE,-2)
-----
AA:(AA,0) (AD,-2) (AE,-1) (AB,0) (CC,-22)
AB:(AB,0) (AA,-1) (CC,-23) (AD,-3) (AE,-2)
AD:(AD,0) (AE,1) (AB,2) (AA,1) (CC,-20)
AE:(AE,0) (AB,1) (AA,0) (CC,-22) (AD,-2)
CC:(CC,0) (AB,0) (AA,-1) (AD,-3) (AE,-2)
-----
AA:(AA,0) (AD,-2) (AE,-1) (AB,0) (CC,-22)
AB:(AB,0) (AA,-1) (CC,-23) (AD,-3) (AE,-2)
AD:(AD,0) (AE,1) (AB,2) (AA,1) (CC,-21)
AE:(AE,0) (AB,1) (AA,0) (CC,-22) (AD,-2)
CC:(CC,0) (AB,0) (AA,-1) (AD,-3) (AE,-2)
-----
AA:(AA,0) (AD,-2) (AE,-1) (AB,0) (CC,-23)
AB:(AB,0) (AA,-1) (CC,-24) (AD,-3) (AE,-2)
AD:(AD,0) (AE,1) (AB,2) (AA,1) (CC,-21)
AE:(AE,0) (AB,1) (AA,0) (CC,-23) (AD,-2)
CC:(CC,0) (AB,0) (AA,-1) (AD,-3) (AE,-2)
-----
AA:(AA,0) (AD,-2) (AE,-1) (AB,0) (CC,-23)
AB:(AB,0) (AA,-1) (CC,-24) (AD,-3) (AE,-2)
AD:(AD,0) (AE,1) (AB,2) (AA,1) (CC,-22)
AE:(AE,0) (AB,1) (AA,0) (CC,-23) (AD,-2)
CC:(CC,0) (AB,0) (AA,-1) (AD,-3) (AE,-2)
-----
AA:(AA,0) (AD,-2) (AE,-1) (AB,0) (CC,-24)
AB:(AB,0) (AA,-1) (CC,-25) (AD,-3) (AE,-2)
AD:(AD,0) (AE,1) (AB,2) (AA,1) (CC,-22)
AE:(AE,0) (AB,1) (AA,0) (CC,-24) (AD,-2)
CC:(CC,0) (AB,0) (AA,-1) (AD,-3) (AE,-2)
-----
AA:(AA,0) (AD,-2) (AE,-1) (AB,0) (CC,-24)
AB:(AB,0) (AA,-1) (CC,-25) (AD,-3) (AE,-2)
AD:(AD,0) (AE,1) (AB,2) (AA,1) (CC,-23)
AE:(AE,0) (AB,1) (AA,0) (CC,-24) (AD,-2)
CC:(CC,0) (AB,0) (AA,-1) (AD,-3) (AE,-2)
-----
AA:(AA,0) (AD,-2) (AE,-1) (AB,0) (CC,-25)
AB:(AB,0) (AA,-1) (CC,-26) (AD,-3) (AE,-2)
AD:(AD,0) (AE,1) (AB,2) (AA,1) (CC,-23)
AE:(AE,0) (AB,1) (AA,0) (CC,-25) (AD,-2)
CC:(CC,0) (AB,0) (AA,-1) (AD,-3) (AE,-2)
-----
AA:(AA,0) (AD,-2) (AE,-1) (AB,0) (CC,-25)
AB:(AB,0) (AA,-1) (CC,-26) (AD,-3) (AE,-2)
AD:(AD,0) (AE,1) (AB,2) (AA,1) (CC,-24)
AE:(AE,0) (AB,1) (AA,0) (CC,-25) (AD,-2)
CC:(CC,0) (AB,0) (AA,-1) (AD,-3) (AE,-2)
-----
AA:(AA,0) (AD,-2) (AE,-1) (AB,0) (CC,-26)
AB:(AB,0) (AA,-1) (CC,-27) (AD,-3) (AE,-2)
AD:(AD,0) (AE,1) (AB,2) (AA,1) (CC,-24)
AE:(AE,0) (AB,1) (AA,0) (CC,-26) (AD,-2)
CC:(CC,0) (AB,0) (AA,-1) (AD,-3) (AE,-2)
-----
AA:(AA,0) (AD,-2) (AE,-1) (AB,0) (CC,-26)
AB:(AB,0) (AA,-1) (CC,-27) (AD,-3) (AE,-2)
AD:(AD,0) (AE,1) (AB,2) (AA,1) (CC,-25)
AE:(AE,0) (AB,1) (AA,0) (CC,-26) (AD,-2)
CC:(CC,0) (AB,0) (AA,-1) (AD,-3) (AE,-2)
-----
AA:(AA,0) (AD,-2) (AE,-1) (AB,0) (CC,-27)
AB:(AB,0) (AA,-1) (CC,-28) (AD,-3) (AE,-2)
AD:(AD,0) (AE,1) (AB,2) (AA,1) (CC,-25)
AE:(AE,0) (AB,1) (AA,0) (CC,-27) (AD,-2)
CC:(CC,0) (AB,0) (AA,-1) (AD,-3) (AE,-2)
-----
AA:(AA,0) (AD,-2) (AE,-1) (AB,0) (CC,-27)
AB:(AB,0) (AA,-1) (CC,-28) (AD,-3) (AE,-2)
AD:(AD,0) (AE,1) (AB,2) (AA,1) (CC,-26)
AE:(AE,0) (AB,1) (AA,0) (CC,-27) (AD,-2)
CC:(CC,0) (AB,0) (AA,-1) (AD,-3) (AE,-2)
-----
AA:(AA,0) (AD,-2) (AE,-1) (AB,0) (CC,-28)
AB:(AB,0) (AA,-1) (CC,-29) (AD,-3) (AE,-2)
AD:(AD,0) (AE,1) (AB,2) (AA,1) (CC,-26)
AE:(AE,0) (AB,1) (AA,0) (CC,-28) (AD,-2)
CC:(CC,0) (AB,0) (AA,-1) (AD,-3) (AE,-2)
-----
AA:(AA,0) (AD,-2) (AE,-1) (AB,0) (CC,-28)
AB:(AB,0) (AA,-1) (CC,-29) (AD,-3) (AE,-2)
AD:(AD,0) (AE,1) (AB,2) (AA,1) (CC,-27)
AE:(AE,0) (AB,1) (AA,0) (CC,-28) (AD,-2)
CC:(CC,0) (AB,0) (AA,-1) (AD,-3) (AE,-2)
-----
AA:(AA,0) (AD,-2) (AE,-1) (AB,0) (CC,-29)
AB:(AB,0) (AA,-1) (CC,-30) (AD,-3) (AE,-2)
AD:(AD,0) (AE,1) (AB,2) (AA,1) (CC,-27)
AE:(AE,0) (AB,1) (AA,0) (CC,-29) (AD,-2)
CC:(CC,0) (AB,0) (AA,-1) (AD,-3) (AE,-2)
-----
AA:(AA,0) (AD,-2) (AE,-1) (AB,0) (CC,-29)
AB:(AB,0) (AA,-1) (CC,-30) (AD,-3) (AE,-2)
AD:(AD,0) (AE,1) (AB,2) (AA,1) (CC,-28)
AE:(AE,0) (AB,1) (AA,0) (CC,-29) (AD,-2)
CC:(CC,0) (AB,0) (AA,-1) (AD,-3) (AE,-2)
-----
AA:(AA,0) (AD,-2) (AE,-1) (AB,0) (CC,-30)
AB:(AB,0) (AA,-1) (CC,-31) (AD,-3) (AE,-2)
AD:(AD,0) (AE,1) (AB,2) (AA,1) (CC,-28)
AE:(AE,0) (AB,1) (AA,0) (CC,-30) (AD,-2)
CC:(CC,0) (AB,0) (AA,-1) (AD,-3) (AE,-2)
-----
AA:(AA,0) (AD,-2) (AE,-1) (AB,0) (CC,-30)
AB:(AB,0) (AA,-1) (CC,-31) (AD,-3) (AE,-2)
AD:(AD,0) (AE,1) (AB,2) (AA,1) (CC,-29)
AE:(AE,0) (AB,1) (AA,0) (CC,-30) (AD,-2)
CC:(CC,0) (AB,0) (AA,-1) (AD,-3) (AE,-2)
-----
AA:(AA,0) (AD,-2) (AE,-1) (AB,0) (CC,-31)
AB:(AB,0) (AA,-1) (CC,-32) (AD,-3) (AE,-2)
AD:(AD,0) (AE,1) (AB,2) (AA,1) (CC,-29)
AE:(AE,0) (AB,1) (AA,0) (CC,-31) (AD,-2)
CC:(CC,0) (AB,0) (AA,-1) (AD,-3) (AE,-2)
-----
AA:(AA,0) (AD,-2) (AE,-1) (AB,0) (CC,-31)
AB:(AB,0) (AA,-1) (CC,-32) (AD,-3) (AE,-2)
AD:(AD,0) (AE,1) (AB,2) (AA,1) (CC,-30)
AE:(AE,0) (AB,1) (AA,0) (CC,-31) (AD,-2)
CC:(CC,0) (AB,0) (AA,-1) (AD,-3) (AE,-2)
-----
AA:(AA,0) (AD,-2) (AE,-1) (AB,0) (CC,-32)
AB:(AB,0) (AA,-1) (CC,-33) (AD,-3) (AE,-2)
AD:(AD,0) (AE,1) (AB,2) (AA,1) (CC,-30)
AE:(AE,0) (AB,1) (AA,0) (CC,-32) (AD,-2)
CC:(CC,0) (AB,0) (AA,-1) (AD,-3) (AE,-2)
-----
AA:(AA,0) (AD,-2) (AE,-1) (AB,0) (CC,-32)
AB:(AB,0) (AA,-1) (CC,-33) (AD,-3) (AE,-2)
AD:(AD,0) (AE,1) (AB,2) (AA,1) (CC,-31)
AE:(AE,0) (AB,1) (AA,0) (CC,-32) (AD,-2)
CC:(CC,0) (AB,0) (AA,-1) (AD,-3) (AE,-2)
-----
AA:(AA,0) (AD,-2) (AE,-1) (AB,0) (CC,-33)
AB:(AB,0) (AA,-1) (CC,-34) (AD,-3) (AE,-2)
AD:(AD,0) (AE,1) (AB,2) (AA,1) (CC,-31)
AE:(AE,0) (AB,1) (AA,0) (CC,-33) (AD,-2)
CC:(CC,0) (AB,0) (AA,-1) (AD,-3) (AE,-2)
-----
AA:(AA,0) (AD,-2) (AE,-1) (AB,0) (CC,-33)
AB:(AB,0) (AA,-1) (CC,-34) (AD,-3) (AE,-2)
AD:(AD,0) (AE,1) (AB,2) (AA,1) (CC,-32)
AE:(AE,0) (AB,1) (AA,0) (CC,-33) (AD,-2)
CC:(CC,0) (AB,0) (AA,-1) (AD,-3) (AE,-2)
-----
AA:(AA,0) (AD,-2) (AE,-1) (AB,0) (CC,-34)
AB:(AB,0) (AA,-1) (CC,-35) (AD,-3) (AE,-2)
AD:(AD,0) (AE,1) (AB,2) (AA,1) (CC,-32)
AE:(AE,0) (AB,1) (AA,0) (CC,-34) (AD,-2)
CC:(CC,0) (AB,0) (AA,-1) (AD,-3) (AE,-2)
-----
AA:(AA,0) (AD,-2) (AE,-1) (AB,0) (CC,-34)
AB:(AB,0) (AA,-1) (CC,-35) (AD,-3) (AE,-2)
AD:(AD,0) (AE,1) (AB,2) (AA,1) (CC,-33)
AE:(AE,0) (AB,1) (AA,0) (CC,-34) (AD,-2)
CC:(CC,0) (AB,0) (AA,-1) (AD,-3) (AE,-2)
-----
AA:(AA,0) (AD,-2) (AE,-1) (AB,0) (CC,-35)
AB:(AB,0) (AA,-1) (CC,-36) (AD,-3) (AE,-2)
AD:(AD,0) (AE,1) (AB,2) (AA,1) (CC,-33)
AE:(AE,0) (AB,1) (AA,0) (CC,-35) (AD,-2)
CC:(CC,0) (AB,0) (AA,-1) (AD,-3) (AE,-2)
-----
AA:(AA,0) (AD,-2) (AE,-1) (AB,0) (CC,-35)
AB:(AB,0) (AA,-1) (CC,-36) (AD,-3) (AE,-2)
AD:(AD,0) (AE,1) (AB,2) (AA,1) (CC,-34)
AE:(AE,0) (AB,1) (AA,0) (CC,-35) (AD,-2)
CC:(CC,0) (AB,0) (AA,-1) (AD,-3) (AE,-2)
-----
AA:(AA,0) (AD,-2) (AE,-1) (AB,0) (CC,-36)
AB:(AB,0) (AA,-1) (CC,-37) (AD,-3) (AE,-2)
AD:(AD,0) (AE,1) (AB,2) (AA,1) (CC,-34)
AE:(AE,0) (AB,1) (AA,0) (CC,-36) (AD,-2)
CC:(CC,0) (AB,0) (AA,-1) (AD,-3) (AE,-2)
-----
AA:(AA,0) (AD,-2) (AE,-1) (AB,0) (CC,-36)
AB:(AB,0) (AA,-1) (CC,-37) (AD,-3) (AE,-2)
AD:(AD,0) (AE,1) (AB,2) (AA,1) (CC,-35)
AE:(AE,0) (AB,1) (AA,0) (CC,-36) (AD,-2)
CC:(CC,0) (AB,0) (AA,-1) (AD,-3) (AE,-2)
-----
AA:(AA,0) (AD,-2) (AE,-1) (AB,0) (CC,-37)
AB:(AB,0) (AA,-1) (CC,-38) (AD,-3) (AE,-2)
AD:(AD,0) (AE,1) (AB,2) (AA,1) (CC,-35)
AE:(AE,0) (AB,1) (AA,0) (CC,-37) (AD,-2)
CC:(CC,0) (AB,0) (AA,-1) (AD,-3) (AE,-2)
-----
AA:(AA,0) (AD,-2) (AE,-1) (AB,0) (CC,-37)
AB:(AB,0) (AA,-1) (CC,-38) (AD,-3) (AE,-2)
AD:(AD,0) (AE,1) (AB,2) (AA,1) (CC,-36)
AE:(AE,0) (AB,1) (AA,0) (CC,-37) (AD,-2)
CC:(CC,0) (AB,0) (AA,-1) (AD,-3) (AE,-2)
-----
AA:(AA,0) (AD,-2) (AE,-1) (AB,0) (CC,-38)
AB:(AB,0) (AA,-1) (CC,-39) (AD,-3) (AE,-2)
AD:(AD,0) (AE,1) (AB,2) (AA,1) (CC,-36)
AE:(AE,0) (AB,1) (AA,0) (CC,-38) (AD,-2)
CC:(CC,0) (AB,0) (AA,-1) (AD,-3) (AE,-2)
-----
AA:(AA,0) (AD,-2) (AE,-1) (AB,0) (CC,-38)
AB:(AB,0) (AA,-1) (CC,-39) (AD,-3) (AE,-2)
AD:(AD,0) (AE,1) (AB,2) (AA,1) (CC,-37)
AE:(AE,0) (AB,1) (AA,0) (CC,-38) (AD,-2)
CC:(CC,0) (AB,0) (AA,-1) (AD,-3) (AE,-2)
-----
AA:(AA,0) (AD,-2) (AE,-1) (AB,0) (CC,-39)
AB:(AB,0) (AA,-1) (CC,-40) (AD,-3) (AE,-2)
AD:(AD,0) (AE,1) (AB,2) (AA,1) (CC,-37)
AE:(AE,0) (AB,1) (AA,0) (CC,-39) (AD,-2)
CC:(CC,0) (AB,0) (AA,-1) (AD,-3) (AE,-2)
-----
AA:(AA,0) (AD,-2) (AE,-1) (AB,0) (CC,-39)
AB:(AB,0) (AA,-1) (CC,-40) (AD,-3) (AE,-2)
AD:(AD,0) (AE,1) (AB,2) (AA,1) (CC,-38)
AE:(AE,0) (AB,1) (AA,0) (CC,-39) (AD,-2)
CC:(CC,0) (AB,0) (AA,-1) (AD,-3) (AE,-2)
-----
AA:(AA,0) (AD,-2) (AE,-1) (AB,0) (CC,-40)
AB:(AB,0) (AA,-1) (CC,-41) (AD,-3) (AE,-2)
AD:(AD,0) (AE,1) (AB,2) (AA,1) (CC,-38)
AE:(AE,0) (AB,1) (AA,0) (CC,-40) (AD,-2)
CC:(CC,0) (AB,0) (AA,-1) (AD,-3) (AE,-2)
-----
AA:(AA,0) (AD,-2) (AE,-1) (AB,0) (CC,-40)
AB:(AB,0) (AA,-1) (CC,-41) (AD,-3) (AE,-2)
AD:(AD,0) (AE,1) (AB,2) (AA,1) (CC,-39)
AE:(AE,0) (AB,1) (AA,0) (CC,-40) (AD,-2)
CC:(CC,0) (AB,0) (AA,-1) (AD,-3) (AE,-2)
-----
AA:(AA,0) (AD,-2) (AE,-1) (AB,0) (CC,-41)
AB:(AB,0) (AA,-1) (CC,-42) (AD,-3) (AE,-2)
AD:(AD,0) (AE,1) (AB,2) (AA,1) (CC,-39)
AE:(AE,0) (AB,1) (AA,0) (CC,-41) (AD,-2)
CC:(CC,0) (AB,0) (AA,-1) (AD,-3) (AE,-2)
-----
AA:(AA,0) (AD,-2) (AE,-1) (AB,0) (CC,-41)
AB:(AB,0) (AA,-1) (CC,-42) (AD,-3) (AE,-2)
AD:(AD,0) (AE,1) (AB,2) (AA,1) (CC,-40)
AE:(AE,0) (AB,1) (AA,0) (CC,-41) (AD,-2)
CC:(CC,0) (AB,0) (AA,-1) (AD,-3) (AE,-2)
-----
AA:(AA,0) (AD,-2) (AE,-1) (AB,0) (CC,-42)
AB:(AB,0) (AA,-1) (CC,-43) (AD,-3) (AE,-2)
AD:(AD,0) (AE,1) (AB,2) (AA,1) (CC,-40)
AE:(AE,0) (AB,1) (AA,0) (CC,-42) (AD,-2)
CC:(CC,0) (AB,0) (AA,-1) (AD,-3) (AE,-2)
-----
AA:(AA,0) (AD,-2) (AE,-1) (AB,0) (CC,-42)
AB:(AB,0) (AA,-1) (CC,-43) (AD,-3) (AE,-2)
AD:(AD,0) (AE,1) (AB,2) (AA,1) (CC,-41)
AE:(AE,0) (AB,1) (AA,0) (CC,-42) (AD,-2)
CC:(CC,0) (AB,0) (AA,-1) (AD,-3) (AE,-2)
-----
AA:(AA,0) (AD,-2) (AE,-1) (AB,0) (CC,-43)
AB:(AB,0) (AA,-1) (CC,-44) (AD,-3) (AE,-2)
AD:(AD,0) (AE,1) (AB,2) (AA,1) (CC,-41)
AE:(AE,0) (AB,1) (AA,0) (CC,-43) (AD,-2)
CC:(CC,0) (AB,0) (AA,-1) (AD,-3) (AE,-2)
-----
AA:(AA,0) (AD,-2) (AE,-1) (AB,0) (CC,-43)
AB:(AB,0) (AA,-1) (CC,-44) (AD,-3) (AE,-2)
AD:(AD,0) (AE,1) (AB,2) (AA,1) (CC,-42)
AE:(AE,0) (AB,1) (AA,0) (CC,-43) (AD,-2)
CC:(CC,0) (AB,0) (AA,-1) (AD,-3) (AE,-2)
-----
AA:(AA,0) (AD,-2) (AE,-1) (AB,0) (CC,-44)
AB:(AB,0) (AA,-1) (CC,-45) (AD,-3) (AE,-2)
AD:(AD,0) (AE,1) (AB,2) (AA,1) (CC,-42)
AE:(AE,0) (AB,1) (AA,0) (CC,-44) (AD,-2)
CC:(CC,0) (AB,0) (AA,-1) (AD,-3) (AE,-2)
-----
AA:(AA,0) (AD,-2) (AE,-1) (AB,0) (CC,-44)
AB:(AB,0) (AA,-1) (CC,-45) (AD,-3) (AE,-2)
AD:(AD,0) (AE,1) (AB,2) (AA,1) (CC,-43)
AE:(AE,0) (AB,1) (AA,0) (CC,-44) (AD,-2)
CC:(CC,0) (AB,0) (AA,-1) (AD,-3) (AE,-2)
-----
AA:(AA,0) (AD,-2) (AE,-1) (AB,0) (CC,-45)
AB:(AB,0) (AA,-1) (CC,-46) (AD,-3) (AE,-2)
AD:(AD,0) (AE,1) (AB,2) (AA,1) (CC,-43)
AE:(AE,0) (AB,1) (AA,0) (CC,-45) (AD,-2)
CC:(CC,0) (AB,0) (AA,-1) (AD,-3) (AE,-2)
-----
AA:(AA,0) (AD,-2) (AE,-1) (AB,0) (CC,-45)
AB:(AB,0) (AA,-1) (CC,-46) (AD,-3) (AE,-2)
AD:(AD,0) (AE,1) (AB,2) (AA,1) (CC,-44)
AE:(AE,0) (AB,1) (AA,0) (CC,-45) (AD,-2)
CC:(CC,0) (AB,0) (AA,-1) (AD,-3) (AE,-2)
-----
AA:(AA,0) (AD,-2) (AE,-1) (AB,0) (CC,-46)
AB:(AB,0) (AA,-1) (CC,-47) (AD,-3) (AE,-2)
AD:(AD,0) (AE,1) (AB,2) (AA,1) (CC,-44)
AE:(AE,0) (AB,1) (AA,0) (CC,-46) (AD,-2)
CC:(CC,0) (AB,0) (AA,-1) (AD,-3) (AE,-2)
-----
AA:(AA,0) (AD,-2) (AE,-1) (AB,0) (CC,-46)
AB:(AB,0) (AA,-1) (CC,-47) (AD,-3) (AE,-2)
AD:(AD,0) (AE,1) (AB,2) (AA,1) (CC,-45)
AE:(AE,0) (AB,1) (AA,0) (CC,-46) (AD,-2)
CC:(CC,0) (AB,0) (AA,-1) (AD,-3) (AE,-2)
-----
AA:(AA,0) (AD,-2) (AE,-1) (AB,0) (CC,-47)
AB:(AB,0) (AA,-1) (CC,-48) (AD,-3) (AE,-2)
AD:(AD,0) (AE,1) (AB,2) (AA,1) (CC,-45)
AE:(AE,0) (AB,1) (AA,0) (CC,-47) (AD,-2)
CC:(CC,0) (AB,0) (AA,-1) (AD,-3) (AE,-2)
-----
AA:(AA,0) (AD,-2) (AE,-1) (AB,0) (CC,-47)
AB:(AB,0) (AA,-1) (CC,-48) (AD,-3) (AE,-2)
AD:(AD,0) (AE,1) (AB,2) (AA,1) (CC,-46)
AE:(AE,0) (AB,1) (AA,0) (CC,-47) (AD,-2)
CC:(CC,0) (AB,0) (AA,-1) (AD,-3) (AE,-2)
-----
AA:(AA,0) (AD,-2) (AE,-1) (AB,0) (CC,-48)
AB:(AB,0) (AA,-1) (CC,-49) (AD,-3) (AE,-2)
AD:(AD,0) (AE,1) (AB,2) (AA,1) (CC,-46)
AE:(AE,0) (AB,1) (AA,0) (CC,-48) (AD,-2)
CC:(CC,0) (AB,0) (AA,-1) (AD,-3) (AE,-2)
-----
AA:(AA,0) (AD,-2) (AE,-1) (AB,0) (CC,-48)
AB:(AB,0) (AA,-1) (CC,-49) (AD,-3) (AE,-2)
AD:(AD,0) (AE,1) (AB,2) (AA,1) (CC,-47)
AE:(AE,0) (AB,1) (AA,0) (CC,-48) (AD,-2)
CC:(CC,0) (AB,0) (AA,-1) (AD,-3) (AE,-2)
-----
AA:(AA,0) (AD,-2) (AE,-1) (AB,0) (CC,-49)
AB:(AB,0) (AA,-1) (CC,-50) (AD,-3) (AE,-2)
AD:(AD,0) (AE,1) (AB,2) (AA,1) (CC,-47)
AE:(AE,0) (AB,1) (AA,0) (CC,-49) (AD,-2)
CC:(CC,0) (AB,0) (AA,-1) (AD,-3) (AE,-2)
-----
AA:(AA,0) (AD,-2) (AE,-1) (AB,0) (CC,-49)
AB:(AB,0) (AA,-1) (CC,-50) (AD,-3) (AE,-2)
AD:(AD,0) (AE,1) (AB,2) (AA,1) (CC,-48)
AE:(AE,0) (AB,1) (AA,0) (CC,-49) (AD,-2)
CC:(CC,0) (AB,0) (AA,-1) (AD,-3) (AE,-2)
-----
AA:(AA,0) (AD,-2) (AE,-1) (AB,0) (CC,-50)
AB:(AB,0) (AA,-1) (CC,-99) (AD,-3) (AE,-2)
AD:(AD,0) (AE,1) (AB,2) (AA,1) (CC,-48)
AE:(AE,0) (AB,1) (AA,0) (CC,-99) (AD,-2)
CC:(CC,0) (AB,0) (AA,-1) (AD,-3) (AE,-2)
-----
AA:(AA,0) (AD,-2) (AE,-1) (AB,0) (CC,-50)
AB:(AB,0) (AA,-1) (CC,-99) (AD,-3) (AE,-2)
AD:(AD,0) (AE,1) (AB,2) (AA,1) (CC,-99)
AE:(AE,0) (AB,1) (AA,0) (CC,-99) (AD,-2)
CC:(CC,0) (AB,0) (AA,-1) (AD,-3) (AE,-2)
-----
AA:(AA,0) (AD,-2) (AE,-1) (AB,0) (CC,-99)
AB:(AB,0) (AA,-1) (CC,-99) (AD,-3) (AE,-2)
AD:(AD,0) (AE,1) (AB,2) (AA,1) (CC,-99)
AE:(AE,0) (AB,1) (AA,0) (CC,-99) (AD,-2)
CC:(CC,0) (AB,0) (AA,-1) (AD,-3) (AE,-2)
-----
