This file contains any messages produced by compilers while
running configure, to aid debugging if configure makes a mistake.

It was created by libbgpstream configure 2.2.0, which was
generated by GNU Autoconf 2.69.  Invocation command line was

  $ ./configure 

## --------- ##
## Platform. ##
## --------- ##

hostname = mininet
uname -m = aarch64
uname -r = 6.1.0-13-arm64
uname -s = Linux
uname -v = #1 SMP Debian 6.1.55-1 (2023-09-29)

/usr/bin/uname -p = unknown
/bin/uname -X     = unknown

/bin/arch              = aarch64
/usr/bin/arch -k       = unknown
/usr/convex/getsysinfo = unknown
/usr/bin/hostinfo      = unknown
/bin/machine           = unknown
/usr/bin/oslevel       = unknown
/bin/universe          = unknown

PATH: /usr/local/bin
PATH: /usr/bin
PATH: /bin
PATH: /usr/local/games
PATH: /usr/games


## ----------- ##
## Core tests. ##
## ----------- ##

configure:2470: checking for a BSD-compatible install
configure:2538: result: /usr/bin/install -c
configure:2549: checking whether build environment is sane
configure:2604: result: yes
configure:2755: checking for a thread-safe mkdir -p
configure:2794: result: /usr/bin/mkdir -p
configure:2801: checking for gawk
configure:2831: result: no
configure:2801: checking for mawk
configure:2817: found /usr/bin/mawk
configure:2828: result: mawk
configure:2839: checking whether make sets $(MAKE)
configure:2861: result: yes
configure:2890: checking whether make supports nested variables
configure:2907: result: yes
configure:3063: checking build system type
configure:3077: result: aarch64-unknown-linux-gnu
configure:3097: checking host system type
configure:3110: result: aarch64-unknown-linux-gnu
configure:3151: checking how to print strings
configure:3178: result: printf
configure:3203: checking whether make supports the include directive
configure:3218: make -f confmf.GNU && cat confinc.out
this is the am__doit target
configure:3221: $? = 0
configure:3240: result: yes (GNU style)
configure:3310: checking for gcc
configure:3326: found /usr/bin/gcc
configure:3337: result: gcc
configure:3566: checking for C compiler version
configure:3575: gcc --version >&5
gcc (Debian 12.2.0-14) 12.2.0
Copyright (C) 2022 Free Software Foundation, Inc.
This is free software; see the source for copying conditions.  There is NO
warranty; not even for MERCHANTABILITY or FITNESS FOR A PARTICULAR PURPOSE.

configure:3586: $? = 0
configure:3575: gcc -v >&5
Using built-in specs.
COLLECT_GCC=gcc
COLLECT_LTO_WRAPPER=/usr/lib/gcc/aarch64-linux-gnu/12/lto-wrapper
Target: aarch64-linux-gnu
Configured with: ../src/configure -v --with-pkgversion='Debian 12.2.0-14' --with-bugurl=file:///usr/share/doc/gcc-12/README.Bugs --enable-languages=c,ada,c++,go,d,fortran,objc,obj-c++,m2 --prefix=/usr --with-gcc-major-version-only --program-suffix=-12 --program-prefix=aarch64-linux-gnu- --enable-shared --enable-linker-build-id --libexecdir=/usr/lib --without-included-gettext --enable-threads=posix --libdir=/usr/lib --enable-nls --enable-clocale=gnu --enable-libstdcxx-debug --enable-libstdcxx-time=yes --with-default-libstdcxx-abi=new --enable-gnu-unique-object --disable-libquadmath --disable-libquadmath-support --enable-plugin --enable-default-pie --with-system-zlib --enable-libphobos-checking=release --with-target-system-zlib=auto --enable-objc-gc=auto --enable-multiarch --enable-fix-cortex-a53-843419 --disable-werror --enable-checking=release --build=aarch64-linux-gnu --host=aarch64-linux-gnu --target=aarch64-linux-gnu
Thread model: posix
Supported LTO compression algorithms: zlib zstd
gcc version 12.2.0 (Debian 12.2.0-14) 
configure:3586: $? = 0
configure:3575: gcc -V >&5
gcc: error: unrecognized command-line option '-V'
gcc: fatal error: no input files
compilation terminated.
configure:3586: $? = 1
configure:3575: gcc -qversion >&5
gcc: error: unrecognized command-line option '-qversion'; did you mean '--version'?
gcc: fatal error: no input files
compilation terminated.
configure:3586: $? = 1
configure:3606: checking whether the C compiler works
configure:3628: gcc    conftest.c  >&5
configure:3632: $? = 0
configure:3680: result: yes
configure:3683: checking for C compiler default output file name
configure:3685: result: a.out
configure:3691: checking for suffix of executables
configure:3698: gcc -o conftest    conftest.c  >&5
configure:3702: $? = 0
configure:3724: result: 
configure:3746: checking whether we are cross compiling
configure:3754: gcc -o conftest    conftest.c  >&5
configure:3758: $? = 0
configure:3765: ./conftest
configure:3769: $? = 0
configure:3784: result: no
configure:3789: checking for suffix of object files
configure:3811: gcc -c   conftest.c >&5
configure:3815: $? = 0
configure:3836: result: o
configure:3840: checking whether we are using the GNU C compiler
configure:3859: gcc -c   conftest.c >&5
configure:3859: $? = 0
configure:3868: result: yes
configure:3877: checking whether gcc accepts -g
configure:3897: gcc -c -g  conftest.c >&5
configure:3897: $? = 0
configure:3938: result: yes
configure:3955: checking for gcc option to accept ISO C89
configure:4018: gcc  -c -g -O2  conftest.c >&5
configure:4018: $? = 0
configure:4031: result: none needed
configure:4056: checking whether gcc understands -c and -o together
configure:4078: gcc -c conftest.c -o conftest2.o
configure:4081: $? = 0
configure:4078: gcc -c conftest.c -o conftest2.o
configure:4081: $? = 0
configure:4093: result: yes
configure:4112: checking dependency style of gcc
configure:4223: result: gcc3
configure:4238: checking for a sed that does not truncate output
configure:4302: result: /usr/bin/sed
configure:4320: checking for grep that handles long lines and -e
configure:4378: result: /usr/bin/grep
configure:4383: checking for egrep
configure:4445: result: /usr/bin/grep -E
configure:4450: checking for fgrep
configure:4512: result: /usr/bin/grep -F
configure:4547: checking for ld used by gcc
configure:4614: result: /usr/bin/ld
configure:4621: checking if the linker (/usr/bin/ld) is GNU ld
configure:4636: result: yes
configure:4648: checking for BSD- or MS-compatible name lister (nm)
configure:4702: result: /usr/bin/nm -B
configure:4832: checking the name lister (/usr/bin/nm -B) interface
configure:4839: gcc -c -g -O2  conftest.c >&5
configure:4842: /usr/bin/nm -B "conftest.o"
configure:4845: output
0000000000000000 B some_variable
configure:4852: result: BSD nm
configure:4855: checking whether ln -s works
configure:4859: result: yes
configure:4867: checking the maximum length of command line arguments
configure:4998: result: 1572864
configure:5046: checking how to convert aarch64-unknown-linux-gnu file names to aarch64-unknown-linux-gnu format
configure:5086: result: func_convert_file_noop
configure:5093: checking how to convert aarch64-unknown-linux-gnu file names to toolchain format
configure:5113: result: func_convert_file_noop
configure:5120: checking for /usr/bin/ld option to reload object files
configure:5127: result: -r
configure:5201: checking for objdump
configure:5217: found /usr/bin/objdump
configure:5228: result: objdump
configure:5260: checking how to recognize dependent libraries
configure:5460: result: pass_all
configure:5545: checking for dlltool
configure:5575: result: no
configure:5605: checking how to associate runtime and link libraries
configure:5632: result: printf %s\n
configure:5693: checking for ar
configure:5709: found /usr/bin/ar
configure:5720: result: ar
configure:5757: checking for archiver @FILE support
configure:5774: gcc -c -g -O2  conftest.c >&5
configure:5774: $? = 0
configure:5777: ar cr libconftest.a @conftest.lst >&5
configure:5780: $? = 0
configure:5785: ar cr libconftest.a @conftest.lst >&5
ar: conftest.o: No such file or directory
configure:5788: $? = 1
configure:5800: result: @
configure:5858: checking for strip
configure:5874: found /usr/bin/strip
configure:5885: result: strip
configure:5957: checking for ranlib
configure:5973: found /usr/bin/ranlib
configure:5984: result: ranlib
configure:6086: checking command to parse /usr/bin/nm -B output from gcc object
configure:6239: gcc -c -g -O2  conftest.c >&5
configure:6242: $? = 0
configure:6246: /usr/bin/nm -B conftest.o | sed -n -e 's/^.*[	 ]\([ABCDGIRSTW][ABCDGIRSTW]*\)[	 ][	 ]*\([_A-Za-z][_A-Za-z0-9]*\)$/\1 \2 \2/p' | sed '/ __gnu_lto/d' > conftest.nm
configure:6312: gcc -o conftest -g -O2   conftest.c conftstm.o >&5
configure:6315: $? = 0
configure:6353: result: ok
configure:6400: checking for sysroot
configure:6430: result: no
configure:6437: checking for a working dd
configure:6475: result: /usr/bin/dd
configure:6479: checking how to truncate binary pipes
configure:6494: result: /usr/bin/dd bs=4096 count=1
configure:6823: checking for mt
configure:6839: found /usr/bin/mt
configure:6850: result: mt
configure:6873: checking if mt is a manifest tool
configure:6879: mt '-?'
configure:6887: result: no
configure:7564: checking how to run the C preprocessor
configure:7595: gcc -E  conftest.c
configure:7595: $? = 0
configure:7609: gcc -E  conftest.c
conftest.c:11:10: fatal error: ac_nonexistent.h: No such file or directory
   11 | #include <ac_nonexistent.h>
      |          ^~~~~~~~~~~~~~~~~~
compilation terminated.
configure:7609: $? = 1
configure: failed program was:
| /* confdefs.h */
| #define PACKAGE_NAME "libbgpstream"
| #define PACKAGE_TARNAME "libbgpstream"
| #define PACKAGE_VERSION "2.2.0"
| #define PACKAGE_STRING "libbgpstream 2.2.0"
| #define PACKAGE_BUGREPORT "bgpstream-info@caida.org"
| #define PACKAGE_URL ""
| #define PACKAGE "libbgpstream"
| #define VERSION "2.2.0"
| /* end confdefs.h.  */
| #include <ac_nonexistent.h>
configure:7634: result: gcc -E
configure:7654: gcc -E  conftest.c
configure:7654: $? = 0
configure:7668: gcc -E  conftest.c
conftest.c:11:10: fatal error: ac_nonexistent.h: No such file or directory
   11 | #include <ac_nonexistent.h>
      |          ^~~~~~~~~~~~~~~~~~
compilation terminated.
configure:7668: $? = 1
configure: failed program was:
| /* confdefs.h */
| #define PACKAGE_NAME "libbgpstream"
| #define PACKAGE_TARNAME "libbgpstream"
| #define PACKAGE_VERSION "2.2.0"
| #define PACKAGE_STRING "libbgpstream 2.2.0"
| #define PACKAGE_BUGREPORT "bgpstream-info@caida.org"
| #define PACKAGE_URL ""
| #define PACKAGE "libbgpstream"
| #define VERSION "2.2.0"
| /* end confdefs.h.  */
| #include <ac_nonexistent.h>
configure:7697: checking for ANSI C header files
configure:7717: gcc -c -g -O2  conftest.c >&5
configure:7717: $? = 0
configure:7790: gcc -o conftest -g -O2   conftest.c  >&5
configure:7790: $? = 0
configure:7790: ./conftest
configure:7790: $? = 0
configure:7801: result: yes
configure:7814: checking for sys/types.h
configure:7814: gcc -c -g -O2  conftest.c >&5
configure:7814: $? = 0
configure:7814: result: yes
configure:7814: checking for sys/stat.h
configure:7814: gcc -c -g -O2  conftest.c >&5
configure:7814: $? = 0
configure:7814: result: yes
configure:7814: checking for stdlib.h
configure:7814: gcc -c -g -O2  conftest.c >&5
configure:7814: $? = 0
configure:7814: result: yes
configure:7814: checking for string.h
configure:7814: gcc -c -g -O2  conftest.c >&5
configure:7814: $? = 0
configure:7814: result: yes
configure:7814: checking for memory.h
configure:7814: gcc -c -g -O2  conftest.c >&5
configure:7814: $? = 0
configure:7814: result: yes
configure:7814: checking for strings.h
configure:7814: gcc -c -g -O2  conftest.c >&5
configure:7814: $? = 0
configure:7814: result: yes
configure:7814: checking for inttypes.h
configure:7814: gcc -c -g -O2  conftest.c >&5
configure:7814: $? = 0
configure:7814: result: yes
configure:7814: checking for stdint.h
configure:7814: gcc -c -g -O2  conftest.c >&5
configure:7814: $? = 0
configure:7814: result: yes
configure:7814: checking for unistd.h
configure:7814: gcc -c -g -O2  conftest.c >&5
configure:7814: $? = 0
configure:7814: result: yes
configure:7828: checking for dlfcn.h
configure:7828: gcc -c -g -O2  conftest.c >&5
configure:7828: $? = 0
configure:7828: result: yes
configure:8084: checking for objdir
configure:8099: result: .libs
configure:8363: checking if gcc supports -fno-rtti -fno-exceptions
configure:8381: gcc -c -g -O2  -fno-rtti -fno-exceptions conftest.c >&5
cc1: warning: command-line option '-fno-rtti' is valid for C++/D/ObjC++ but not for C
configure:8385: $? = 0
configure:8398: result: no
configure:8762: checking for gcc option to produce PIC
configure:8769: result: -fPIC -DPIC
configure:8777: checking if gcc PIC flag -fPIC -DPIC works
configure:8795: gcc -c -g -O2  -fPIC -DPIC -DPIC conftest.c >&5
configure:8799: $? = 0
configure:8812: result: yes
configure:8841: checking if gcc static flag -static works
configure:8869: result: yes
configure:8884: checking if gcc supports -c -o file.o
configure:8905: gcc -c -g -O2  -o out/conftest2.o conftest.c >&5
configure:8909: $? = 0
configure:8931: result: yes
configure:8939: checking if gcc supports -c -o file.o
configure:8986: result: yes
configure:9019: checking whether the gcc linker (/usr/bin/ld) supports shared libraries
configure:10282: result: yes
configure:10319: checking whether -lc should be explicitly linked in
configure:10327: gcc -c -g -O2  conftest.c >&5
configure:10330: $? = 0
configure:10345: gcc -shared  -fPIC -DPIC conftest.o  -v -Wl,-soname -Wl,conftest -o conftest 2\>\&1 \| /usr/bin/grep  -lc  \>/dev/null 2\>\&1
configure:10348: $? = 0
configure:10362: result: no
configure:10522: checking dynamic linker characteristics
configure:11103: gcc -o conftest -g -O2   -Wl,-rpath -Wl,/foo conftest.c  >&5
configure:11103: $? = 0
configure:11352: result: GNU/Linux ld.so
configure:11474: checking how to hardcode library paths into programs
configure:11499: result: immediate
configure:12047: checking whether stripping libraries is possible
configure:12052: result: yes
configure:12087: checking if libtool supports shared libraries
configure:12089: result: yes
configure:12092: checking whether to build shared libraries
configure:12117: result: yes
configure:12120: checking whether to build static libraries
configure:12124: result: yes
configure:12174: checking whether to use rpath
configure:12183: result: yes
configure:12266: checking dependency style of gcc
configure:12377: result: gcc3
configure:12444: checking for gcc option to accept ISO C99
configure:12593: gcc  -c -g -O2  conftest.c >&5
configure:12593: $? = 0
configure:12606: result: none needed
configure:12629: checking for special C compiler options needed for large files
configure:12674: result: no
configure:12680: checking for _FILE_OFFSET_BITS value needed for large files
configure:12705: gcc -c -g -O2  conftest.c >&5
configure:12705: $? = 0
configure:12737: result: no
configure:12828: checking for gettimeofday
configure:12828: gcc -o conftest -g -O2   conftest.c  >&5
configure:12828: $? = 0
configure:12828: result: yes
configure:12828: checking for memset
configure:12828: gcc -o conftest -g -O2   conftest.c  >&5
conftest.c:49:6: warning: conflicting types for built-in function 'memset'; expected 'void *(void *, int,  long unsigned int)' [-Wbuiltin-declaration-mismatch]
   49 | char memset ();
      |      ^~~~~~
conftest.c:37:1: note: 'memset' is declared in header '<string.h>'
   36 | # include <limits.h>
   37 | #else
configure:12828: $? = 0
configure:12828: result: yes
configure:12828: checking for strdup
configure:12828: gcc -o conftest -g -O2   conftest.c  >&5
conftest.c:50:6: warning: conflicting types for built-in function 'strdup'; expected 'char *(const char *)' [-Wbuiltin-declaration-mismatch]
   50 | char strdup ();
      |      ^~~~~~
configure:12828: $? = 0
configure:12828: result: yes
configure:12828: checking for strstr
configure:12828: gcc -o conftest -g -O2   conftest.c  >&5
conftest.c:51:6: warning: conflicting types for built-in function 'strstr'; expected 'char *(const char *, const char *)' [-Wbuiltin-declaration-mismatch]
   51 | char strstr ();
      |      ^~~~~~
conftest.c:39:1: note: 'strstr' is declared in header '<string.h>'
   38 | # include <limits.h>
   39 | #else
configure:12828: $? = 0
configure:12828: result: yes
configure:12828: checking for strsep
configure:12828: gcc -o conftest -g -O2   conftest.c  >&5
configure:12828: $? = 0
configure:12828: result: yes
configure:12828: checking for strlcpy
configure:12828: gcc -o conftest -g -O2   conftest.c  >&5
/usr/bin/ld: /tmp/ccxuFD3C.o: in function `main':
/home/mininet/pox/src/libbgpstream-2.2.0/conftest.c:64: undefined reference to `strlcpy'
collect2: error: ld returned 1 exit status
configure:12828: $? = 1
configure: failed program was:
| /* confdefs.h */
| #define PACKAGE_NAME "libbgpstream"
| #define PACKAGE_TARNAME "libbgpstream"
| #define PACKAGE_VERSION "2.2.0"
| #define PACKAGE_STRING "libbgpstream 2.2.0"
| #define PACKAGE_BUGREPORT "bgpstream-info@caida.org"
| #define PACKAGE_URL ""
| #define PACKAGE "libbgpstream"
| #define VERSION "2.2.0"
| #define STDC_HEADERS 1
| #define HAVE_SYS_TYPES_H 1
| #define HAVE_SYS_STAT_H 1
| #define HAVE_STDLIB_H 1
| #define HAVE_STRING_H 1
| #define HAVE_MEMORY_H 1
| #define HAVE_STRINGS_H 1
| #define HAVE_INTTYPES_H 1
| #define HAVE_STDINT_H 1
| #define HAVE_UNISTD_H 1
| #define HAVE_DLFCN_H 1
| #define LT_OBJDIR ".libs/"
| #define PACKAGE "libbgpstream"
| #define VERSION "2.2.0"
| #define HAVE_GETTIMEOFDAY 1
| #define HAVE_MEMSET 1
| #define HAVE_STRDUP 1
| #define HAVE_STRSTR 1
| #define HAVE_STRSEP 1
| /* end confdefs.h.  */
| /* Define strlcpy to an innocuous variant, in case <limits.h> declares strlcpy.
|    For example, HP-UX 11i <limits.h> declares gettimeofday.  */
| #define strlcpy innocuous_strlcpy
| 
| /* System header to define __stub macros and hopefully few prototypes,
|     which can conflict with char strlcpy (); below.
|     Prefer <limits.h> to <assert.h> if __STDC__ is defined, since
|     <limits.h> exists even on freestanding compilers.  */
| 
| #ifdef __STDC__
| # include <limits.h>
| #else
| # include <assert.h>
| #endif
| 
| #undef strlcpy
| 
| /* Override any GCC internal prototype to avoid an error.
|    Use char because int might match the return type of a GCC
|    builtin and then its argument prototype would still apply.  */
| #ifdef __cplusplus
| extern "C"
| #endif
| char strlcpy ();
| /* The GNU C library defines this for functions which it implements
|     to always fail with ENOSYS.  Some functions are actually named
|     something starting with __ and the normal name is an alias.  */
| #if defined __stub_strlcpy || defined __stub___strlcpy
| choke me
| #endif
| 
| int
| main ()
| {
| return strlcpy ();
|   ;
|   return 0;
| }
configure:12828: result: no
configure:12828: checking for vasprintf
configure:12828: gcc -o conftest -g -O2   conftest.c  >&5
configure:12828: $? = 0
configure:12828: result: yes
configure:12840: checking whether to build with debug information
configure:12849: result: no
configure:12859: checking for size_t
configure:12859: gcc -c -g -O2  conftest.c >&5
configure:12859: $? = 0
configure:12859: gcc -c -g -O2  conftest.c >&5
conftest.c: In function 'main':
conftest.c:67:21: error: expected expression before ')' token
   67 | if (sizeof ((size_t)))
      |                     ^
configure:12859: $? = 1
configure: failed program was:
| /* confdefs.h */
| #define PACKAGE_NAME "libbgpstream"
| #define PACKAGE_TARNAME "libbgpstream"
| #define PACKAGE_VERSION "2.2.0"
| #define PACKAGE_STRING "libbgpstream 2.2.0"
| #define PACKAGE_BUGREPORT "bgpstream-info@caida.org"
| #define PACKAGE_URL ""
| #define PACKAGE "libbgpstream"
| #define VERSION "2.2.0"
| #define STDC_HEADERS 1
| #define HAVE_SYS_TYPES_H 1
| #define HAVE_SYS_STAT_H 1
| #define HAVE_STDLIB_H 1
| #define HAVE_STRING_H 1
| #define HAVE_MEMORY_H 1
| #define HAVE_STRINGS_H 1
| #define HAVE_INTTYPES_H 1
| #define HAVE_STDINT_H 1
| #define HAVE_UNISTD_H 1
| #define HAVE_DLFCN_H 1
| #define LT_OBJDIR ".libs/"
| #define PACKAGE "libbgpstream"
| #define VERSION "2.2.0"
| #define HAVE_GETTIMEOFDAY 1
| #define HAVE_MEMSET 1
| #define HAVE_STRDUP 1
| #define HAVE_STRSTR 1
| #define HAVE_STRSEP 1
| #define HAVE_VASPRINTF 1
| /* end confdefs.h.  */
| #include <stdio.h>
| #ifdef HAVE_SYS_TYPES_H
| # include <sys/types.h>
| #endif
| #ifdef HAVE_SYS_STAT_H
| # include <sys/stat.h>
| #endif
| #ifdef STDC_HEADERS
| # include <stdlib.h>
| # include <stddef.h>
| #else
| # ifdef HAVE_STDLIB_H
| #  include <stdlib.h>
| # endif
| #endif
| #ifdef HAVE_STRING_H
| # if !defined STDC_HEADERS && defined HAVE_MEMORY_H
| #  include <memory.h>
| # endif
| # include <string.h>
| #endif
| #ifdef HAVE_STRINGS_H
| # include <strings.h>
| #endif
| #ifdef HAVE_INTTYPES_H
| # include <inttypes.h>
| #endif
| #ifdef HAVE_STDINT_H
| # include <stdint.h>
| #endif
| #ifdef HAVE_UNISTD_H
| # include <unistd.h>
| #endif
| int
| main ()
| {
| if (sizeof ((size_t)))
| 	    return 0;
|   ;
|   return 0;
| }
configure:12859: result: yes
configure:12870: checking for uint16_t
configure:12870: gcc -c -g -O2  conftest.c >&5
configure:12870: $? = 0
configure:12870: result: yes
configure:12882: checking for uint32_t
configure:12882: gcc -c -g -O2  conftest.c >&5
configure:12882: $? = 0
configure:12882: result: yes
configure:12896: checking for uint64_t
configure:12896: gcc -c -g -O2  conftest.c >&5
configure:12896: $? = 0
configure:12896: result: yes
configure:12910: checking for uint8_t
configure:12910: gcc -c -g -O2  conftest.c >&5
configure:12910: $? = 0
configure:12910: result: yes
configure:12928: checking for stdlib.h
configure:12928: result: yes
configure:12938: checking for GNU libc compatible malloc
configure:12962: gcc -o conftest -g -O2   conftest.c  >&5
configure:12962: $? = 0
configure:12962: ./conftest
configure:12962: $? = 0
configure:12972: result: yes
configure:12995: checking for stdlib.h
configure:12995: result: yes
configure:13005: checking for GNU libc compatible realloc
configure:13029: gcc -o conftest -g -O2   conftest.c  >&5
configure:13029: $? = 0
configure:13029: ./conftest
configure:13029: $? = 0
configure:13039: result: yes
configure:13066: checking arpa/inet.h usability
configure:13066: gcc -c -g -O2  conftest.c >&5
configure:13066: $? = 0
configure:13066: result: yes
configure:13066: checking arpa/inet.h presence
configure:13066: gcc -E  conftest.c
configure:13066: $? = 0
configure:13066: result: yes
configure:13066: checking for arpa/inet.h
configure:13066: result: yes
configure:13066: checking for inttypes.h
configure:13066: result: yes
configure:13066: checking limits.h usability
configure:13066: gcc -c -g -O2  conftest.c >&5
configure:13066: $? = 0
configure:13066: result: yes
configure:13066: checking limits.h presence
configure:13066: gcc -E  conftest.c
configure:13066: $? = 0
configure:13066: result: yes
configure:13066: checking for limits.h
configure:13066: result: yes
configure:13066: checking math.h usability
configure:13066: gcc -c -g -O2  conftest.c >&5
configure:13066: $? = 0
configure:13066: result: yes
configure:13066: checking math.h presence
configure:13066: gcc -E  conftest.c
configure:13066: $? = 0
configure:13066: result: yes
configure:13066: checking for math.h
configure:13066: result: yes
configure:13066: checking for stdlib.h
configure:13066: result: yes
configure:13066: checking for string.h
configure:13066: result: yes
configure:13066: checking time.h usability
configure:13066: gcc -c -g -O2  conftest.c >&5
configure:13066: $? = 0
configure:13066: result: yes
configure:13066: checking time.h presence
configure:13066: gcc -E  conftest.c
configure:13066: $? = 0
configure:13066: result: yes
configure:13066: checking for time.h
configure:13066: result: yes
configure:13066: checking sys/time.h usability
configure:13066: gcc -c -g -O2  conftest.c >&5
configure:13066: $? = 0
configure:13066: result: yes
configure:13066: checking sys/time.h presence
configure:13066: gcc -E  conftest.c
configure:13066: $? = 0
configure:13066: result: yes
configure:13066: checking for sys/time.h
configure:13066: result: yes
configure:13225: checking if compiler needs certain flags to reject unknown flags
configure:13245: gcc -c  -Wunknown-warning-option -Wunused-command-line-argument -Wfoobaz -foobaz  conftest.c >&5
gcc: error: unrecognized command-line option '-Wunknown-warning-option'
gcc: error: unrecognized command-line option '-Wunused-command-line-argument'; did you mean '-Wunused-dummy-argument'?
gcc: error: unrecognized command-line option '-Wfoobaz'
gcc: error: unrecognized command-line option '-foobaz'
configure:13245: $? = 1
configure: failed program was:
| /* confdefs.h */
| #define PACKAGE_NAME "libbgpstream"
| #define PACKAGE_TARNAME "libbgpstream"
| #define PACKAGE_VERSION "2.2.0"
| #define PACKAGE_STRING "libbgpstream 2.2.0"
| #define PACKAGE_BUGREPORT "bgpstream-info@caida.org"
| #define PACKAGE_URL ""
| #define PACKAGE "libbgpstream"
| #define VERSION "2.2.0"
| #define STDC_HEADERS 1
| #define HAVE_SYS_TYPES_H 1
| #define HAVE_SYS_STAT_H 1
| #define HAVE_STDLIB_H 1
| #define HAVE_STRING_H 1
| #define HAVE_MEMORY_H 1
| #define HAVE_STRINGS_H 1
| #define HAVE_INTTYPES_H 1
| #define HAVE_STDINT_H 1
| #define HAVE_UNISTD_H 1
| #define HAVE_DLFCN_H 1
| #define LT_OBJDIR ".libs/"
| #define PACKAGE "libbgpstream"
| #define VERSION "2.2.0"
| #define HAVE_GETTIMEOFDAY 1
| #define HAVE_MEMSET 1
| #define HAVE_STRDUP 1
| #define HAVE_STRSTR 1
| #define HAVE_STRSEP 1
| #define HAVE_VASPRINTF 1
| #define HAVE_STDLIB_H 1
| #define HAVE_MALLOC 1
| #define HAVE_STDLIB_H 1
| #define HAVE_REALLOC 1
| #define HAVE_ARPA_INET_H 1
| #define HAVE_INTTYPES_H 1
| #define HAVE_LIMITS_H 1
| #define HAVE_MATH_H 1
| #define HAVE_STDLIB_H 1
| #define HAVE_STRING_H 1
| #define HAVE_TIME_H 1
| #define HAVE_SYS_TIME_H 1
| /* end confdefs.h.  */
| int foo(void);
| int
| main ()
| {
| foo()
|   ;
|   return 0;
| }
configure:13254: result: no
configure:13328: checking for the pthreads library -lpthreads
configure:13366: gcc -o conftest      conftest.c -lpthreads  >&5
/usr/bin/ld: cannot find -lpthreads: No such file or directory
collect2: error: ld returned 1 exit status
configure:13366: $? = 1
configure: failed program was:
| /* confdefs.h */
| #define PACKAGE_NAME "libbgpstream"
| #define PACKAGE_TARNAME "libbgpstream"
| #define PACKAGE_VERSION "2.2.0"
| #define PACKAGE_STRING "libbgpstream 2.2.0"
| #define PACKAGE_BUGREPORT "bgpstream-info@caida.org"
| #define PACKAGE_URL ""
| #define PACKAGE "libbgpstream"
| #define VERSION "2.2.0"
| #define STDC_HEADERS 1
| #define HAVE_SYS_TYPES_H 1
| #define HAVE_SYS_STAT_H 1
| #define HAVE_STDLIB_H 1
| #define HAVE_STRING_H 1
| #define HAVE_MEMORY_H 1
| #define HAVE_STRINGS_H 1
| #define HAVE_INTTYPES_H 1
| #define HAVE_STDINT_H 1
| #define HAVE_UNISTD_H 1
| #define HAVE_DLFCN_H 1
| #define LT_OBJDIR ".libs/"
| #define PACKAGE "libbgpstream"
| #define VERSION "2.2.0"
| #define HAVE_GETTIMEOFDAY 1
| #define HAVE_MEMSET 1
| #define HAVE_STRDUP 1
| #define HAVE_STRSTR 1
| #define HAVE_STRSEP 1
| #define HAVE_VASPRINTF 1
| #define HAVE_STDLIB_H 1
| #define HAVE_MALLOC 1
| #define HAVE_STDLIB_H 1
| #define HAVE_REALLOC 1
| #define HAVE_ARPA_INET_H 1
| #define HAVE_INTTYPES_H 1
| #define HAVE_LIMITS_H 1
| #define HAVE_MATH_H 1
| #define HAVE_STDLIB_H 1
| #define HAVE_STRING_H 1
| #define HAVE_TIME_H 1
| #define HAVE_SYS_TIME_H 1
| /* end confdefs.h.  */
| #include <pthread.h>
|                         static void routine(void *a) { a = 0; }
|                         static void *start_routine(void *a) { return a; }
| int
| main ()
| {
| pthread_t th; pthread_attr_t attr;
|                         pthread_create(&th, 0, start_routine, 0);
|                         pthread_join(th, 0);
|                         pthread_attr_init(&attr);
|                         pthread_cleanup_push(routine, 0);
|                         pthread_cleanup_pop(0) /* ; */
|   ;
|   return 0;
| }
configure:13375: result: no
configure:13266: checking whether pthreads work without any flags
configure:13366: gcc -o conftest      conftest.c   >&5
configure:13366: $? = 0
configure:13375: result: yes
configure:13394: checking for joinable pthread attribute
configure:13412: gcc -o conftest     conftest.c   >&5
configure:13412: $? = 0
configure:13420: result: PTHREAD_CREATE_JOINABLE
configure:13431: checking for pthread_yield
configure:13449: gcc -o conftest     conftest.c   >&5
conftest.c: In function 'main':
conftest.c:51:25: warning: 'pthread_yield' is deprecated: pthread_yield is deprecated, use sched_yield instead [-Wdeprecated-declarations]
   51 |                         pthread_yield();
      |                         ^~~~~~~~~~~~~
In file included from /usr/include/features.h:489,
                 from /usr/include/pthread.h:21,
                 from conftest.c:44:
/usr/include/pthread.h:479:12: note: declared here
  479 | extern int __REDIRECT_NTH (pthread_yield, (void), sched_yield)
      |            ^~~~~~~~~~~~~~
configure:13449: $? = 0
configure:13451: result: yes
configure:13497: checking if more special flags are required for pthreads
configure:13528: result: no
configure:13536: checking for PTHREAD_PRIO_INHERIT
configure:13552: gcc -o conftest     conftest.c   >&5
configure:13552: $? = 0
configure:13561: result: yes
configure:13666: checking for http_open_hdrs in -lwandio
configure:13691: gcc -o conftest -g -O2    conftest.c -lwandio    >&5
configure:13691: $? = 0
configure:13700: result: yes
configure:13724: checking for doxygen
configure:13752: result: no
configure:13760: checking whether to compile the docs
configure:13775: result: no
configure:13786: 
configure:13788: ---- BGPStream configuration ----
configure:13791: checking format modules...
configure:13795: checking whether to enable libparsebgp warnings
configure:13809: result: no
configure:13812: checking transport modules...
configure:13816: checking whether to build kafka support
configure:13826: result: yes
configure:13841: checking for rd_kafka_version in -lrdkafka
configure:13866: gcc -o conftest -g -O2    conftest.c -lrdkafka  -lwandio   >&5
configure:13866: $? = 0
configure:13875: result: yes
configure:13891: checking for librdkafka >= 0.11.0
configure:13925: gcc -o conftest -g -O2    conftest.c -lrdkafka -lwandio   >&5
configure:13925: $? = 0
configure:13925: ./conftest
librdkafka version 2.0.2 ok
configure:13925: $? = 0
configure:13935: result: ok
configure:13943: 
configure:13945: checking data interfaces...
configure:13949: checking whether to build with data interface: broker
configure:13982: result: yes
configure:13995: checking whether to build with data interface: singlefile
configure:14028: result: yes
configure:14041: checking whether to build with data interface: kafka
configure:14074: result: yes
configure:14087: checking whether to build with data interface: csvfile
configure:14120: result: yes
configure:14133: checking whether to build with data interface: sqlite
configure:14166: result: no
configure:14184: checking data interface dependencies...
configure:14189: checking for wandio HTTP support
configure:14211: gcc -o conftest -g -O2    conftest.c -lwandio >&5
configure:14211: $? = 0
configure:14211: ./conftest
configure:14211: $? = 0
configure:14224: result: yes
configure:14287: configuring data interface parameters...
configure:14294: checking data interface option: Broker URL
configure:14309: result: https://broker.bgpstream.caida.org/v2
configure:14313: checking whether to enable broker debugging output
configure:14322: result: no
configure:14335: checking data interface option: RIB MRT file to read
configure:14350: result: not-set
configure:14355: checking data interface option: Updates MRT to read
configure:14370: result: not-set
configure:14403: checking data interface option: CSV file listing the MRT data to read
configure:14418: result: not-set
configure:14424: 
configure:14426: ---- RPKI support configuration ----
configure:14500: checking whether to build with RPKI support
configure:14502: result: no
configure:14507: checking whether to enable assertions
configure:14525: result: yes
configure:14644: checking that generated files are newer than configure
configure:14650: result: done
configure:14717: creating ./config.status

## ---------------------- ##
## Running config.status. ##
## ---------------------- ##

This file was extended by libbgpstream config.status 2.2.0, which was
generated by GNU Autoconf 2.69.  Invocation command line was

  CONFIG_FILES    = 
  CONFIG_HEADERS  = 
  CONFIG_LINKS    = 
  CONFIG_COMMANDS = 
  $ ./config.status 

on mininet

config.status:1165: creating Makefile
config.status:1165: creating common/Makefile
config.status:1165: creating common/libpatricia/Makefile
config.status:1165: creating common/libinterval3/Makefile
config.status:1165: creating common/libinterval3/rb_tree/Makefile
config.status:1165: creating common/libcsv/Makefile
config.status:1165: creating common/libjsmn/Makefile
config.status:1165: creating docs/Makefile
config.status:1165: creating docs/bgpstream.doxygen
config.status:1165: creating lib/Makefile
config.status:1165: creating lib/bgpstream.h
config.status:1165: creating lib/datainterfaces/Makefile
config.status:1165: creating lib/transports/Makefile
config.status:1165: creating lib/formats/Makefile
config.status:1165: creating lib/utils/Makefile
config.status:1165: creating tools/Makefile
config.status:1165: creating test/Makefile
config.status:1165: creating config.h
config.status:1394: executing depfiles commands
config.status:1471: cd common       && sed -e '/# am--include-marker/d' Makefile         | make -f - am--depfiles
config.status:1476: $? = 0
config.status:1471: cd common/libpatricia       && sed -e '/# am--include-marker/d' Makefile         | make -f - am--depfiles
config.status:1476: $? = 0
config.status:1471: cd common/libinterval3       && sed -e '/# am--include-marker/d' Makefile         | make -f - am--depfiles
config.status:1476: $? = 0
config.status:1471: cd common/libinterval3/rb_tree       && sed -e '/# am--include-marker/d' Makefile         | make -f - am--depfiles
config.status:1476: $? = 0
config.status:1471: cd common/libcsv       && sed -e '/# am--include-marker/d' Makefile         | make -f - am--depfiles
config.status:1476: $? = 0
config.status:1471: cd common/libjsmn       && sed -e '/# am--include-marker/d' Makefile         | make -f - am--depfiles
config.status:1476: $? = 0
config.status:1471: cd lib       && sed -e '/# am--include-marker/d' Makefile         | make -f - am--depfiles
config.status:1476: $? = 0
config.status:1471: cd lib/datainterfaces       && sed -e '/# am--include-marker/d' Makefile         | make -f - am--depfiles
config.status:1476: $? = 0
config.status:1471: cd lib/transports       && sed -e '/# am--include-marker/d' Makefile         | make -f - am--depfiles
config.status:1476: $? = 0
config.status:1471: cd lib/formats       && sed -e '/# am--include-marker/d' Makefile         | make -f - am--depfiles
config.status:1476: $? = 0
config.status:1471: cd lib/utils       && sed -e '/# am--include-marker/d' Makefile         | make -f - am--depfiles
config.status:1476: $? = 0
config.status:1471: cd tools       && sed -e '/# am--include-marker/d' Makefile         | make -f - am--depfiles
config.status:1476: $? = 0
config.status:1471: cd test       && sed -e '/# am--include-marker/d' Makefile         | make -f - am--depfiles
config.status:1476: $? = 0
config.status:1394: executing libtool commands
config.status:1394: executing libtool-rpath-patch commands
configure:16949: === configuring in lib/formats/libparsebgp (/home/mininet/pox/src/libbgpstream-2.2.0/lib/formats/libparsebgp)
configure:17012: running /bin/bash ./configure --disable-option-checking '--prefix=/usr/local'  --cache-file=/dev/null --srcdir=.

## ---------------- ##
## Cache variables. ##
## ---------------- ##

ac_cv_build=aarch64-unknown-linux-gnu
ac_cv_c_compiler_gnu=yes
ac_cv_c_uint16_t=yes
ac_cv_c_uint32_t=yes
ac_cv_c_uint64_t=yes
ac_cv_c_uint8_t=yes
ac_cv_env_CC_set=
ac_cv_env_CC_value=
ac_cv_env_CFLAGS_set=
ac_cv_env_CFLAGS_value=
ac_cv_env_CPPFLAGS_set=
ac_cv_env_CPPFLAGS_value=
ac_cv_env_CPP_set=
ac_cv_env_CPP_value=
ac_cv_env_LDFLAGS_set=
ac_cv_env_LDFLAGS_value=
ac_cv_env_LIBS_set=
ac_cv_env_LIBS_value=
ac_cv_env_LT_SYS_LIBRARY_PATH_set=
ac_cv_env_LT_SYS_LIBRARY_PATH_value=
ac_cv_env_build_alias_set=
ac_cv_env_build_alias_value=
ac_cv_env_host_alias_set=
ac_cv_env_host_alias_value=
ac_cv_env_target_alias_set=
ac_cv_env_target_alias_value=
ac_cv_func_gettimeofday=yes
ac_cv_func_malloc_0_nonnull=yes
ac_cv_func_memset=yes
ac_cv_func_realloc_0_nonnull=yes
ac_cv_func_strdup=yes
ac_cv_func_strlcpy=no
ac_cv_func_strsep=yes
ac_cv_func_strstr=yes
ac_cv_func_vasprintf=yes
ac_cv_header_arpa_inet_h=yes
ac_cv_header_dlfcn_h=yes
ac_cv_header_inttypes_h=yes
ac_cv_header_limits_h=yes
ac_cv_header_math_h=yes
ac_cv_header_memory_h=yes
ac_cv_header_stdc=yes
ac_cv_header_stdint_h=yes
ac_cv_header_stdlib_h=yes
ac_cv_header_string_h=yes
ac_cv_header_strings_h=yes
ac_cv_header_sys_stat_h=yes
ac_cv_header_sys_time_h=yes
ac_cv_header_sys_types_h=yes
ac_cv_header_time_h=yes
ac_cv_header_unistd_h=yes
ac_cv_host=aarch64-unknown-linux-gnu
ac_cv_lib_rdkafka_rd_kafka_version=yes
ac_cv_lib_wandio_http_open_hdrs=yes
ac_cv_objext=o
ac_cv_path_EGREP='/usr/bin/grep -E'
ac_cv_path_FGREP='/usr/bin/grep -F'
ac_cv_path_GREP=/usr/bin/grep
ac_cv_path_SED=/usr/bin/sed
ac_cv_path_install='/usr/bin/install -c'
ac_cv_path_lt_DD=/usr/bin/dd
ac_cv_path_mkdir=/usr/bin/mkdir
ac_cv_prog_AWK=mawk
ac_cv_prog_CPP='gcc -E'
ac_cv_prog_ac_ct_AR=ar
ac_cv_prog_ac_ct_CC=gcc
ac_cv_prog_ac_ct_MANIFEST_TOOL=mt
ac_cv_prog_ac_ct_OBJDUMP=objdump
ac_cv_prog_ac_ct_RANLIB=ranlib
ac_cv_prog_ac_ct_STRIP=strip
ac_cv_prog_bgpstream_doxygen_avail=no
ac_cv_prog_cc_c89=
ac_cv_prog_cc_c99=
ac_cv_prog_cc_g=yes
ac_cv_prog_make_make_set=yes
ac_cv_sys_file_offset_bits=no
ac_cv_sys_largefile_CC=no
ac_cv_type_size_t=yes
am_cv_CC_dependencies_compiler_type=gcc3
am_cv_make_support_nested_variables=yes
am_cv_prog_cc_c_o=yes
ax_cv_PTHREAD_JOINABLE_ATTR=PTHREAD_CREATE_JOINABLE
ax_cv_PTHREAD_PRIO_INHERIT=yes
ax_cv_PTHREAD_REJECT_UNKNOWN=no
ax_cv_PTHREAD_SPECIAL_FLAGS=no
lt_cv_ar_at_file=@
lt_cv_archive_cmds_need_lc=no
lt_cv_deplibs_check_method=pass_all
lt_cv_file_magic_cmd='$MAGIC_CMD'
lt_cv_file_magic_test_file=
lt_cv_ld_reload_flag=-r
lt_cv_nm_interface='BSD nm'
lt_cv_objdir=.libs
lt_cv_path_LD=/usr/bin/ld
lt_cv_path_NM='/usr/bin/nm -B'
lt_cv_path_mainfest_tool=no
lt_cv_prog_compiler_c_o=yes
lt_cv_prog_compiler_pic='-fPIC -DPIC'
lt_cv_prog_compiler_pic_works=yes
lt_cv_prog_compiler_rtti_exceptions=no
lt_cv_prog_compiler_static_works=yes
lt_cv_prog_gnu_ld=yes
lt_cv_sharedlib_from_linklib_cmd='printf %s\n'
lt_cv_shlibpath_overrides_runpath=yes
lt_cv_sys_global_symbol_pipe='sed -n -e '\''s/^.*[	 ]\([ABCDGIRSTW][ABCDGIRSTW]*\)[	 ][	 ]*\([_A-Za-z][_A-Za-z0-9]*\)$/\1 \2 \2/p'\'' | sed '\''/ __gnu_lto/d'\'''
lt_cv_sys_global_symbol_to_c_name_address='sed -n -e '\''s/^: \(.*\) .*$/  {"\1", (void *) 0},/p'\'' -e '\''s/^[ABCDGIRSTW][ABCDGIRSTW]* .* \(.*\)$/  {"\1", (void *) \&\1},/p'\'''
lt_cv_sys_global_symbol_to_c_name_address_lib_prefix='sed -n -e '\''s/^: \(.*\) .*$/  {"\1", (void *) 0},/p'\'' -e '\''s/^[ABCDGIRSTW][ABCDGIRSTW]* .* \(lib.*\)$/  {"\1", (void *) \&\1},/p'\'' -e '\''s/^[ABCDGIRSTW][ABCDGIRSTW]* .* \(.*\)$/  {"lib\1", (void *) \&\1},/p'\'''
lt_cv_sys_global_symbol_to_cdecl='sed -n -e '\''s/^T .* \(.*\)$/extern int \1();/p'\'' -e '\''s/^[ABCDGIRSTW][ABCDGIRSTW]* .* \(.*\)$/extern char \1;/p'\'''
lt_cv_sys_global_symbol_to_import=
lt_cv_sys_max_cmd_len=1572864
lt_cv_to_host_file_cmd=func_convert_file_noop
lt_cv_to_tool_file_cmd=func_convert_file_noop
lt_cv_truncate_bin='/usr/bin/dd bs=4096 count=1'

## ----------------- ##
## Output variables. ##
## ----------------- ##

ACLOCAL='${SHELL} /home/mininet/pox/src/libbgpstream-2.2.0/missing aclocal-1.16'
AMDEPBACKSLASH='\'
AMDEP_FALSE='#'
AMDEP_TRUE=''
AMTAR='$${TAR-tar}'
AM_BACKSLASH='\'
AM_DEFAULT_V='$(AM_DEFAULT_VERBOSITY)'
AM_DEFAULT_VERBOSITY='1'
AM_V='$(V)'
AR='ar'
AUTOCONF='${SHELL} /home/mininet/pox/src/libbgpstream-2.2.0/missing autoconf'
AUTOHEADER='${SHELL} /home/mininet/pox/src/libbgpstream-2.2.0/missing autoheader'
AUTOMAKE='${SHELL} /home/mininet/pox/src/libbgpstream-2.2.0/missing automake-1.16'
AWK='mawk'
BGPSTREAM_MAJOR_VERSION='2'
BGPSTREAM_MID_VERSION='2'
BGPSTREAM_MINOR_VERSION='0'
CC='gcc'
CCDEPMODE='depmode=gcc3'
CFLAGS='-g -O2 '
CPP='gcc -E'
CPPFLAGS=''
CYGPATH_W='echo'
DEFS='-DHAVE_CONFIG_H'
DEPDIR='.deps'
DLLTOOL='false'
DSYMUTIL=''
DUMPBIN=''
ECHO_C=''
ECHO_N='-n'
ECHO_T=''
EGREP='/usr/bin/grep -E'
EXEEXT=''
FGREP='/usr/bin/grep -F'
GREP='/usr/bin/grep'
HAS_DOXYGEN_FALSE=''
HAS_DOXYGEN_TRUE='#'
INSTALL_DATA='${INSTALL} -m 644'
INSTALL_PROGRAM='${INSTALL}'
INSTALL_SCRIPT='${INSTALL}'
INSTALL_STRIP_PROGRAM='$(install_sh) -c -s'
LD='/usr/bin/ld'
LDFLAGS=''
LIBBGPSTREAM_SHLIB_AGE='0'
LIBBGPSTREAM_SHLIB_CURRENT='3'
LIBBGPSTREAM_SHLIB_REVISION='0'
LIBOBJS=''
LIBS='-lrdkafka -lwandio  '
LIBTOOL='$(SHELL) $(top_builddir)/libtool'
LIPO=''
LN_S='ln -s'
LTLIBOBJS=''
LT_SYS_LIBRARY_PATH=''
MAKEINFO='${SHELL} /home/mininet/pox/src/libbgpstream-2.2.0/missing makeinfo'
MANIFEST_TOOL=':'
MKDIR_P='/usr/bin/mkdir -p'
NM='/usr/bin/nm -B'
NMEDIT=''
OBJDUMP='objdump'
OBJEXT='o'
OTOOL64=''
OTOOL=''
PACKAGE='libbgpstream'
PACKAGE_BUGREPORT='bgpstream-info@caida.org'
PACKAGE_NAME='libbgpstream'
PACKAGE_STRING='libbgpstream 2.2.0'
PACKAGE_TARNAME='libbgpstream'
PACKAGE_URL=''
PACKAGE_VERSION='2.2.0'
PATH_SEPARATOR=':'
PTHREAD_CC='gcc'
PTHREAD_CFLAGS=''
PTHREAD_LIBS=''
RANLIB='ranlib'
SED='/usr/bin/sed'
SET_MAKE=''
SHELL='/bin/bash'
STRIP='strip'
VERSION='2.2.0'
WITH_DATA_INTERFACE_BROKER_FALSE='#'
WITH_DATA_INTERFACE_BROKER_TRUE=''
WITH_DATA_INTERFACE_CSVFILE_FALSE='#'
WITH_DATA_INTERFACE_CSVFILE_TRUE=''
WITH_DATA_INTERFACE_KAFKA_FALSE='#'
WITH_DATA_INTERFACE_KAFKA_TRUE=''
WITH_DATA_INTERFACE_SINGLEFILE_FALSE='#'
WITH_DATA_INTERFACE_SINGLEFILE_TRUE=''
WITH_DATA_INTERFACE_SQLITE_FALSE=''
WITH_DATA_INTERFACE_SQLITE_TRUE='#'
WITH_KAFKA_FALSE='#'
WITH_KAFKA_TRUE=''
WITH_RPKI_FALSE=''
WITH_RPKI_TRUE='#'
ac_ct_AR='ar'
ac_ct_CC='gcc'
ac_ct_DUMPBIN=''
am__EXEEXT_FALSE=''
am__EXEEXT_TRUE='#'
am__fastdepCC_FALSE='#'
am__fastdepCC_TRUE=''
am__include='include'
am__isrc=''
am__leading_dot='.'
am__nodep='_no'
am__quote=''
am__tar='$${TAR-tar} chof - "$$tardir"'
am__untar='$${TAR-tar} xf -'
ax_pthread_config=''
bgpstream_doxygen_avail='no'
bindir='${exec_prefix}/bin'
build='aarch64-unknown-linux-gnu'
build_alias=''
build_cpu='aarch64'
build_os='linux-gnu'
build_vendor='unknown'
datadir='${datarootdir}'
datarootdir='${prefix}/share'
docdir='${datarootdir}/doc/${PACKAGE_TARNAME}'
dvidir='${docdir}'
exec_prefix='${prefix}'
host='aarch64-unknown-linux-gnu'
host_alias=''
host_cpu='aarch64'
host_os='linux-gnu'
host_vendor='unknown'
htmldir='${docdir}'
includedir='${prefix}/include'
infodir='${datarootdir}/info'
install_sh='${SHELL} /home/mininet/pox/src/libbgpstream-2.2.0/install-sh'
libdir='${exec_prefix}/lib'
libexecdir='${exec_prefix}/libexec'
localedir='${datarootdir}/locale'
localstatedir='${prefix}/var'
mandir='${datarootdir}/man'
mkdir_p='$(MKDIR_P)'
oldincludedir='/usr/include'
pdfdir='${docdir}'
prefix='/usr/local'
program_transform_name='s,x,x,'
psdir='${docdir}'
runstatedir='${localstatedir}/run'
sbindir='${exec_prefix}/sbin'
sharedstatedir='${prefix}/com'
subdirs=' lib/formats/libparsebgp'
sysconfdir='${prefix}/etc'
target_alias=''

## ----------- ##
## confdefs.h. ##
## ----------- ##

/* confdefs.h */
#define PACKAGE_NAME "libbgpstream"
#define PACKAGE_TARNAME "libbgpstream"
#define PACKAGE_VERSION "2.2.0"
#define PACKAGE_STRING "libbgpstream 2.2.0"
#define PACKAGE_BUGREPORT "bgpstream-info@caida.org"
#define PACKAGE_URL ""
#define PACKAGE "libbgpstream"
#define VERSION "2.2.0"
#define STDC_HEADERS 1
#define HAVE_SYS_TYPES_H 1
#define HAVE_SYS_STAT_H 1
#define HAVE_STDLIB_H 1
#define HAVE_STRING_H 1
#define HAVE_MEMORY_H 1
#define HAVE_STRINGS_H 1
#define HAVE_INTTYPES_H 1
#define HAVE_STDINT_H 1
#define HAVE_UNISTD_H 1
#define HAVE_DLFCN_H 1
#define LT_OBJDIR ".libs/"
#define PACKAGE "libbgpstream"
#define VERSION "2.2.0"
#define HAVE_GETTIMEOFDAY 1
#define HAVE_MEMSET 1
#define HAVE_STRDUP 1
#define HAVE_STRSTR 1
#define HAVE_STRSEP 1
#define HAVE_VASPRINTF 1
#define HAVE_STDLIB_H 1
#define HAVE_MALLOC 1
#define HAVE_STDLIB_H 1
#define HAVE_REALLOC 1
#define HAVE_ARPA_INET_H 1
#define HAVE_INTTYPES_H 1
#define HAVE_LIMITS_H 1
#define HAVE_MATH_H 1
#define HAVE_STDLIB_H 1
#define HAVE_STRING_H 1
#define HAVE_TIME_H 1
#define HAVE_SYS_TIME_H 1
#define PTHREAD_YIELD_FUNC pthread_yield
#define HAVE_PTHREAD_PRIO_INHERIT 1
#define HAVE_PTHREAD 1
#define HAVE_LIBWANDIO 1
#define PARSEBGP_SILENCE_WARNING /**/
#define HAVE_LIBRDKAFKA 1
#define WITH_KAFKA 1
#define WITH_DATA_INTERFACE_BROKER 1
#define WITH_DATA_INTERFACE_SINGLEFILE 1
#define WITH_DATA_INTERFACE_KAFKA 1
#define WITH_DATA_INTERFACE_CSVFILE 1
#define BGPSTREAM_DI_BROKER_URL "https://broker.bgpstream.caida.org/v2"
#define BGPSTREAM_DI_SINGLEFILE_RIB_FILE "not-set"
#define BGPSTREAM_DI_SINGLEFILE_UPDATE_FILE "not-set"
#define BGPSTREAM_DI_CSVFILE_CSV_FILE "not-set"

configure: exit 0
