This file contains any messages produced by compilers while
running configure, to aid debugging if configure makes a mistake.

It was created by libparsebgp configure 1.0.0, which was
generated by GNU Autoconf 2.69.  Invocation command line was

  $ ./configure --disable-option-checking --prefix=/usr/local --cache-file=/dev/null --srcdir=.

## --------- ##
## Platform. ##
## --------- ##

hostname = mininet
uname -m = aarch64
uname -r = 6.1.0-13-arm64
uname -s = Linux
uname -v = #1 SMP Debian 6.1.55-1 (2023-09-29)

/usr/bin/uname -p = unknown
/bin/uname -X     = unknown

/bin/arch              = aarch64
/usr/bin/arch -k       = unknown
/usr/convex/getsysinfo = unknown
/usr/bin/hostinfo      = unknown
/bin/machine           = unknown
/usr/bin/oslevel       = unknown
/bin/universe          = unknown

PATH: /usr/local/bin
PATH: /usr/bin
PATH: /bin
PATH: /usr/local/games
PATH: /usr/games


## ----------- ##
## Core tests. ##
## ----------- ##

configure:2213: checking build system type
configure:2227: result: aarch64-unknown-linux-gnu
configure:2247: checking host system type
configure:2260: result: aarch64-unknown-linux-gnu
configure:2301: checking how to print strings
configure:2328: result: printf
configure:2400: checking for gcc
configure:2416: found /usr/bin/gcc
configure:2427: result: gcc
configure:2656: checking for C compiler version
configure:2665: gcc --version >&5
gcc (Debian 12.2.0-14) 12.2.0
Copyright (C) 2022 Free Software Foundation, Inc.
This is free software; see the source for copying conditions.  There is NO
warranty; not even for MERCHANTABILITY or FITNESS FOR A PARTICULAR PURPOSE.

configure:2676: $? = 0
configure:2665: gcc -v >&5
Using built-in specs.
COLLECT_GCC=gcc
COLLECT_LTO_WRAPPER=/usr/lib/gcc/aarch64-linux-gnu/12/lto-wrapper
Target: aarch64-linux-gnu
Configured with: ../src/configure -v --with-pkgversion='Debian 12.2.0-14' --with-bugurl=file:///usr/share/doc/gcc-12/README.Bugs --enable-languages=c,ada,c++,go,d,fortran,objc,obj-c++,m2 --prefix=/usr --with-gcc-major-version-only --program-suffix=-12 --program-prefix=aarch64-linux-gnu- --enable-shared --enable-linker-build-id --libexecdir=/usr/lib --without-included-gettext --enable-threads=posix --libdir=/usr/lib --enable-nls --enable-clocale=gnu --enable-libstdcxx-debug --enable-libstdcxx-time=yes --with-default-libstdcxx-abi=new --enable-gnu-unique-object --disable-libquadmath --disable-libquadmath-support --enable-plugin --enable-default-pie --with-system-zlib --enable-libphobos-checking=release --with-target-system-zlib=auto --enable-objc-gc=auto --enable-multiarch --enable-fix-cortex-a53-843419 --disable-werror --enable-checking=release --build=aarch64-linux-gnu --host=aarch64-linux-gnu --target=aarch64-linux-gnu
Thread model: posix
Supported LTO compression algorithms: zlib zstd
gcc version 12.2.0 (Debian 12.2.0-14) 
configure:2676: $? = 0
configure:2665: gcc -V >&5
gcc: error: unrecognized command-line option '-V'
gcc: fatal error: no input files
compilation terminated.
configure:2676: $? = 1
configure:2665: gcc -qversion >&5
gcc: error: unrecognized command-line option '-qversion'; did you mean '--version'?
gcc: fatal error: no input files
compilation terminated.
configure:2676: $? = 1
configure:2696: checking whether the C compiler works
configure:2718: gcc    conftest.c  >&5
configure:2722: $? = 0
configure:2770: result: yes
configure:2773: checking for C compiler default output file name
configure:2775: result: a.out
configure:2781: checking for suffix of executables
configure:2788: gcc -o conftest    conftest.c  >&5
configure:2792: $? = 0
configure:2814: result: 
configure:2836: checking whether we are cross compiling
configure:2844: gcc -o conftest    conftest.c  >&5
configure:2848: $? = 0
configure:2855: ./conftest
configure:2859: $? = 0
configure:2874: result: no
configure:2879: checking for suffix of object files
configure:2901: gcc -c   conftest.c >&5
configure:2905: $? = 0
configure:2926: result: o
configure:2930: checking whether we are using the GNU C compiler
configure:2949: gcc -c   conftest.c >&5
configure:2949: $? = 0
configure:2958: result: yes
configure:2967: checking whether gcc accepts -g
configure:2987: gcc -c -g  conftest.c >&5
configure:2987: $? = 0
configure:3028: result: yes
configure:3045: checking for gcc option to accept ISO C89
configure:3108: gcc  -c -g -O2  conftest.c >&5
configure:3108: $? = 0
configure:3121: result: none needed
configure:3146: checking whether gcc understands -c and -o together
configure:3168: gcc -c conftest.c -o conftest2.o
configure:3171: $? = 0
configure:3168: gcc -c conftest.c -o conftest2.o
configure:3171: $? = 0
configure:3183: result: yes
configure:3200: checking for a sed that does not truncate output
configure:3264: result: /usr/bin/sed
configure:3282: checking for grep that handles long lines and -e
configure:3340: result: /usr/bin/grep
configure:3345: checking for egrep
configure:3407: result: /usr/bin/grep -E
configure:3412: checking for fgrep
configure:3474: result: /usr/bin/grep -F
configure:3509: checking for ld used by gcc
configure:3576: result: /usr/bin/ld
configure:3583: checking if the linker (/usr/bin/ld) is GNU ld
configure:3598: result: yes
configure:3610: checking for BSD- or MS-compatible name lister (nm)
configure:3664: result: /usr/bin/nm -B
configure:3794: checking the name lister (/usr/bin/nm -B) interface
configure:3801: gcc -c -g -O2  conftest.c >&5
configure:3804: /usr/bin/nm -B "conftest.o"
configure:3807: output
0000000000000000 B some_variable
configure:3814: result: BSD nm
configure:3817: checking whether ln -s works
configure:3821: result: yes
configure:3829: checking the maximum length of command line arguments
configure:3960: result: 1572864
configure:4008: checking how to convert aarch64-unknown-linux-gnu file names to aarch64-unknown-linux-gnu format
configure:4048: result: func_convert_file_noop
configure:4055: checking how to convert aarch64-unknown-linux-gnu file names to toolchain format
configure:4075: result: func_convert_file_noop
configure:4082: checking for /usr/bin/ld option to reload object files
configure:4089: result: -r
configure:4163: checking for objdump
configure:4179: found /usr/bin/objdump
configure:4190: result: objdump
configure:4222: checking how to recognize dependent libraries
configure:4422: result: pass_all
configure:4507: checking for dlltool
configure:4537: result: no
configure:4567: checking how to associate runtime and link libraries
configure:4594: result: printf %s\n
configure:4655: checking for ar
configure:4671: found /usr/bin/ar
configure:4682: result: ar
configure:4719: checking for archiver @FILE support
configure:4736: gcc -c -g -O2  conftest.c >&5
configure:4736: $? = 0
configure:4739: ar cr libconftest.a @conftest.lst >&5
configure:4742: $? = 0
configure:4747: ar cr libconftest.a @conftest.lst >&5
ar: conftest.o: No such file or directory
configure:4750: $? = 1
configure:4762: result: @
configure:4820: checking for strip
configure:4836: found /usr/bin/strip
configure:4847: result: strip
configure:4919: checking for ranlib
configure:4935: found /usr/bin/ranlib
configure:4946: result: ranlib
configure:5023: checking for gawk
configure:5053: result: no
configure:5023: checking for mawk
configure:5039: found /usr/bin/mawk
configure:5050: result: mawk
configure:5090: checking command to parse /usr/bin/nm -B output from gcc object
configure:5243: gcc -c -g -O2  conftest.c >&5
configure:5246: $? = 0
configure:5250: /usr/bin/nm -B conftest.o | sed -n -e 's/^.*[	 ]\([ABCDGIRSTW][ABCDGIRSTW]*\)[	 ][	 ]*\([_A-Za-z][_A-Za-z0-9]*\)$/\1 \2 \2/p' | sed '/ __gnu_lto/d' > conftest.nm
configure:5316: gcc -o conftest -g -O2   conftest.c conftstm.o >&5
configure:5319: $? = 0
configure:5357: result: ok
configure:5404: checking for sysroot
configure:5434: result: no
configure:5441: checking for a working dd
configure:5479: result: /usr/bin/dd
configure:5483: checking how to truncate binary pipes
configure:5498: result: /usr/bin/dd bs=4096 count=1
configure:5827: checking for mt
configure:5843: found /usr/bin/mt
configure:5854: result: mt
configure:5877: checking if mt is a manifest tool
configure:5883: mt '-?'
configure:5891: result: no
configure:6568: checking how to run the C preprocessor
configure:6599: gcc -E  conftest.c
configure:6599: $? = 0
configure:6613: gcc -E  conftest.c
conftest.c:9:10: fatal error: ac_nonexistent.h: No such file or directory
    9 | #include <ac_nonexistent.h>
      |          ^~~~~~~~~~~~~~~~~~
compilation terminated.
configure:6613: $? = 1
configure: failed program was:
| /* confdefs.h */
| #define PACKAGE_NAME "libparsebgp"
| #define PACKAGE_TARNAME "libparsebgp"
| #define PACKAGE_VERSION "1.0.0"
| #define PACKAGE_STRING "libparsebgp 1.0.0"
| #define PACKAGE_BUGREPORT "bgpstream-info@caida.org"
| #define PACKAGE_URL ""
| /* end confdefs.h.  */
| #include <ac_nonexistent.h>
configure:6638: result: gcc -E
configure:6658: gcc -E  conftest.c
configure:6658: $? = 0
configure:6672: gcc -E  conftest.c
conftest.c:9:10: fatal error: ac_nonexistent.h: No such file or directory
    9 | #include <ac_nonexistent.h>
      |          ^~~~~~~~~~~~~~~~~~
compilation terminated.
configure:6672: $? = 1
configure: failed program was:
| /* confdefs.h */
| #define PACKAGE_NAME "libparsebgp"
| #define PACKAGE_TARNAME "libparsebgp"
| #define PACKAGE_VERSION "1.0.0"
| #define PACKAGE_STRING "libparsebgp 1.0.0"
| #define PACKAGE_BUGREPORT "bgpstream-info@caida.org"
| #define PACKAGE_URL ""
| /* end confdefs.h.  */
| #include <ac_nonexistent.h>
configure:6701: checking for ANSI C header files
configure:6721: gcc -c -g -O2  conftest.c >&5
configure:6721: $? = 0
configure:6794: gcc -o conftest -g -O2   conftest.c  >&5
configure:6794: $? = 0
configure:6794: ./conftest
configure:6794: $? = 0
configure:6805: result: yes
configure:6818: checking for sys/types.h
configure:6818: gcc -c -g -O2  conftest.c >&5
configure:6818: $? = 0
configure:6818: result: yes
configure:6818: checking for sys/stat.h
configure:6818: gcc -c -g -O2  conftest.c >&5
configure:6818: $? = 0
configure:6818: result: yes
configure:6818: checking for stdlib.h
configure:6818: gcc -c -g -O2  conftest.c >&5
configure:6818: $? = 0
configure:6818: result: yes
configure:6818: checking for string.h
configure:6818: gcc -c -g -O2  conftest.c >&5
configure:6818: $? = 0
configure:6818: result: yes
configure:6818: checking for memory.h
configure:6818: gcc -c -g -O2  conftest.c >&5
configure:6818: $? = 0
configure:6818: result: yes
configure:6818: checking for strings.h
configure:6818: gcc -c -g -O2  conftest.c >&5
configure:6818: $? = 0
configure:6818: result: yes
configure:6818: checking for inttypes.h
configure:6818: gcc -c -g -O2  conftest.c >&5
configure:6818: $? = 0
configure:6818: result: yes
configure:6818: checking for stdint.h
configure:6818: gcc -c -g -O2  conftest.c >&5
configure:6818: $? = 0
configure:6818: result: yes
configure:6818: checking for unistd.h
configure:6818: gcc -c -g -O2  conftest.c >&5
configure:6818: $? = 0
configure:6818: result: yes
configure:6832: checking for dlfcn.h
configure:6832: gcc -c -g -O2  conftest.c >&5
configure:6832: $? = 0
configure:6832: result: yes
configure:7088: checking for objdir
configure:7103: result: .libs
configure:7367: checking if gcc supports -fno-rtti -fno-exceptions
configure:7385: gcc -c -g -O2  -fno-rtti -fno-exceptions conftest.c >&5
cc1: warning: command-line option '-fno-rtti' is valid for C++/D/ObjC++ but not for C
configure:7389: $? = 0
configure:7402: result: no
configure:7766: checking for gcc option to produce PIC
configure:7773: result: -fPIC -DPIC
configure:7781: checking if gcc PIC flag -fPIC -DPIC works
configure:7799: gcc -c -g -O2  -fPIC -DPIC -DPIC conftest.c >&5
configure:7803: $? = 0
configure:7816: result: yes
configure:7845: checking if gcc static flag -static works
configure:7873: result: yes
configure:7888: checking if gcc supports -c -o file.o
configure:7909: gcc -c -g -O2  -o out/conftest2.o conftest.c >&5
configure:7913: $? = 0
configure:7935: result: yes
configure:7943: checking if gcc supports -c -o file.o
configure:7990: result: yes
configure:8023: checking whether the gcc linker (/usr/bin/ld) supports shared libraries
configure:9286: result: yes
configure:9323: checking whether -lc should be explicitly linked in
configure:9331: gcc -c -g -O2  conftest.c >&5
configure:9334: $? = 0
configure:9349: gcc -shared  -fPIC -DPIC conftest.o  -v -Wl,-soname -Wl,conftest -o conftest 2\>\&1 \| /usr/bin/grep  -lc  \>/dev/null 2\>\&1
configure:9352: $? = 0
configure:9366: result: no
configure:9526: checking dynamic linker characteristics
configure:10107: gcc -o conftest -g -O2   -Wl,-rpath -Wl,/foo conftest.c  >&5
configure:10107: $? = 0
configure:10356: result: GNU/Linux ld.so
configure:10478: checking how to hardcode library paths into programs
configure:10503: result: immediate
configure:11051: checking whether stripping libraries is possible
configure:11056: result: yes
configure:11091: checking if libtool supports shared libraries
configure:11093: result: yes
configure:11096: checking whether to build shared libraries
configure:11121: result: yes
configure:11124: checking whether to build static libraries
configure:11128: result: yes
configure:11182: checking for a BSD-compatible install
configure:11250: result: /usr/bin/install -c
configure:11261: checking whether build environment is sane
configure:11316: result: yes
configure:11464: checking for a thread-safe mkdir -p
configure:11503: result: /usr/bin/mkdir -p
configure:11506: checking whether make sets $(MAKE)
configure:11528: result: yes
configure:11550: checking whether make supports the include directive
configure:11565: make -f confmf.GNU && cat confinc.out
this is the am__doit target
configure:11568: $? = 0
configure:11587: result: yes (GNU style)
configure:11620: checking whether make supports nested variables
configure:11637: result: yes
configure:11722: checking dependency style of gcc
configure:11833: result: gcc3
configure:11900: checking for gcc option to accept ISO C99
configure:12049: gcc  -c -g -O2  conftest.c >&5
configure:12049: $? = 0
configure:12062: result: none needed
configure:12082: checking whether to output debug information about parse errors
configure:12091: result: no
configure:12213: checking that generated files are newer than configure
configure:12219: result: done
configure:12242: creating ./config.status

## ---------------------- ##
## Running config.status. ##
## ---------------------- ##

This file was extended by libparsebgp config.status 1.0.0, which was
generated by GNU Autoconf 2.69.  Invocation command line was

  CONFIG_FILES    = 
  CONFIG_HEADERS  = 
  CONFIG_LINKS    = 
  CONFIG_COMMANDS = 
  $ ./config.status 

on mininet

config.status:1096: creating Makefile
config.status:1096: creating lib/Makefile
config.status:1096: creating lib/parsebgp.h
config.status:1096: creating lib/bgp/Makefile
config.status:1096: creating lib/bmp/Makefile
config.status:1096: creating lib/mrt/Makefile
config.status:1096: creating tools/Makefile
config.status:1096: creating config.h
config.status:1325: executing libtool commands
config.status:1325: executing depfiles commands
config.status:1944: cd lib       && sed -e '/# am--include-marker/d' Makefile         | make -f - am--depfiles
config.status:1949: $? = 0
config.status:1944: cd lib/bgp       && sed -e '/# am--include-marker/d' Makefile         | make -f - am--depfiles
config.status:1949: $? = 0
config.status:1944: cd lib/bmp       && sed -e '/# am--include-marker/d' Makefile         | make -f - am--depfiles
config.status:1949: $? = 0
config.status:1944: cd lib/mrt       && sed -e '/# am--include-marker/d' Makefile         | make -f - am--depfiles
config.status:1949: $? = 0
config.status:1944: cd tools       && sed -e '/# am--include-marker/d' Makefile         | make -f - am--depfiles
config.status:1949: $? = 0

## ---------------- ##
## Cache variables. ##
## ---------------- ##

ac_cv_build=aarch64-unknown-linux-gnu
ac_cv_c_compiler_gnu=yes
ac_cv_env_CC_set=
ac_cv_env_CC_value=
ac_cv_env_CFLAGS_set=
ac_cv_env_CFLAGS_value=
ac_cv_env_CPPFLAGS_set=
ac_cv_env_CPPFLAGS_value=
ac_cv_env_CPP_set=
ac_cv_env_CPP_value=
ac_cv_env_LDFLAGS_set=
ac_cv_env_LDFLAGS_value=
ac_cv_env_LIBS_set=
ac_cv_env_LIBS_value=
ac_cv_env_LT_SYS_LIBRARY_PATH_set=
ac_cv_env_LT_SYS_LIBRARY_PATH_value=
ac_cv_env_build_alias_set=
ac_cv_env_build_alias_value=
ac_cv_env_host_alias_set=
ac_cv_env_host_alias_value=
ac_cv_env_target_alias_set=
ac_cv_env_target_alias_value=
ac_cv_header_dlfcn_h=yes
ac_cv_header_inttypes_h=yes
ac_cv_header_memory_h=yes
ac_cv_header_stdc=yes
ac_cv_header_stdint_h=yes
ac_cv_header_stdlib_h=yes
ac_cv_header_string_h=yes
ac_cv_header_strings_h=yes
ac_cv_header_sys_stat_h=yes
ac_cv_header_sys_types_h=yes
ac_cv_header_unistd_h=yes
ac_cv_host=aarch64-unknown-linux-gnu
ac_cv_objext=o
ac_cv_path_EGREP='/usr/bin/grep -E'
ac_cv_path_FGREP='/usr/bin/grep -F'
ac_cv_path_GREP=/usr/bin/grep
ac_cv_path_SED=/usr/bin/sed
ac_cv_path_install='/usr/bin/install -c'
ac_cv_path_lt_DD=/usr/bin/dd
ac_cv_path_mkdir=/usr/bin/mkdir
ac_cv_prog_AWK=mawk
ac_cv_prog_CPP='gcc -E'
ac_cv_prog_ac_ct_AR=ar
ac_cv_prog_ac_ct_CC=gcc
ac_cv_prog_ac_ct_MANIFEST_TOOL=mt
ac_cv_prog_ac_ct_OBJDUMP=objdump
ac_cv_prog_ac_ct_RANLIB=ranlib
ac_cv_prog_ac_ct_STRIP=strip
ac_cv_prog_cc_c89=
ac_cv_prog_cc_c99=
ac_cv_prog_cc_g=yes
ac_cv_prog_make_make_set=yes
am_cv_CC_dependencies_compiler_type=gcc3
am_cv_make_support_nested_variables=yes
am_cv_prog_cc_c_o=yes
lt_cv_ar_at_file=@
lt_cv_archive_cmds_need_lc=no
lt_cv_deplibs_check_method=pass_all
lt_cv_file_magic_cmd='$MAGIC_CMD'
lt_cv_file_magic_test_file=
lt_cv_ld_reload_flag=-r
lt_cv_nm_interface='BSD nm'
lt_cv_objdir=.libs
lt_cv_path_LD=/usr/bin/ld
lt_cv_path_NM='/usr/bin/nm -B'
lt_cv_path_mainfest_tool=no
lt_cv_prog_compiler_c_o=yes
lt_cv_prog_compiler_pic='-fPIC -DPIC'
lt_cv_prog_compiler_pic_works=yes
lt_cv_prog_compiler_rtti_exceptions=no
lt_cv_prog_compiler_static_works=yes
lt_cv_prog_gnu_ld=yes
lt_cv_sharedlib_from_linklib_cmd='printf %s\n'
lt_cv_shlibpath_overrides_runpath=yes
lt_cv_sys_global_symbol_pipe='sed -n -e '\''s/^.*[	 ]\([ABCDGIRSTW][ABCDGIRSTW]*\)[	 ][	 ]*\([_A-Za-z][_A-Za-z0-9]*\)$/\1 \2 \2/p'\'' | sed '\''/ __gnu_lto/d'\'''
lt_cv_sys_global_symbol_to_c_name_address='sed -n -e '\''s/^: \(.*\) .*$/  {"\1", (void *) 0},/p'\'' -e '\''s/^[ABCDGIRSTW][ABCDGIRSTW]* .* \(.*\)$/  {"\1", (void *) \&\1},/p'\'''
lt_cv_sys_global_symbol_to_c_name_address_lib_prefix='sed -n -e '\''s/^: \(.*\) .*$/  {"\1", (void *) 0},/p'\'' -e '\''s/^[ABCDGIRSTW][ABCDGIRSTW]* .* \(lib.*\)$/  {"\1", (void *) \&\1},/p'\'' -e '\''s/^[ABCDGIRSTW][ABCDGIRSTW]* .* \(.*\)$/  {"lib\1", (void *) \&\1},/p'\'''
lt_cv_sys_global_symbol_to_cdecl='sed -n -e '\''s/^T .* \(.*\)$/extern int \1();/p'\'' -e '\''s/^[ABCDGIRSTW][ABCDGIRSTW]* .* \(.*\)$/extern char \1;/p'\'''
lt_cv_sys_global_symbol_to_import=
lt_cv_sys_max_cmd_len=1572864
lt_cv_to_host_file_cmd=func_convert_file_noop
lt_cv_to_tool_file_cmd=func_convert_file_noop
lt_cv_truncate_bin='/usr/bin/dd bs=4096 count=1'

## ----------------- ##
## Output variables. ##
## ----------------- ##

ACLOCAL='${SHELL} /home/mininet/pox/src/libbgpstream-2.2.0/lib/formats/libparsebgp/missing aclocal-1.16'
AMDEPBACKSLASH='\'
AMDEP_FALSE='#'
AMDEP_TRUE=''
AMTAR='$${TAR-tar}'
AM_BACKSLASH='\'
AM_DEFAULT_V='$(AM_DEFAULT_VERBOSITY)'
AM_DEFAULT_VERBOSITY='1'
AM_V='$(V)'
AR='ar'
AUTOCONF='${SHELL} /home/mininet/pox/src/libbgpstream-2.2.0/lib/formats/libparsebgp/missing autoconf'
AUTOHEADER='${SHELL} /home/mininet/pox/src/libbgpstream-2.2.0/lib/formats/libparsebgp/missing autoheader'
AUTOMAKE='${SHELL} /home/mininet/pox/src/libbgpstream-2.2.0/lib/formats/libparsebgp/missing automake-1.16'
AWK='mawk'
CC='gcc'
CCDEPMODE='depmode=gcc3'
CFLAGS='-g -O2'
CPP='gcc -E'
CPPFLAGS=''
CYGPATH_W='echo'
DEFS='-DHAVE_CONFIG_H'
DEPDIR='.deps'
DLLTOOL='false'
DSYMUTIL=''
DUMPBIN=''
ECHO_C=''
ECHO_N='-n'
ECHO_T=''
EGREP='/usr/bin/grep -E'
EXEEXT=''
FGREP='/usr/bin/grep -F'
GREP='/usr/bin/grep'
INSTALL_DATA='${INSTALL} -m 644'
INSTALL_PROGRAM='${INSTALL}'
INSTALL_SCRIPT='${INSTALL}'
INSTALL_STRIP_PROGRAM='$(install_sh) -c -s'
LD='/usr/bin/ld'
LDFLAGS=''
LIBOBJS=''
LIBPARSEBGP_MAJOR_VERSION='1'
LIBPARSEBGP_MID_VERSION='0'
LIBPARSEBGP_MINOR_VERSION='0'
LIBPARSEBGP_SHLIB_AGE='0'
LIBPARSEBGP_SHLIB_CURRENT='2'
LIBPARSEBGP_SHLIB_REVISION='0'
LIBS=''
LIBTOOL='$(SHELL) $(top_builddir)/libtool'
LIPO=''
LN_S='ln -s'
LTLIBOBJS=''
LT_SYS_LIBRARY_PATH=''
MAKEINFO='${SHELL} /home/mininet/pox/src/libbgpstream-2.2.0/lib/formats/libparsebgp/missing makeinfo'
MANIFEST_TOOL=':'
MKDIR_P='/usr/bin/mkdir -p'
NM='/usr/bin/nm -B'
NMEDIT=''
OBJDUMP='objdump'
OBJEXT='o'
OTOOL64=''
OTOOL=''
PACKAGE='libparsebgp'
PACKAGE_BUGREPORT='bgpstream-info@caida.org'
PACKAGE_NAME='libparsebgp'
PACKAGE_STRING='libparsebgp 1.0.0'
PACKAGE_TARNAME='libparsebgp'
PACKAGE_URL=''
PACKAGE_VERSION='1.0.0'
PATH_SEPARATOR=':'
RANLIB='ranlib'
SED='/usr/bin/sed'
SET_MAKE=''
SHELL='/bin/bash'
STRIP='strip'
VERSION='1.0.0'
ac_ct_AR='ar'
ac_ct_CC='gcc'
ac_ct_DUMPBIN=''
am__EXEEXT_FALSE=''
am__EXEEXT_TRUE='#'
am__fastdepCC_FALSE='#'
am__fastdepCC_TRUE=''
am__include='include'
am__isrc=''
am__leading_dot='.'
am__nodep='_no'
am__quote=''
am__tar='$${TAR-tar} chof - "$$tardir"'
am__untar='$${TAR-tar} xf -'
bindir='${exec_prefix}/bin'
build='aarch64-unknown-linux-gnu'
build_alias=''
build_cpu='aarch64'
build_os='linux-gnu'
build_vendor='unknown'
datadir='${datarootdir}'
datarootdir='${prefix}/share'
docdir='${datarootdir}/doc/${PACKAGE_TARNAME}'
dvidir='${docdir}'
exec_prefix='${prefix}'
host='aarch64-unknown-linux-gnu'
host_alias=''
host_cpu='aarch64'
host_os='linux-gnu'
host_vendor='unknown'
htmldir='${docdir}'
includedir='${prefix}/include'
infodir='${datarootdir}/info'
install_sh='${SHELL} /home/mininet/pox/src/libbgpstream-2.2.0/lib/formats/libparsebgp/install-sh'
libdir='${exec_prefix}/lib'
libexecdir='${exec_prefix}/libexec'
localedir='${datarootdir}/locale'
localstatedir='${prefix}/var'
mandir='${datarootdir}/man'
mkdir_p='$(MKDIR_P)'
oldincludedir='/usr/include'
pdfdir='${docdir}'
prefix='/usr/local'
program_transform_name='s,x,x,'
psdir='${docdir}'
runstatedir='${localstatedir}/run'
sbindir='${exec_prefix}/sbin'
sharedstatedir='${prefix}/com'
sysconfdir='${prefix}/etc'
target_alias=''

## ----------- ##
## confdefs.h. ##
## ----------- ##

/* confdefs.h */
#define PACKAGE_NAME "libparsebgp"
#define PACKAGE_TARNAME "libparsebgp"
#define PACKAGE_VERSION "1.0.0"
#define PACKAGE_STRING "libparsebgp 1.0.0"
#define PACKAGE_BUGREPORT "bgpstream-info@caida.org"
#define PACKAGE_URL ""
#define STDC_HEADERS 1
#define HAVE_SYS_TYPES_H 1
#define HAVE_SYS_STAT_H 1
#define HAVE_STDLIB_H 1
#define HAVE_STRING_H 1
#define HAVE_MEMORY_H 1
#define HAVE_STRINGS_H 1
#define HAVE_INTTYPES_H 1
#define HAVE_STDINT_H 1
#define HAVE_UNISTD_H 1
#define HAVE_DLFCN_H 1
#define LT_OBJDIR ".libs/"
#define PACKAGE "libparsebgp"
#define VERSION "1.0.0"

configure: exit 0
