ATT:(ATT,0) (UGA,-50) (GSAT,-8) (CMCT,1) (TWC,1) (VONA,-11)
CMCT:(CMCT,0) (ATT,1) (TWC,0) (VONA,1) (UGA,-49) (GSAT,-7)
DRPA:(DRPA,0) (EGLN,1) (CMCT,12) (GT,-1) (ATT,13) (TWC,12) (UC,-1) (OSU,-1)
EGLN:(EGLN,0) (GT,-2) (DRPA,1) (UC,-2) (CMCT,13) (OSU,-2)
GSAT:(GSAT,0) (VONA,-3) (UGA,0) (VZ,5) (ATT,7)
GT:(GT,0) (UC,0) (EGLN,2) (OSU,0) (DRPA,3)
OSU:(OSU,0) (UC,0) (PTGN,2) (GT,0) (VONA,5) (EGLN,2) (DRPA,3)
PTGN:(PTGN,0) (OSU,-1) (VONA,3) (UC,-1) (VZ,11) (GSAT,6) (GT,-1) (EGLN,1) (DRPA,2)
TWC:(TWC,0) (CMCT,0) (VONA,1) (ATT,1) (VZ,9) (GSAT,-7) (UGA,-49)
UC:(UC,0) (GT,0) (OSU,0) (EGLN,2) (PTGN,2) (DRPA,3)
UGA:(UGA,0) (ATT,49) (GSAT,42) (CMCT,51) (VONA,39) (TWC,51) (VZ,47)
VONA:(VONA,0) (VZ,8) (GSAT,3) (ATT,10) (UGA,3)
VZ:(VZ,0) (ATT,2) (UGA,-48) (GSAT,-6) (CMCT,3)
-----
ATT:(ATT,0) (UGA,-50) (GSAT,-8) (CMCT,1) (TWC,1) (VONA,-11) (VZ,-3)
CMCT:(CMCT,0) (ATT,1) (TWC,0) (VONA,-10) (UGA,-49) (GSAT,-7) (VZ,9)
DRPA:(DRPA,0) (EGLN,1) (CMCT,12) (GT,-1) (ATT,13) (TWC,12) (UC,-1) (OSU,-1) (VONA,13) (UGA,-37) (GSAT,5) (PTGN,1)
EGLN:(EGLN,0) (GT,-2) (DRPA,1) (UC,-2) (CMCT,13) (OSU,-2) (ATT,14) (TWC,13) (PTGN,0)
GSAT:(GSAT,0) (VONA,-3) (UGA,-43) (VZ,4) (ATT,6) (CMCT,8) (TWC,51)
GT:(GT,0) (UC,0) (EGLN,2) (OSU,0) (DRPA,3) (PTGN,2) (CMCT,15)
OSU:(OSU,0) (UC,0) (PTGN,2) (GT,0) (VONA,5) (EGLN,2) (DRPA,3) (VZ,13) (GSAT,8) (CMCT,15)
PTGN:(PTGN,0) (OSU,-1) (VONA,3) (UC,-1) (VZ,11) (GSAT,6) (GT,-1) (EGLN,1) (DRPA,2) (ATT,13) (UGA,6) (CMCT,14)
TWC:(TWC,0) (CMCT,0) (VONA,-10) (ATT,1) (VZ,9) (GSAT,-7) (UGA,-49)
UC:(UC,0) (GT,0) (OSU,0) (EGLN,2) (PTGN,2) (DRPA,3) (VONA,5) (CMCT,15)
UGA:(UGA,0) (ATT,47) (GSAT,41) (CMCT,49) (VONA,38) (TWC,50) (VZ,45)
VONA:(VONA,0) (VZ,7) (GSAT,2) (ATT,9) (UGA,-40) (CMCT,11)
VZ:(VZ,0) (ATT,2) (UGA,-48) (GSAT,-6) (CMCT,3) (TWC,3) (VONA,-9)
-----
ATT:(ATT,0) (UGA,-99) (GSAT,-99) (CMCT,-50) (TWC,-50) (VONA,-99) (VZ,-99)
CMCT:(CMCT,0) (ATT,1) (TWC,0) (VONA,-10) (UGA,-49) (GSAT,-7) (VZ,-2)
DRPA:(DRPA,0) (EGLN,1) (CMCT,12) (GT,-1) (ATT,13) (TWC,12) (UC,-1) (OSU,-1) (VONA,2) (UGA,-37) (GSAT,5) (PTGN,1) (VZ,21)
EGLN:(EGLN,0) (GT,-2) (DRPA,1) (UC,-2) (CMCT,13) (OSU,-2) (ATT,14) (TWC,13) (PTGN,0) (VONA,3) (UGA,-36) (GSAT,6)
GSAT:(GSAT,0) (VONA,-5) (UGA,-47) (VZ,0) (ATT,2) (CMCT,4) (TWC,5)
GT:(GT,0) (UC,0) (EGLN,2) (OSU,0) (DRPA,3) (PTGN,2) (CMCT,15) (VONA,5) (ATT,16) (TWC,15)
OSU:(OSU,0) (UC,0) (PTGN,2) (GT,0) (VONA,5) (EGLN,2) (DRPA,3) (VZ,13) (GSAT,8) (CMCT,15) (ATT,15) (UGA,8) (TWC,15)
PTGN:(PTGN,0) (OSU,-1) (VONA,3) (UC,-1) (VZ,10) (GSAT,5) (GT,-1) (EGLN,1) (DRPA,2) (ATT,12) (UGA,-37) (CMCT,14) (TWC,14)
TWC:(TWC,0) (CMCT,0) (VONA,-10) (ATT,-1) (VZ,-3) (GSAT,-8) (UGA,-50)
UC:(UC,0) (GT,0) (OSU,0) (EGLN,2) (PTGN,2) (DRPA,3) (VONA,5) (CMCT,15) (VZ,13) (GSAT,8) (ATT,16) (TWC,15)
UGA:(UGA,0) (ATT,-99) (GSAT,-99) (CMCT,-99) (VONA,-99) (TWC,-99) (VZ,-99)
VONA:(VONA,0) (VZ,5) (GSAT,1) (ATT,7) (UGA,-42) (CMCT,9) (TWC,10)
VZ:(VZ,0) (ATT,2) (UGA,-48) (GSAT,-6) (CMCT,3) (TWC,3) (VONA,-9)
-----
ATT:(ATT,0) (UGA,-99) (GSAT,-99) (CMCT,-99) (TWC,-99) (VONA,-99) (VZ,-99)
CMCT:(CMCT,0) (ATT,-1) (TWC,-99) (VONA,-99) (UGA,-99) (GSAT,-99) (VZ,-99)
DRPA:(DRPA,0) (EGLN,1) (CMCT,12) (GT,-1) (ATT,13) (TWC,12) (UC,-1) (OSU,-1) (VONA,2) (UGA,-37) (GSAT,5) (PTGN,1) (VZ,10)
EGLN:(EGLN,0) (GT,-2) (DRPA,1) (UC,-2) (CMCT,13) (OSU,-2) (ATT,14) (TWC,13) (PTGN,0) (VONA,3) (UGA,-36) (GSAT,6) (VZ,11)
GSAT:(GSAT,0) (VONA,-99) (UGA,-99) (VZ,-99) (ATT,-99) (CMCT,-99) (TWC,-99)
GT:(GT,0) (UC,0) (EGLN,2) (OSU,0) (DRPA,3) (PTGN,2) (CMCT,15) (VONA,5) (ATT,16) (TWC,15) (VZ,13) (GSAT,8) (UGA,-34)
OSU:(OSU,0) (UC,0) (PTGN,2) (GT,0) (VONA,5) (EGLN,2) (DRPA,3) (VZ,12) (GSAT,7) (CMCT,15) (ATT,14) (UGA,-35) (TWC,15)
PTGN:(PTGN,0) (OSU,-1) (VONA,3) (UC,-1) (VZ,8) (GSAT,4) (GT,-1) (EGLN,1) (DRPA,2) (ATT,10) (UGA,-39) (CMCT,12) (TWC,13)
TWC:(TWC,0) (CMCT,-1) (VONA,-99) (ATT,-3) (VZ,-99) (GSAT,-99) (UGA,-99)
UC:(UC,0) (GT,0) (OSU,0) (EGLN,2) (PTGN,2) (DRPA,3) (VONA,5) (CMCT,15) (VZ,13) (GSAT,8) (ATT,15) (TWC,15) (UGA,-34)
UGA:(UGA,0) (ATT,-99) (GSAT,-99) (CMCT,-99) (VONA,-99) (TWC,-99) (VZ,-99)
VONA:(VONA,0) (VZ,1) (GSAT,1) (ATT,3) (UGA,-46) (CMCT,5) (TWC,6)
VZ:(VZ,0) (ATT,2) (UGA,-99) (GSAT,-99) (CMCT,-48) (TWC,-48) (VONA,-99)
-----
ATT:(ATT,0) (UGA,-99) (GSAT,-99) (CMCT,-99) (TWC,-99) (VONA,-99) (VZ,-99)
CMCT:(CMCT,0) (ATT,-99) (TWC,-99) (VONA,-99) (UGA,-99) (GSAT,-99) (VZ,-99)
DRPA:(DRPA,0) (EGLN,1) (CMCT,12) (GT,-1) (ATT,11) (TWC,-99) (UC,-1) (OSU,-1) (VONA,-99) (UGA,-99) (GSAT,-99) (PTGN,1) (VZ,-99)
EGLN:(EGLN,0) (GT,-2) (DRPA,1) (UC,-2) (CMCT,13) (OSU,-2) (ATT,13) (TWC,13) (PTGN,0) (VONA,3) (UGA,-36) (GSAT,6) (VZ,11)
GSAT:(GSAT,0) (VONA,-99) (UGA,-99) (VZ,-99) (ATT,-99) (CMCT,-99) (TWC,-99)
GT:(GT,0) (UC,0) (EGLN,2) (OSU,0) (DRPA,3) (PTGN,2) (CMCT,15) (VONA,5) (ATT,15) (TWC,15) (VZ,13) (GSAT,8) (UGA,-34)
OSU:(OSU,0) (UC,0) (PTGN,2) (GT,0) (VONA,5) (EGLN,2) (DRPA,3) (VZ,10) (GSAT,6) (CMCT,14) (ATT,12) (UGA,-37) (TWC,15)
PTGN:(PTGN,0) (OSU,-1) (VONA,3) (UC,-1) (VZ,4) (GSAT,4) (GT,-1) (EGLN,1) (DRPA,2) (ATT,6) (UGA,-43) (CMCT,8) (TWC,9)
TWC:(TWC,0) (CMCT,-99) (VONA,-99) (ATT,-99) (VZ,-99) (GSAT,-99) (UGA,-99)
UC:(UC,0) (GT,0) (OSU,0) (EGLN,2) (PTGN,2) (DRPA,3) (VONA,5) (CMCT,15) (VZ,12) (GSAT,7) (ATT,14) (TWC,15) (UGA,-35)
UGA:(UGA,0) (ATT,-99) (GSAT,-99) (CMCT,-99) (VONA,-99) (TWC,-99) (VZ,-99)
VONA:(VONA,0) (VZ,-99) (GSAT,-99) (ATT,-99) (UGA,-99) (CMCT,-99) (TWC,-99)
VZ:(VZ,0) (ATT,2) (UGA,-99) (GSAT,-99) (CMCT,-99) (TWC,-99) (VONA,-99)
-----
ATT:(ATT,0) (UGA,-99) (GSAT,-99) (CMCT,-99) (TWC,-99) (VONA,-99) (VZ,-99)
CMCT:(CMCT,0) (ATT,-99) (TWC,-99) (VONA,-99) (UGA,-99) (GSAT,-99) (VZ,-99)
DRPA:(DRPA,0) (EGLN,1) (CMCT,12) (GT,-1) (ATT,-99) (TWC,-99) (UC,-1) (OSU,-1) (VONA,-99) (UGA,-99) (GSAT,-99) (PTGN,1) (VZ,-99)
EGLN:(EGLN,0) (GT,-2) (DRPA,1) (UC,-2) (CMCT,13) (OSU,-2) (ATT,12) (TWC,-99) (PTGN,0) (VONA,-99) (UGA,-99) (GSAT,-99) (VZ,-99)
GSAT:(GSAT,0) (VONA,-99) (UGA,-99) (VZ,-99) (ATT,-99) (CMCT,-99) (TWC,-99)
GT:(GT,0) (UC,0) (EGLN,2) (OSU,0) (DRPA,3) (PTGN,2) (CMCT,15) (VONA,5) (ATT,14) (TWC,15) (VZ,12) (GSAT,7) (UGA,-35)
OSU:(OSU,0) (UC,0) (PTGN,2) (GT,0) (VONA,5) (EGLN,2) (DRPA,3) (VZ,6) (GSAT,6) (CMCT,10) (ATT,8) (UGA,-41) (TWC,11)
PTGN:(PTGN,0) (OSU,-1) (VONA,3) (UC,-1) (VZ,-99) (GSAT,-99) (GT,-1) (EGLN,1) (DRPA,2) (ATT,-99) (UGA,-99) (CMCT,-99) (TWC,-99)
TWC:(TWC,0) (CMCT,-99) (VONA,-99) (ATT,-99) (VZ,-99) (GSAT,-99) (UGA,-99)
UC:(UC,0) (GT,0) (OSU,0) (EGLN,2) (PTGN,2) (DRPA,3) (VONA,5) (CMCT,14) (VZ,10) (GSAT,6) (ATT,12) (TWC,15) (UGA,-37)
UGA:(UGA,0) (ATT,-99) (GSAT,-99) (CMCT,-99) (VONA,-99) (TWC,-99) (VZ,-99)
VONA:(VONA,0) (VZ,-99) (GSAT,-99) (ATT,-99) (UGA,-99) (CMCT,-99) (TWC,-99)
VZ:(VZ,0) (ATT,2) (UGA,-99) (GSAT,-99) (CMCT,-99) (TWC,-99) (VONA,-99)
-----
ATT:(ATT,0) (UGA,-99) (GSAT,-99) (CMCT,-99) (TWC,-99) (VONA,-99) (VZ,-99)
CMCT:(CMCT,0) (ATT,-99) (TWC,-99) (VONA,-99) (UGA,-99) (GSAT,-99) (VZ,-99)
DRPA:(DRPA,0) (EGLN,1) (CMCT,12) (GT,-1) (ATT,-99) (TWC,-99) (UC,-1) (OSU,-1) (VONA,-99) (UGA,-99) (GSAT,-99) (PTGN,1) (VZ,-99)
EGLN:(EGLN,0) (GT,-2) (DRPA,1) (UC,-2) (CMCT,12) (OSU,-2) (ATT,-99) (TWC,-99) (PTGN,0) (VONA,-99) (UGA,-99) (GSAT,-99) (VZ,-99)
GSAT:(GSAT,0) (VONA,-99) (UGA,-99) (VZ,-99) (ATT,-99) (CMCT,-99) (TWC,-99)
GT:(GT,0) (UC,0) (EGLN,2) (OSU,0) (DRPA,3) (PTGN,2) (CMCT,14) (VONA,-99) (ATT,12) (TWC,-99) (VZ,-99) (GSAT,-99) (UGA,-99)
OSU:(OSU,0) (UC,0) (PTGN,2) (GT,0) (VONA,-99) (EGLN,2) (DRPA,3) (VZ,-99) (GSAT,-99) (CMCT,-99) (ATT,-99) (UGA,-99) (TWC,-99)
PTGN:(PTGN,0) (OSU,-1) (VONA,-99) (UC,-1) (VZ,-99) (GSAT,-99) (GT,-1) (EGLN,1) (DRPA,2) (ATT,-99) (UGA,-99) (CMCT,-99) (TWC,-99)
TWC:(TWC,0) (CMCT,-99) (VONA,-99) (ATT,-99) (VZ,-99) (GSAT,-99) (UGA,-99)
UC:(UC,0) (GT,0) (OSU,0) (EGLN,2) (PTGN,2) (DRPA,3) (VONA,-99) (CMCT,10) (VZ,-99) (GSAT,-99) (ATT,8) (TWC,-99) (UGA,-99)
UGA:(UGA,0) (ATT,-99) (GSAT,-99) (CMCT,-99) (VONA,-99) (TWC,-99) (VZ,-99)
VONA:(VONA,0) (VZ,-99) (GSAT,-99) (ATT,-99) (UGA,-99) (CMCT,-99) (TWC,-99)
VZ:(VZ,0) (ATT,2) (UGA,-99) (GSAT,-99) (CMCT,-99) (TWC,-99) (VONA,-99)
-----
ATT:(ATT,0) (UGA,-99) (GSAT,-99) (CMCT,-99) (TWC,-99) (VONA,-99) (VZ,-99)
CMCT:(CMCT,0) (ATT,-99) (TWC,-99) (VONA,-99) (UGA,-99) (GSAT,-99) (VZ,-99)
DRPA:(DRPA,0) (EGLN,1) (CMCT,9) (GT,-1) (ATT,-99) (TWC,-99) (UC,-1) (OSU,-1) (VONA,-99) (UGA,-99) (GSAT,-99) (PTGN,1) (VZ,-99)
EGLN:(EGLN,0) (GT,-2) (DRPA,1) (UC,-2) (CMCT,8) (OSU,-2) (ATT,-99) (TWC,-99) (PTGN,0) (VONA,-99) (UGA,-99) (GSAT,-99) (VZ,-99)
GSAT:(GSAT,0) (VONA,-99) (UGA,-99) (VZ,-99) (ATT,-99) (CMCT,-99) (TWC,-99)
GT:(GT,0) (UC,0) (EGLN,2) (OSU,0) (DRPA,3) (PTGN,2) (CMCT,10) (VONA,-99) (ATT,-99) (TWC,-99) (VZ,-99) (GSAT,-99) (UGA,-99)
OSU:(OSU,0) (UC,0) (PTGN,2) (GT,0) (VONA,-99) (EGLN,2) (DRPA,3) (VZ,-99) (GSAT,-99) (CMCT,-99) (ATT,-99) (UGA,-99) (TWC,-99)
PTGN:(PTGN,0) (OSU,-1) (VONA,-99) (UC,-1) (VZ,-99) (GSAT,-99) (GT,-1) (EGLN,1) (DRPA,2) (ATT,-99) (UGA,-99) (CMCT,-99) (TWC,-99)
TWC:(TWC,0) (CMCT,-99) (VONA,-99) (ATT,-99) (VZ,-99) (GSAT,-99) (UGA,-99)
UC:(UC,0) (GT,0) (OSU,0) (EGLN,2) (PTGN,2) (DRPA,3) (VONA,-99) (CMCT,-99) (VZ,-99) (GSAT,-99) (ATT,-99) (TWC,-99) (UGA,-99)
UGA:(UGA,0) (ATT,-99) (GSAT,-99) (CMCT,-99) (VONA,-99) (TWC,-99) (VZ,-99)
VONA:(VONA,0) (VZ,-99) (GSAT,-99) (ATT,-99) (UGA,-99) (CMCT,-99) (TWC,-99)
VZ:(VZ,0) (ATT,2) (UGA,-99) (GSAT,-99) (CMCT,-99) (TWC,-99) (VONA,-99)
-----
ATT:(ATT,0) (UGA,-99) (GSAT,-99) (CMCT,-99) (TWC,-99) (VONA,-99) (VZ,-99)
CMCT:(CMCT,0) (ATT,-99) (TWC,-99) (VONA,-99) (UGA,-99) (GSAT,-99) (VZ,-99)
DRPA:(DRPA,0) (EGLN,1) (CMCT,-99) (GT,-1) (ATT,-99) (TWC,-99) (UC,-1) (OSU,-1) (VONA,-99) (UGA,-99) (GSAT,-99) (PTGN,1) (VZ,-99)
EGLN:(EGLN,0) (GT,-2) (DRPA,1) (UC,-2) (CMCT,-99) (OSU,-2) (ATT,-99) (TWC,-99) (PTGN,0) (VONA,-99) (UGA,-99) (GSAT,-99) (VZ,-99)
GSAT:(GSAT,0) (VONA,-99) (UGA,-99) (VZ,-99) (ATT,-99) (CMCT,-99) (TWC,-99)
GT:(GT,0) (UC,0) (EGLN,2) (OSU,0) (DRPA,3) (PTGN,2) (CMCT,-99) (VONA,-99) (ATT,-99) (TWC,-99) (VZ,-99) (GSAT,-99) (UGA,-99)
OSU:(OSU,0) (UC,0) (PTGN,2) (GT,0) (VONA,-99) (EGLN,2) (DRPA,3) (VZ,-99) (GSAT,-99) (CMCT,-99) (ATT,-99) (UGA,-99) (TWC,-99)
PTGN:(PTGN,0) (OSU,-1) (VONA,-99) (UC,-1) (VZ,-99) (GSAT,-99) (GT,-1) (EGLN,1) (DRPA,2) (ATT,-99) (UGA,-99) (CMCT,-99) (TWC,-99)
TWC:(TWC,0) (CMCT,-99) (VONA,-99) (ATT,-99) (VZ,-99) (GSAT,-99) (UGA,-99)
UC:(UC,0) (GT,0) (OSU,0) (EGLN,2) (PTGN,2) (DRPA,3) (VONA,-99) (CMCT,-99) (VZ,-99) (GSAT,-99) (ATT,-99) (TWC,-99) (UGA,-99)
UGA:(UGA,0) (ATT,-99) (GSAT,-99) (CMCT,-99) (VONA,-99) (TWC,-99) (VZ,-99)
VONA:(VONA,0) (VZ,-99) (GSAT,-99) (ATT,-99) (UGA,-99) (CMCT,-99) (TWC,-99)
VZ:(VZ,0) (ATT,2) (UGA,-99) (GSAT,-99) (CMCT,-99) (TWC,-99) (VONA,-99)
-----
ATT:(ATT,0) (UGA,-99) (GSAT,-99) (CMCT,-99) (TWC,-99) (VONA,-99) (VZ,-99)
CMCT:(CMCT,0) (ATT,-99) (TWC,-99) (VONA,-99) (UGA,-99) (GSAT,-99) (VZ,-99)
DRPA:(DRPA,0) (EGLN,1) (CMCT,-99) (GT,-1) (ATT,-99) (TWC,-99) (UC,-1) (OSU,-1) (VONA,-99) (UGA,-99) (GSAT,-99) (PTGN,1) (VZ,-99)
EGLN:(EGLN,0) (GT,-2) (DRPA,1) (UC,-2) (CMCT,-99) (OSU,-2) (ATT,-99) (TWC,-99) (PTGN,0) (VONA,-99) (UGA,-99) (GSAT,-99) (VZ,-99)
GSAT:(GSAT,0) (VONA,-99) (UGA,-99) (VZ,-99) (ATT,-99) (CMCT,-99) (TWC,-99)
GT:(GT,0) (UC,0) (EGLN,2) (OSU,0) (DRPA,3) (PTGN,2) (CMCT,-99) (VONA,-99) (ATT,-99) (TWC,-99) (VZ,-99) (GSAT,-99) (UGA,-99)
OSU:(OSU,0) (UC,0) (PTGN,2) (GT,0) (VONA,-99) (EGLN,2) (DRPA,3) (VZ,-99) (GSAT,-99) (CMCT,-99) (ATT,-99) (UGA,-99) (TWC,-99)
PTGN:(PTGN,0) (OSU,-1) (VONA,-99) (UC,-1) (VZ,-99) (GSAT,-99) (GT,-1) (EGLN,1) (DRPA,2) (ATT,-99) (UGA,-99) (CMCT,-99) (TWC,-99)
TWC:(TWC,0) (CMCT,-99) (VONA,-99) (ATT,-99) (VZ,-99) (GSAT,-99) (UGA,-99)
UC:(UC,0) (GT,0) (OSU,0) (EGLN,2) (PTGN,2) (DRPA,3) (VONA,-99) (CMCT,-99) (VZ,-99) (GSAT,-99) (ATT,-99) (TWC,-99) (UGA,-99)
UGA:(UGA,0) (ATT,-99) (GSAT,-99) (CMCT,-99) (VONA,-99) (TWC,-99) (VZ,-99)
VONA:(VONA,0) (VZ,-99) (GSAT,-99) (ATT,-99) (UGA,-99) (CMCT,-99) (TWC,-99)
VZ:(VZ,0) (ATT,2) (UGA,-99) (GSAT,-99) (CMCT,-99) (TWC,-99) (VONA,-99)
-----
