AA:(AA,0) (AD,-2) (AE,-1)
AB:(AB,0) (AA,-1) (CC,0) (AD,-3) (AE,-2)
AD:(AD,0) (AE,1) (AB,2) (F,-49)
AE:(AE,0) (AB,-49) (F,-50) (AA,-50) (CC,-49) (AD,-99)
CC:(CC,0) (AB,0) (AA,-1) (AD,-3) (AE,-2)
F:(F,0) (AB,-99) (AE,-99) (AA,-99) (CC,-99) (AD,-99)
G:(G,0) (F,1) (AB,-99) (AE,-99) (AA,-99) (CC,-99) (AD,-99)
-----
AA:(AA,0) (AD,-2) (AE,-1) (AB,0) (F,-99)
AB:(AB,0) (AA,-1) (CC,0) (AD,-3) (AE,-2) (F,-99)
AD:(AD,0) (AE,1) (AB,-48) (F,-49) (AA,-49) (CC,-48)
AE:(AE,0) (AB,-99) (F,-99) (AA,-99) (CC,-99) (AD,-99)
CC:(CC,0) (AB,0) (AA,-1) (AD,-3) (AE,-2) (F,-99)
F:(F,0) (AB,-99) (AE,-99) (AA,-99) (CC,-99) (AD,-99)
G:(G,0) (F,1) (AB,-99) (AE,-99) (AA,-99) (CC,-99) (AD,-99)
-----
AA:(AA,0) (AD,-2) (AE,-1) (AB,-50) (F,-99) (CC,-50)
AB:(AB,0) (AA,-1) (CC,-99) (AD,-3) (AE,-2) (F,-99)
AD:(AD,0) (AE,1) (AB,-99) (F,-99) (AA,-99) (CC,-99)
AE:(AE,0) (AB,-99) (F,-99) (AA,-99) (CC,-99) (AD,-99)
CC:(CC,0) (AB,0) (AA,-1) (AD,-3) (AE,-2) (F,-99)
F:(F,0) (AB,-99) (AE,-99) (AA,-99) (CC,-99) (AD,-99)
G:(G,0) (F,1) (AB,-99) (AE,-99) (AA,-99) (CC,-99) (AD,-99)
-----
AA:(AA,0) (AD,-2) (AE,-1) (AB,-99) (F,-99) (CC,-99)
AB:(AB,0) (AA,-1) (CC,-99) (AD,-3) (AE,-2) (F,-99)
AD:(AD,0) (AE,1) (AB,-99) (F,-99) (AA,-99) (CC,-99)
AE:(AE,0) (AB,-99) (F,-99) (AA,-99) (CC,-99) (AD,-99)
CC:(CC,0) (AB,0) (AA,-1) (AD,-3) (AE,-2) (F,-99)
F:(F,0) (AB,-99) (AE,-99) (AA,-99) (CC,-99) (AD,-99)
G:(G,0) (F,1) (AB,-99) (AE,-99) (AA,-99) (CC,-99) (AD,-99)
-----
