ATT:(ATT,0) (UGA,-50) (GSAT,-8) (VONA,-11)
GSAT:(GSAT,0) (VONA,-3) (UGA,0) (VZ,5) (ATT,7)
UGA:(UGA,0) (ATT,49) (GSAT,42) (VONA,39) (VZ,47)
VONA:(VONA,0) (VZ,8) (ATT,10)
VZ:(VZ,0) (ATT,2) (UGA,-48) (GSAT,-6)
-----
ATT:(ATT,0) (UGA,-50) (GSAT,-8) (VONA,-11) (VZ,-3)
GSAT:(GSAT,0) (VONA,-3) (UGA,-43) (VZ,5) (ATT,7)
UGA:(UGA,0) (ATT,48) (GSAT,41) (VONA,38) (VZ,46)
VONA:(VONA,0) (VZ,8) (ATT,10) (UGA,-40) (GSAT,2)
VZ:(VZ,0) (ATT,2) (UGA,-48) (GSAT,-6) (VONA,-9)
-----
ATT:(ATT,0) (UGA,-99) (GSAT,-99) (VONA,-99) (VZ,-99)
GSAT:(GSAT,0) (VONA,-5) (UGA,-43) (VZ,3) (ATT,5)
UGA:(UGA,0) (ATT,-99) (GSAT,-99) (VONA,-99) (VZ,-99)
VONA:(VONA,0) (VZ,8) (ATT,10) (UGA,-40) (GSAT,2)
VZ:(VZ,0) (ATT,2) (UGA,-48) (GSAT,-6) (VONA,-9)
-----
ATT:(ATT,0) (UGA,-99) (GSAT,-99) (VONA,-99) (VZ,-99)
GSAT:(GSAT,0) (VONA,-99) (UGA,-43) (VZ,-99) (ATT,-99)
UGA:(UGA,0) (ATT,-99) (GSAT,-99) (VONA,-99) (VZ,-99)
VONA:(VONA,0) (VZ,8) (ATT,10) (UGA,-40) (GSAT,2)
VZ:(VZ,0) (ATT,2) (UGA,-99) (GSAT,-99) (VONA,-99)
-----
ATT:(ATT,0) (UGA,-99) (GSAT,-99) (VONA,-99) (VZ,-99)
GSAT:(GSAT,0) (VONA,-99) (UGA,-99) (VZ,-99) (ATT,-99)
UGA:(UGA,0) (ATT,-99) (GSAT,-99) (VONA,-99) (VZ,-99)
VONA:(VONA,0) (VZ,8) (ATT,10) (UGA,-99) (GSAT,-99)
VZ:(VZ,0) (ATT,2) (UGA,-99) (GSAT,-99) (VONA,-99)
-----
ATT:(ATT,0) (UGA,-99) (GSAT,-99) (VONA,-99) (VZ,-99)
GSAT:(GSAT,0) (VONA,-99) (UGA,-99) (VZ,-99) (ATT,-99)
UGA:(UGA,0) (ATT,-99) (GSAT,-99) (VONA,-99) (VZ,-99)
VONA:(VONA,0) (VZ,8) (ATT,10) (UGA,-99) (GSAT,-99)
VZ:(VZ,0) (ATT,2) (UGA,-99) (GSAT,-99) (VONA,-99)
-----
