A:(A,0) (B,1) (J,1) (C,2) (K,2)
B:(B,0) (A,1) (C,1) (J,2) (D,2) (K,3)
C:(C,0) (B,1) (D,1) (A,2) (E,2) (J,3) (K,4)
D:(D,0) (C,1) (E,1) (B,2) (F,2) (A,3) (J,4) (K,5)
E:(E,0) (D,1) (F,1) (C,2) (G,2) (B,3) (A,4) (J,5) (K,6)
F:(F,0) (G,1) (E,1) (D,2) (H,2) (C,3) (B,4) (A,5) (J,6) (K,7)
G:(G,0) (F,1) (H,1) (E,2) (I,2) (D,3) (C,4) (B,5) (A,6) (J,7) (K,8)
H:(H,0) (G,1) (I,1) (F,2) (R,2) (E,3) (D,4) (C,5) (B,6) (A,7) (J,8) (K,9)
I:(I,0) (H,1) (R,1) (G,2) (Q,2) (F,3) (E,4) (D,5) (C,6) (B,7) (A,8) (J,9) (K,10)
J:(J,0) (A,1) (K,1) (B,2) (L,2) (C,3)
K:(K,0) (L,1) (J,1) (A,2) (M,2) (B,3) (C,4)
L:(L,0) (M,1) (K,1) (J,2) (N,2) (A,3) (B,4) (C,5)
M:(M,0) (N,1) (L,1) (K,2) (O,2) (J,3) (A,4) (B,5) (C,6)
N:(N,0) (O,1) (M,1) (L,2) (P,2) (K,3) (J,4) (A,5) (B,6) (C,7)
O:(O,0) (P,1) (N,1) (M,2) (Q,2) (L,3) (K,4) (J,5) (A,6) (B,7) (C,8)
P:(P,0) (Q,1) (O,1) (N,2) (R,2) (M,3) (L,4) (K,5) (J,6) (A,7) (B,8) (C,9)
Q:(Q,0) (R,1) (P,1) (O,2) (I,2) (N,3) (M,4) (L,5) (K,6) (J,7) (A,8) (B,9) (C,10)
R:(R,0) (Q,1) (I,1) (H,2) (P,2) (G,3) (F,4) (E,5) (D,6) (C,7) (B,8) (A,9) (J,8) (K,7) (O,3) (N,4) (M,5) (L,6)
-----
A:(A,0) (B,1) (J,1) (C,2) (K,2) (D,3) (L,3)
B:(B,0) (A,1) (C,1) (J,2) (D,2) (K,3) (E,3) (L,4)
C:(C,0) (B,1) (D,1) (A,2) (E,2) (J,3) (K,4) (F,3) (L,5)
D:(D,0) (C,1) (E,1) (B,2) (F,2) (A,3) (J,4) (K,5) (G,3) (L,6)
E:(E,0) (D,1) (F,1) (C,2) (G,2) (B,3) (A,4) (J,5) (K,6) (H,3) (L,7)
F:(F,0) (G,1) (E,1) (D,2) (H,2) (C,3) (B,4) (A,5) (J,6) (K,7) (I,3) (L,8)
G:(G,0) (F,1) (H,1) (E,2) (I,2) (D,3) (C,4) (B,5) (A,6) (J,7) (K,8) (R,3) (L,9)
H:(H,0) (G,1) (I,1) (F,2) (R,2) (E,3) (D,4) (C,5) (B,6) (A,7) (J,8) (K,9) (Q,3) (L,10)
I:(I,0) (H,1) (R,1) (G,2) (Q,2) (F,3) (E,4) (D,5) (C,6) (B,7) (A,8) (J,9) (K,8) (P,3) (O,4) (N,5) (M,6) (L,7)
J:(J,0) (A,1) (K,1) (B,2) (L,2) (C,3) (M,3) (D,4)
K:(K,0) (L,1) (J,1) (A,2) (M,2) (B,3) (C,4) (N,3) (D,5)
L:(L,0) (M,1) (K,1) (J,2) (N,2) (A,3) (B,4) (C,5) (O,3) (D,6)
M:(M,0) (N,1) (L,1) (K,2) (O,2) (J,3) (A,4) (B,5) (C,6) (P,3) (D,7)
N:(N,0) (O,1) (M,1) (L,2) (P,2) (K,3) (J,4) (A,5) (B,6) (C,7) (Q,3) (D,8)
O:(O,0) (P,1) (N,1) (M,2) (Q,2) (L,3) (K,4) (J,5) (A,6) (B,7) (C,8) (R,3) (D,9)
P:(P,0) (Q,1) (O,1) (N,2) (R,2) (M,3) (L,4) (K,5) (J,6) (A,7) (B,8) (C,9) (I,3) (D,10)
Q:(Q,0) (R,1) (P,1) (O,2) (I,2) (N,3) (M,4) (L,5) (K,6) (J,7) (A,8) (B,9) (C,8) (H,3) (G,4) (F,5) (E,6) (D,7)
R:(R,0) (Q,1) (I,1) (H,2) (P,2) (G,3) (F,4) (E,5) (D,6) (C,7) (B,8) (A,9) (J,8) (K,7) (O,3) (N,4) (M,5) (L,6)
-----
A:(A,0) (B,1) (J,1) (C,2) (K,2) (D,3) (L,3) (E,4) (M,4)
B:(B,0) (A,1) (C,1) (J,2) (D,2) (K,3) (E,3) (L,4) (F,4) (M,5)
C:(C,0) (B,1) (D,1) (A,2) (E,2) (J,3) (K,4) (F,3) (L,5) (G,4) (M,6)
D:(D,0) (C,1) (E,1) (B,2) (F,2) (A,3) (J,4) (K,5) (G,3) (L,6) (H,4) (M,7)
E:(E,0) (D,1) (F,1) (C,2) (G,2) (B,3) (A,4) (J,5) (K,6) (H,3) (L,7) (I,4) (M,8)
F:(F,0) (G,1) (E,1) (D,2) (H,2) (C,3) (B,4) (A,5) (J,6) (K,7) (I,3) (L,8) (R,4) (M,9)
G:(G,0) (F,1) (H,1) (E,2) (I,2) (D,3) (C,4) (B,5) (A,6) (J,7) (K,8) (R,3) (L,9) (Q,4) (M,10)
H:(H,0) (G,1) (I,1) (F,2) (R,2) (E,3) (D,4) (C,5) (B,6) (A,7) (J,8) (K,9) (Q,3) (L,8) (P,4) (O,5) (N,6) (M,7)
I:(I,0) (H,1) (R,1) (G,2) (Q,2) (F,3) (E,4) (D,5) (C,6) (B,7) (A,8) (J,9) (K,8) (P,3) (O,4) (N,5) (M,6) (L,7)
J:(J,0) (A,1) (K,1) (B,2) (L,2) (C,3) (M,3) (D,4) (N,4) (E,5)
K:(K,0) (L,1) (J,1) (A,2) (M,2) (B,3) (C,4) (N,3) (D,5) (O,4) (E,6)
L:(L,0) (M,1) (K,1) (J,2) (N,2) (A,3) (B,4) (C,5) (O,3) (D,6) (P,4) (E,7)
M:(M,0) (N,1) (L,1) (K,2) (O,2) (J,3) (A,4) (B,5) (C,6) (P,3) (D,7) (Q,4) (E,8)
N:(N,0) (O,1) (M,1) (L,2) (P,2) (K,3) (J,4) (A,5) (B,6) (C,7) (Q,3) (D,8) (R,4) (E,9)
O:(O,0) (P,1) (N,1) (M,2) (Q,2) (L,3) (K,4) (J,5) (A,6) (B,7) (C,8) (R,3) (D,9) (I,4) (E,10)
P:(P,0) (Q,1) (O,1) (N,2) (R,2) (M,3) (L,4) (K,5) (J,6) (A,7) (B,8) (C,9) (I,3) (D,8) (H,4) (G,5) (F,6) (E,7)
Q:(Q,0) (R,1) (P,1) (O,2) (I,2) (N,3) (M,4) (L,5) (K,6) (J,7) (A,8) (B,9) (C,8) (H,3) (G,4) (F,5) (E,6) (D,7)
R:(R,0) (Q,1) (I,1) (H,2) (P,2) (G,3) (F,4) (E,5) (D,6) (C,7) (B,8) (A,9) (J,8) (K,7) (O,3) (N,4) (M,5) (L,6)
-----
A:(A,0) (B,1) (J,1) (C,2) (K,2) (D,3) (L,3) (E,4) (M,4) (F,5) (N,5)
B:(B,0) (A,1) (C,1) (J,2) (D,2) (K,3) (E,3) (L,4) (F,4) (M,5) (G,5) (N,6)
C:(C,0) (B,1) (D,1) (A,2) (E,2) (J,3) (K,4) (F,3) (L,5) (G,4) (M,6) (H,5) (N,7)
D:(D,0) (C,1) (E,1) (B,2) (F,2) (A,3) (J,4) (K,5) (G,3) (L,6) (H,4) (M,7) (I,5) (N,8)
E:(E,0) (D,1) (F,1) (C,2) (G,2) (B,3) (A,4) (J,5) (K,6) (H,3) (L,7) (I,4) (M,8) (R,5) (N,9)
F:(F,0) (G,1) (E,1) (D,2) (H,2) (C,3) (B,4) (A,5) (J,6) (K,7) (I,3) (L,8) (R,4) (M,9) (Q,5) (N,10)
G:(G,0) (F,1) (H,1) (E,2) (I,2) (D,3) (C,4) (B,5) (A,6) (J,7) (K,8) (R,3) (L,9) (Q,4) (M,8) (P,5) (O,6) (N,7)
H:(H,0) (G,1) (I,1) (F,2) (R,2) (E,3) (D,4) (C,5) (B,6) (A,7) (J,8) (K,9) (Q,3) (L,8) (P,4) (O,5) (N,6) (M,7)
I:(I,0) (H,1) (R,1) (G,2) (Q,2) (F,3) (E,4) (D,5) (C,6) (B,7) (A,8) (J,9) (K,8) (P,3) (O,4) (N,5) (M,6) (L,7)
J:(J,0) (A,1) (K,1) (B,2) (L,2) (C,3) (M,3) (D,4) (N,4) (E,5) (O,5) (F,6)
K:(K,0) (L,1) (J,1) (A,2) (M,2) (B,3) (C,4) (N,3) (D,5) (O,4) (E,6) (P,5) (F,7)
L:(L,0) (M,1) (K,1) (J,2) (N,2) (A,3) (B,4) (C,5) (O,3) (D,6) (P,4) (E,7) (Q,5) (F,8)
M:(M,0) (N,1) (L,1) (K,2) (O,2) (J,3) (A,4) (B,5) (C,6) (P,3) (D,7) (Q,4) (E,8) (R,5) (F,9)
N:(N,0) (O,1) (M,1) (L,2) (P,2) (K,3) (J,4) (A,5) (B,6) (C,7) (Q,3) (D,8) (R,4) (E,9) (I,5) (F,10)
O:(O,0) (P,1) (N,1) (M,2) (Q,2) (L,3) (K,4) (J,5) (A,6) (B,7) (C,8) (R,3) (D,9) (I,4) (E,8) (H,5) (G,6) (F,7)
P:(P,0) (Q,1) (O,1) (N,2) (R,2) (M,3) (L,4) (K,5) (J,6) (A,7) (B,8) (C,9) (I,3) (D,8) (H,4) (G,5) (F,6) (E,7)
Q:(Q,0) (R,1) (P,1) (O,2) (I,2) (N,3) (M,4) (L,5) (K,6) (J,7) (A,8) (B,9) (C,8) (H,3) (G,4) (F,5) (E,6) (D,7)
R:(R,0) (Q,1) (I,1) (H,2) (P,2) (G,3) (F,4) (E,5) (D,6) (C,7) (B,8) (A,9) (J,8) (K,7) (O,3) (N,4) (M,5) (L,6)
-----
A:(A,0) (B,1) (J,1) (C,2) (K,2) (D,3) (L,3) (E,4) (M,4) (F,5) (N,5) (G,6) (O,6)
B:(B,0) (A,1) (C,1) (J,2) (D,2) (K,3) (E,3) (L,4) (F,4) (M,5) (G,5) (N,6) (H,6) (O,7)
C:(C,0) (B,1) (D,1) (A,2) (E,2) (J,3) (K,4) (F,3) (L,5) (G,4) (M,6) (H,5) (N,7) (I,6) (O,8)
D:(D,0) (C,1) (E,1) (B,2) (F,2) (A,3) (J,4) (K,5) (G,3) (L,6) (H,4) (M,7) (I,5) (N,8) (R,6) (O,9)
E:(E,0) (D,1) (F,1) (C,2) (G,2) (B,3) (A,4) (J,5) (K,6) (H,3) (L,7) (I,4) (M,8) (R,5) (N,9) (Q,6) (O,10)
F:(F,0) (G,1) (E,1) (D,2) (H,2) (C,3) (B,4) (A,5) (J,6) (K,7) (I,3) (L,8) (R,4) (M,9) (Q,5) (N,8) (P,6) (O,7)
G:(G,0) (F,1) (H,1) (E,2) (I,2) (D,3) (C,4) (B,5) (A,6) (J,7) (K,8) (R,3) (L,9) (Q,4) (M,8) (P,5) (O,6) (N,7)
H:(H,0) (G,1) (I,1) (F,2) (R,2) (E,3) (D,4) (C,5) (B,6) (A,7) (J,8) (K,9) (Q,3) (L,8) (P,4) (O,5) (N,6) (M,7)
I:(I,0) (H,1) (R,1) (G,2) (Q,2) (F,3) (E,4) (D,5) (C,6) (B,7) (A,8) (J,9) (K,8) (P,3) (O,4) (N,5) (M,6) (L,7)
J:(J,0) (A,1) (K,1) (B,2) (L,2) (C,3) (M,3) (D,4) (N,4) (E,5) (O,5) (F,6) (P,6) (G,7)
K:(K,0) (L,1) (J,1) (A,2) (M,2) (B,3) (C,4) (N,3) (D,5) (O,4) (E,6) (P,5) (F,7) (Q,6) (G,8)
L:(L,0) (M,1) (K,1) (J,2) (N,2) (A,3) (B,4) (C,5) (O,3) (D,6) (P,4) (E,7) (Q,5) (F,8) (R,6) (G,9)
M:(M,0) (N,1) (L,1) (K,2) (O,2) (J,3) (A,4) (B,5) (C,6) (P,3) (D,7) (Q,4) (E,8) (R,5) (F,9) (I,6) (G,10)
N:(N,0) (O,1) (M,1) (L,2) (P,2) (K,3) (J,4) (A,5) (B,6) (C,7) (Q,3) (D,8) (R,4) (E,9) (I,5) (F,8) (H,6) (G,7)
O:(O,0) (P,1) (N,1) (M,2) (Q,2) (L,3) (K,4) (J,5) (A,6) (B,7) (C,8) (R,3) (D,9) (I,4) (E,8) (H,5) (G,6) (F,7)
P:(P,0) (Q,1) (O,1) (N,2) (R,2) (M,3) (L,4) (K,5) (J,6) (A,7) (B,8) (C,9) (I,3) (D,8) (H,4) (G,5) (F,6) (E,7)
Q:(Q,0) (R,1) (P,1) (O,2) (I,2) (N,3) (M,4) (L,5) (K,6) (J,7) (A,8) (B,9) (C,8) (H,3) (G,4) (F,5) (E,6) (D,7)
R:(R,0) (Q,1) (I,1) (H,2) (P,2) (G,3) (F,4) (E,5) (D,6) (C,7) (B,8) (A,9) (J,8) (K,7) (O,3) (N,4) (M,5) (L,6)
-----
A:(A,0) (B,1) (J,1) (C,2) (K,2) (D,3) (L,3) (E,4) (M,4) (F,5) (N,5) (G,6) (O,6) (H,7) (P,7)
B:(B,0) (A,1) (C,1) (J,2) (D,2) (K,3) (E,3) (L,4) (F,4) (M,5) (G,5) (N,6) (H,6) (O,7) (I,7) (P,8)
C:(C,0) (B,1) (D,1) (A,2) (E,2) (J,3) (K,4) (F,3) (L,5) (G,4) (M,6) (H,5) (N,7) (I,6) (O,8) (R,7) (P,9)
D:(D,0) (C,1) (E,1) (B,2) (F,2) (A,3) (J,4) (K,5) (G,3) (L,6) (H,4) (M,7) (I,5) (N,8) (R,6) (O,9) (Q,7) (P,10)
E:(E,0) (D,1) (F,1) (C,2) (G,2) (B,3) (A,4) (J,5) (K,6) (H,3) (L,7) (I,4) (M,8) (R,5) (N,9) (Q,6) (O,8) (P,7)
F:(F,0) (G,1) (E,1) (D,2) (H,2) (C,3) (B,4) (A,5) (J,6) (K,7) (I,3) (L,8) (R,4) (M,9) (Q,5) (N,8) (P,6) (O,7)
G:(G,0) (F,1) (H,1) (E,2) (I,2) (D,3) (C,4) (B,5) (A,6) (J,7) (K,8) (R,3) (L,9) (Q,4) (M,8) (P,5) (O,6) (N,7)
H:(H,0) (G,1) (I,1) (F,2) (R,2) (E,3) (D,4) (C,5) (B,6) (A,7) (J,8) (K,9) (Q,3) (L,8) (P,4) (O,5) (N,6) (M,7)
I:(I,0) (H,1) (R,1) (G,2) (Q,2) (F,3) (E,4) (D,5) (C,6) (B,7) (A,8) (J,9) (K,8) (P,3) (O,4) (N,5) (M,6) (L,7)
J:(J,0) (A,1) (K,1) (B,2) (L,2) (C,3) (M,3) (D,4) (N,4) (E,5) (O,5) (F,6) (P,6) (G,7) (Q,7) (H,8)
K:(K,0) (L,1) (J,1) (A,2) (M,2) (B,3) (C,4) (N,3) (D,5) (O,4) (E,6) (P,5) (F,7) (Q,6) (G,8) (R,7) (H,9)
L:(L,0) (M,1) (K,1) (J,2) (N,2) (A,3) (B,4) (C,5) (O,3) (D,6) (P,4) (E,7) (Q,5) (F,8) (R,6) (G,9) (I,7) (H,10)
M:(M,0) (N,1) (L,1) (K,2) (O,2) (J,3) (A,4) (B,5) (C,6) (P,3) (D,7) (Q,4) (E,8) (R,5) (F,9) (I,6) (G,8) (H,7)
N:(N,0) (O,1) (M,1) (L,2) (P,2) (K,3) (J,4) (A,5) (B,6) (C,7) (Q,3) (D,8) (R,4) (E,9) (I,5) (F,8) (H,6) (G,7)
O:(O,0) (P,1) (N,1) (M,2) (Q,2) (L,3) (K,4) (J,5) (A,6) (B,7) (C,8) (R,3) (D,9) (I,4) (E,8) (H,5) (G,6) (F,7)
P:(P,0) (Q,1) (O,1) (N,2) (R,2) (M,3) (L,4) (K,5) (J,6) (A,7) (B,8) (C,9) (I,3) (D,8) (H,4) (G,5) (F,6) (E,7)
Q:(Q,0) (R,1) (P,1) (O,2) (I,2) (N,3) (M,4) (L,5) (K,6) (J,7) (A,8) (B,9) (C,8) (H,3) (G,4) (F,5) (E,6) (D,7)
R:(R,0) (Q,1) (I,1) (H,2) (P,2) (G,3) (F,4) (E,5) (D,6) (C,7) (B,8) (A,9) (J,8) (K,7) (O,3) (N,4) (M,5) (L,6)
-----
A:(A,0) (B,1) (J,1) (C,2) (K,2) (D,3) (L,3) (E,4) (M,4) (F,5) (N,5) (G,6) (O,6) (H,7) (P,7) (I,8) (Q,8)
B:(B,0) (A,1) (C,1) (J,2) (D,2) (K,3) (E,3) (L,4) (F,4) (M,5) (G,5) (N,6) (H,6) (O,7) (I,7) (P,8) (R,8) (Q,9)
C:(C,0) (B,1) (D,1) (A,2) (E,2) (J,3) (K,4) (F,3) (L,5) (G,4) (M,6) (H,5) (N,7) (I,6) (O,8) (R,7) (P,9) (Q,8)
D:(D,0) (C,1) (E,1) (B,2) (F,2) (A,3) (J,4) (K,5) (G,3) (L,6) (H,4) (M,7) (I,5) (N,8) (R,6) (O,9) (Q,7) (P,8)
E:(E,0) (D,1) (F,1) (C,2) (G,2) (B,3) (A,4) (J,5) (K,6) (H,3) (L,7) (I,4) (M,8) (R,5) (N,9) (Q,6) (O,8) (P,7)
F:(F,0) (G,1) (E,1) (D,2) (H,2) (C,3) (B,4) (A,5) (J,6) (K,7) (I,3) (L,8) (R,4) (M,9) (Q,5) (N,8) (P,6) (O,7)
G:(G,0) (F,1) (H,1) (E,2) (I,2) (D,3) (C,4) (B,5) (A,6) (J,7) (K,8) (R,3) (L,9) (Q,4) (M,8) (P,5) (O,6) (N,7)
H:(H,0) (G,1) (I,1) (F,2) (R,2) (E,3) (D,4) (C,5) (B,6) (A,7) (J,8) (K,9) (Q,3) (L,8) (P,4) (O,5) (N,6) (M,7)
I:(I,0) (H,1) (R,1) (G,2) (Q,2) (F,3) (E,4) (D,5) (C,6) (B,7) (A,8) (J,9) (K,8) (P,3) (O,4) (N,5) (M,6) (L,7)
J:(J,0) (A,1) (K,1) (B,2) (L,2) (C,3) (M,3) (D,4) (N,4) (E,5) (O,5) (F,6) (P,6) (G,7) (Q,7) (H,8) (R,8) (I,9)
K:(K,0) (L,1) (J,1) (A,2) (M,2) (B,3) (C,4) (N,3) (D,5) (O,4) (E,6) (P,5) (F,7) (Q,6) (G,8) (R,7) (H,9) (I,8)
L:(L,0) (M,1) (K,1) (J,2) (N,2) (A,3) (B,4) (C,5) (O,3) (D,6) (P,4) (E,7) (Q,5) (F,8) (R,6) (G,9) (I,7) (H,8)
M:(M,0) (N,1) (L,1) (K,2) (O,2) (J,3) (A,4) (B,5) (C,6) (P,3) (D,7) (Q,4) (E,8) (R,5) (F,9) (I,6) (G,8) (H,7)
N:(N,0) (O,1) (M,1) (L,2) (P,2) (K,3) (J,4) (A,5) (B,6) (C,7) (Q,3) (D,8) (R,4) (E,9) (I,5) (F,8) (H,6) (G,7)
O:(O,0) (P,1) (N,1) (M,2) (Q,2) (L,3) (K,4) (J,5) (A,6) (B,7) (C,8) (R,3) (D,9) (I,4) (E,8) (H,5) (G,6) (F,7)
P:(P,0) (Q,1) (O,1) (N,2) (R,2) (M,3) (L,4) (K,5) (J,6) (A,7) (B,8) (C,9) (I,3) (D,8) (H,4) (G,5) (F,6) (E,7)
Q:(Q,0) (R,1) (P,1) (O,2) (I,2) (N,3) (M,4) (L,5) (K,6) (J,7) (A,8) (B,9) (C,8) (H,3) (G,4) (F,5) (E,6) (D,7)
R:(R,0) (Q,1) (I,1) (H,2) (P,2) (G,3) (F,4) (E,5) (D,6) (C,7) (B,8) (A,9) (J,8) (K,7) (O,3) (N,4) (M,5) (L,6)
-----
A:(A,0) (B,1) (J,1) (C,2) (K,2) (D,3) (L,3) (E,4) (M,4) (F,5) (N,5) (G,6) (O,6) (H,7) (P,7) (I,8) (Q,8) (R,9)
B:(B,0) (A,1) (C,1) (J,2) (D,2) (K,3) (E,3) (L,4) (F,4) (M,5) (G,5) (N,6) (H,6) (O,7) (I,7) (P,8) (R,8) (Q,9)
C:(C,0) (B,1) (D,1) (A,2) (E,2) (J,3) (K,4) (F,3) (L,5) (G,4) (M,6) (H,5) (N,7) (I,6) (O,8) (R,7) (P,9) (Q,8)
D:(D,0) (C,1) (E,1) (B,2) (F,2) (A,3) (J,4) (K,5) (G,3) (L,6) (H,4) (M,7) (I,5) (N,8) (R,6) (O,9) (Q,7) (P,8)
E:(E,0) (D,1) (F,1) (C,2) (G,2) (B,3) (A,4) (J,5) (K,6) (H,3) (L,7) (I,4) (M,8) (R,5) (N,9) (Q,6) (O,8) (P,7)
F:(F,0) (G,1) (E,1) (D,2) (H,2) (C,3) (B,4) (A,5) (J,6) (K,7) (I,3) (L,8) (R,4) (M,9) (Q,5) (N,8) (P,6) (O,7)
G:(G,0) (F,1) (H,1) (E,2) (I,2) (D,3) (C,4) (B,5) (A,6) (J,7) (K,8) (R,3) (L,9) (Q,4) (M,8) (P,5) (O,6) (N,7)
H:(H,0) (G,1) (I,1) (F,2) (R,2) (E,3) (D,4) (C,5) (B,6) (A,7) (J,8) (K,9) (Q,3) (L,8) (P,4) (O,5) (N,6) (M,7)
I:(I,0) (H,1) (R,1) (G,2) (Q,2) (F,3) (E,4) (D,5) (C,6) (B,7) (A,8) (J,9) (K,8) (P,3) (O,4) (N,5) (M,6) (L,7)
J:(J,0) (A,1) (K,1) (B,2) (L,2) (C,3) (M,3) (D,4) (N,4) (E,5) (O,5) (F,6) (P,6) (G,7) (Q,7) (H,8) (R,8) (I,9)
K:(K,0) (L,1) (J,1) (A,2) (M,2) (B,3) (C,4) (N,3) (D,5) (O,4) (E,6) (P,5) (F,7) (Q,6) (G,8) (R,7) (H,9) (I,8)
L:(L,0) (M,1) (K,1) (J,2) (N,2) (A,3) (B,4) (C,5) (O,3) (D,6) (P,4) (E,7) (Q,5) (F,8) (R,6) (G,9) (I,7) (H,8)
M:(M,0) (N,1) (L,1) (K,2) (O,2) (J,3) (A,4) (B,5) (C,6) (P,3) (D,7) (Q,4) (E,8) (R,5) (F,9) (I,6) (G,8) (H,7)
N:(N,0) (O,1) (M,1) (L,2) (P,2) (K,3) (J,4) (A,5) (B,6) (C,7) (Q,3) (D,8) (R,4) (E,9) (I,5) (F,8) (H,6) (G,7)
O:(O,0) (P,1) (N,1) (M,2) (Q,2) (L,3) (K,4) (J,5) (A,6) (B,7) (C,8) (R,3) (D,9) (I,4) (E,8) (H,5) (G,6) (F,7)
P:(P,0) (Q,1) (O,1) (N,2) (R,2) (M,3) (L,4) (K,5) (J,6) (A,7) (B,8) (C,9) (I,3) (D,8) (H,4) (G,5) (F,6) (E,7)
Q:(Q,0) (R,1) (P,1) (O,2) (I,2) (N,3) (M,4) (L,5) (K,6) (J,7) (A,8) (B,9) (C,8) (H,3) (G,4) (F,5) (E,6) (D,7)
R:(R,0) (Q,1) (I,1) (H,2) (P,2) (G,3) (F,4) (E,5) (D,6) (C,7) (B,8) (A,9) (J,8) (K,7) (O,3) (N,4) (M,5) (L,6)
-----
