A:(A,0) (CC,1) (AB,1) (AA,0) (AD,-2) (AE,-1)
AA:(AA,0) (AD,-2) (AE,-1)
AB:(AB,0) (AA,-1) (CC,0) (AD,-3) (AE,-2)
AD:(AD,0) (AE,1) (AB,2) (F,-49)
AE:(AE,0) (AB,1) (F,-50) (AA,0) (CC,1) (E,-49) (AD,-2)
B:(B,0) (A,1) (CC,2) (AB,2) (AA,1) (AD,-1) (AE,0)
C:(C,0) (B,1) (A,2) (CC,3) (AB,3) (AA,2) (AD,0) (AE,1)
CC:(CC,0) (AB,0) (AA,-1) (AD,-3) (AE,-2)
D:(D,0) (C,1) (B,2) (A,3) (CC,4) (AB,4) (AA,3) (AD,1) (AE,2)
E:(E,0) (D,1) (C,2) (B,3) (A,4) (CC,5) (AB,5) (AA,4) (AD,2) (AE,3)
F:(F,0) (E,-99) (AE,-99) (AB,-99) (D,-99) (AA,-99) (CC,-99) (AD,-99) (C,-99) (B,-99) (A,-99)
G:(G,0) (F,1) (E,-99) (AE,-99) (AB,-99) (D,-99) (AA,-99) (CC,-99) (AD,-99) (C,-99) (B,-99) (A,-99)
H:(H,0) (G,1) (F,2) (E,-99) (AE,-99) (AB,-99) (D,-99) (AA,-99) (CC,-99) (AD,-99) (C,-99) (B,-99) (A,-99)
I:(I,0) (H,1) (G,2) (F,3) (E,-99) (AE,-99) (AB,-99) (D,-99) (AA,-99) (CC,-99) (AD,-99) (C,-99) (B,-99) (A,-99)
J:(J,0) (I,1) (H,2) (G,3) (F,4) (E,-99) (AE,-99) (AB,-99) (D,-99) (AA,-99) (CC,-99) (AD,-99) (C,-99) (B,-99) (A,-99)
K:(K,0) (J,1) (I,2) (H,3) (G,4) (F,5) (E,-99) (AE,-99) (AB,-99) (D,-99) (AA,-99) (CC,-99) (AD,-99) (C,-99) (B,-99) (A,-99)
L:(L,0) (K,1) (J,2) (I,3) (H,4) (G,5) (F,6) (E,-99) (AE,-99) (AB,-99) (D,-99) (AA,-99) (CC,-99) (AD,-99) (C,-99) (B,-99) (A,-99)
M:(M,0) (L,1) (K,2) (J,3) (I,4) (H,5) (G,6) (F,7) (E,-99) (AE,-99) (AB,-99) (D,-99) (AA,-99) (CC,-99) (AD,-99) (C,-99) (B,-99) (A,-99)
-----
A:(A,0) (CC,1) (AB,1) (AA,0) (AD,-2) (AE,-1) (F,-99)
AA:(AA,0) (AD,-2) (AE,-1) (AB,0) (F,-99)
AB:(AB,0) (AA,-1) (CC,0) (AD,-3) (AE,-2) (F,-99)
AD:(AD,0) (AE,1) (AB,2) (F,-49) (AA,1) (CC,2) (E,-48)
AE:(AE,0) (AB,-99) (F,-99) (AA,-99) (CC,-99) (E,-99) (AD,-99) (D,-99) (C,-99) (B,-99) (A,-99)
B:(B,0) (A,1) (CC,2) (AB,2) (AA,1) (AD,-1) (AE,0) (F,-99)
C:(C,0) (B,1) (A,2) (CC,3) (AB,3) (AA,2) (AD,0) (AE,1) (F,-99)
CC:(CC,0) (AB,0) (AA,-1) (AD,-3) (AE,-2) (F,-99)
D:(D,0) (C,1) (B,2) (A,3) (CC,4) (AB,4) (AA,3) (AD,1) (AE,2) (F,-99)
E:(E,0) (D,1) (C,2) (B,3) (A,4) (CC,5) (AB,5) (AA,4) (AD,2) (AE,3) (F,-99)
F:(F,0) (E,-99) (AE,-99) (AB,-99) (D,-99) (AA,-99) (CC,-99) (AD,-99) (C,-99) (B,-99) (A,-99)
G:(G,0) (F,1) (E,-99) (AE,-99) (AB,-99) (D,-99) (AA,-99) (CC,-99) (AD,-99) (C,-99) (B,-99) (A,-99)
H:(H,0) (G,1) (F,2) (E,-99) (AE,-99) (AB,-99) (D,-99) (AA,-99) (CC,-99) (AD,-99) (C,-99) (B,-99) (A,-99)
I:(I,0) (H,1) (G,2) (F,3) (E,-99) (AE,-99) (AB,-99) (D,-99) (AA,-99) (CC,-99) (AD,-99) (C,-99) (B,-99) (A,-99)
J:(J,0) (I,1) (H,2) (G,3) (F,4) (E,-99) (AE,-99) (AB,-99) (D,-99) (AA,-99) (CC,-99) (AD,-99) (C,-99) (B,-99) (A,-99)
K:(K,0) (J,1) (I,2) (H,3) (G,4) (F,5) (E,-99) (AE,-99) (AB,-99) (D,-99) (AA,-99) (CC,-99) (AD,-99) (C,-99) (B,-99) (A,-99)
L:(L,0) (K,1) (J,2) (I,3) (H,4) (G,5) (F,6) (E,-99) (AE,-99) (AB,-99) (D,-99) (AA,-99) (CC,-99) (AD,-99) (C,-99) (B,-99) (A,-99)
M:(M,0) (L,1) (K,2) (J,3) (I,4) (H,5) (G,6) (F,7) (E,-99) (AE,-99) (AB,-99) (D,-99) (AA,-99) (CC,-99) (AD,-99) (C,-99) (B,-99) (A,-99)
-----
A:(A,0) (CC,1) (AB,1) (AA,0) (AD,-2) (AE,-1) (F,-99) (E,-99)
AA:(AA,0) (AD,-2) (AE,-1) (AB,0) (F,-99) (CC,0) (E,-50)
AB:(AB,0) (AA,-1) (CC,-1) (AD,-3) (AE,-2) (F,-99) (E,-99)
AD:(AD,0) (AE,1) (AB,-99) (F,-99) (AA,-99) (CC,-99) (E,-99) (D,-99) (C,-99) (B,-99) (A,-99)
AE:(AE,0) (AB,-99) (F,-99) (AA,-99) (CC,-99) (E,-99) (AD,-99) (D,-99) (C,-99) (B,-99) (A,-99)
B:(B,0) (A,1) (CC,2) (AB,2) (AA,1) (AD,-1) (AE,0) (F,-99) (E,-99)
C:(C,0) (B,1) (A,2) (CC,3) (AB,3) (AA,2) (AD,0) (AE,1) (F,-99) (E,-99)
CC:(CC,0) (AB,0) (AA,-1) (AD,-3) (AE,-2) (F,-99) (E,-99)
D:(D,0) (C,1) (B,2) (A,3) (CC,4) (AB,4) (AA,3) (AD,1) (AE,2) (F,-99) (E,-99)
E:(E,0) (D,1) (C,2) (B,3) (A,4) (CC,5) (AB,5) (AA,4) (AD,2) (AE,3) (F,-99)
F:(F,0) (E,-99) (AE,-99) (AB,-99) (D,-99) (AA,-99) (CC,-99) (AD,-99) (C,-99) (B,-99) (A,-99)
G:(G,0) (F,1) (E,-99) (AE,-99) (AB,-99) (D,-99) (AA,-99) (CC,-99) (AD,-99) (C,-99) (B,-99) (A,-99)
H:(H,0) (G,1) (F,2) (E,-99) (AE,-99) (AB,-99) (D,-99) (AA,-99) (CC,-99) (AD,-99) (C,-99) (B,-99) (A,-99)
I:(I,0) (H,1) (G,2) (F,3) (E,-99) (AE,-99) (AB,-99) (D,-99) (AA,-99) (CC,-99) (AD,-99) (C,-99) (B,-99) (A,-99)
J:(J,0) (I,1) (H,2) (G,3) (F,4) (E,-99) (AE,-99) (AB,-99) (D,-99) (AA,-99) (CC,-99) (AD,-99) (C,-99) (B,-99) (A,-99)
K:(K,0) (J,1) (I,2) (H,3) (G,4) (F,5) (E,-99) (AE,-99) (AB,-99) (D,-99) (AA,-99) (CC,-99) (AD,-99) (C,-99) (B,-99) (A,-99)
L:(L,0) (K,1) (J,2) (I,3) (H,4) (G,5) (F,6) (E,-99) (AE,-99) (AB,-99) (D,-99) (AA,-99) (CC,-99) (AD,-99) (C,-99) (B,-99) (A,-99)
M:(M,0) (L,1) (K,2) (J,3) (I,4) (H,5) (G,6) (F,7) (E,-99) (AE,-99) (AB,-99) (D,-99) (AA,-99) (CC,-99) (AD,-99) (C,-99) (B,-99) (A,-99)
-----
A:(A,0) (CC,1) (AB,1) (AA,-1) (AD,-3) (AE,-2) (F,-99) (E,-99) (D,-99) (C,-99) (B,-99)
AA:(AA,0) (AD,-2) (AE,-1) (AB,-99) (F,-99) (CC,-99) (E,-99) (D,-99) (C,-99) (B,-99) (A,-99)
AB:(AB,0) (AA,-2) (CC,-99) (AD,-4) (AE,-3) (F,-99) (E,-99) (D,-99) (C,-99) (B,-99) (A,-99)
AD:(AD,0) (AE,1) (AB,-99) (F,-99) (AA,-99) (CC,-99) (E,-99) (D,-99) (C,-99) (B,-99) (A,-99)
AE:(AE,0) (AB,-99) (F,-99) (AA,-99) (CC,-99) (E,-99) (AD,-99) (D,-99) (C,-99) (B,-99) (A,-99)
B:(B,0) (A,1) (CC,2) (AB,2) (AA,0) (AD,-2) (AE,-1) (F,-99) (E,-99) (D,-99) (C,-99)
C:(C,0) (B,1) (A,2) (CC,3) (AB,3) (AA,1) (AD,-1) (AE,0) (F,-99) (E,-99) (D,-99)
CC:(CC,0) (AB,0) (AA,-2) (AD,-4) (AE,-3) (F,-99) (E,-99) (D,-99) (C,-99) (B,-99) (A,-99)
D:(D,0) (C,1) (B,2) (A,3) (CC,4) (AB,4) (AA,2) (AD,0) (AE,1) (F,-99) (E,-99)
E:(E,0) (D,1) (C,2) (B,3) (A,4) (CC,5) (AB,5) (AA,3) (AD,1) (AE,2) (F,-99)
F:(F,0) (E,-99) (AE,-99) (AB,-99) (D,-99) (AA,-99) (CC,-99) (AD,-99) (C,-99) (B,-99) (A,-99)
G:(G,0) (F,1) (E,-99) (AE,-99) (AB,-99) (D,-99) (AA,-99) (CC,-99) (AD,-99) (C,-99) (B,-99) (A,-99)
H:(H,0) (G,1) (F,2) (E,-99) (AE,-99) (AB,-99) (D,-99) (AA,-99) (CC,-99) (AD,-99) (C,-99) (B,-99) (A,-99)
I:(I,0) (H,1) (G,2) (F,3) (E,-99) (AE,-99) (AB,-99) (D,-99) (AA,-99) (CC,-99) (AD,-99) (C,-99) (B,-99) (A,-99)
J:(J,0) (I,1) (H,2) (G,3) (F,4) (E,-99) (AE,-99) (AB,-99) (D,-99) (AA,-99) (CC,-99) (AD,-99) (C,-99) (B,-99) (A,-99)
K:(K,0) (J,1) (I,2) (H,3) (G,4) (F,5) (E,-99) (AE,-99) (AB,-99) (D,-99) (AA,-99) (CC,-99) (AD,-99) (C,-99) (B,-99) (A,-99)
L:(L,0) (K,1) (J,2) (I,3) (H,4) (G,5) (F,6) (E,-99) (AE,-99) (AB,-99) (D,-99) (AA,-99) (CC,-99) (AD,-99) (C,-99) (B,-99) (A,-99)
M:(M,0) (L,1) (K,2) (J,3) (I,4) (H,5) (G,6) (F,7) (E,-99) (AE,-99) (AB,-99) (D,-99) (AA,-99) (CC,-99) (AD,-99) (C,-99) (B,-99) (A,-99)
-----
A:(A,0) (CC,1) (AB,1) (AA,-99) (AD,-99) (AE,-99) (F,-99) (E,-99) (D,-99) (C,-99) (B,-99)
AA:(AA,0) (AD,-2) (AE,-1) (AB,-99) (F,-99) (CC,-99) (E,-99) (D,-99) (C,-99) (B,-99) (A,-99)
AB:(AB,0) (AA,-99) (CC,-99) (AD,-99) (AE,-99) (F,-99) (E,-99) (D,-99) (C,-99) (B,-99) (A,-99)
AD:(AD,0) (AE,1) (AB,-99) (F,-99) (AA,-99) (CC,-99) (E,-99) (D,-99) (C,-99) (B,-99) (A,-99)
AE:(AE,0) (AB,-99) (F,-99) (AA,-99) (CC,-99) (E,-99) (AD,-99) (D,-99) (C,-99) (B,-99) (A,-99)
B:(B,0) (A,1) (CC,2) (AB,2) (AA,-99) (AD,-99) (AE,-99) (F,-99) (E,-99) (D,-99) (C,-99)
C:(C,0) (B,1) (A,2) (CC,3) (AB,3) (AA,-99) (AD,-99) (AE,-99) (F,-99) (E,-99) (D,-99)
CC:(CC,0) (AB,0) (AA,-99) (AD,-99) (AE,-99) (F,-99) (E,-99) (D,-99) (C,-99) (B,-99) (A,-99)
D:(D,0) (C,1) (B,2) (A,3) (CC,4) (AB,4) (AA,-99) (AD,-99) (AE,-99) (F,-99) (E,-99)
E:(E,0) (D,1) (C,2) (B,3) (A,4) (CC,5) (AB,5) (AA,-99) (AD,-99) (AE,-99) (F,-99)
F:(F,0) (E,-99) (AE,-99) (AB,-99) (D,-99) (AA,-99) (CC,-99) (AD,-99) (C,-99) (B,-99) (A,-99)
G:(G,0) (F,1) (E,-99) (AE,-99) (AB,-99) (D,-99) (AA,-99) (CC,-99) (AD,-99) (C,-99) (B,-99) (A,-99)
H:(H,0) (G,1) (F,2) (E,-99) (AE,-99) (AB,-99) (D,-99) (AA,-99) (CC,-99) (AD,-99) (C,-99) (B,-99) (A,-99)
I:(I,0) (H,1) (G,2) (F,3) (E,-99) (AE,-99) (AB,-99) (D,-99) (AA,-99) (CC,-99) (AD,-99) (C,-99) (B,-99) (A,-99)
J:(J,0) (I,1) (H,2) (G,3) (F,4) (E,-99) (AE,-99) (AB,-99) (D,-99) (AA,-99) (CC,-99) (AD,-99) (C,-99) (B,-99) (A,-99)
K:(K,0) (J,1) (I,2) (H,3) (G,4) (F,5) (E,-99) (AE,-99) (AB,-99) (D,-99) (AA,-99) (CC,-99) (AD,-99) (C,-99) (B,-99) (A,-99)
L:(L,0) (K,1) (J,2) (I,3) (H,4) (G,5) (F,6) (E,-99) (AE,-99) (AB,-99) (D,-99) (AA,-99) (CC,-99) (AD,-99) (C,-99) (B,-99) (A,-99)
M:(M,0) (L,1) (K,2) (J,3) (I,4) (H,5) (G,6) (F,7) (E,-99) (AE,-99) (AB,-99) (D,-99) (AA,-99) (CC,-99) (AD,-99) (C,-99) (B,-99) (A,-99)
-----
A:(A,0) (CC,1) (AB,1) (AA,-99) (AD,-99) (AE,-99) (F,-99) (E,-99) (D,-99) (C,-99) (B,-99)
AA:(AA,0) (AD,-2) (AE,-1) (AB,-99) (F,-99) (CC,-99) (E,-99) (D,-99) (C,-99) (B,-99) (A,-99)
AB:(AB,0) (AA,-99) (CC,-99) (AD,-99) (AE,-99) (F,-99) (E,-99) (D,-99) (C,-99) (B,-99) (A,-99)
AD:(AD,0) (AE,1) (AB,-99) (F,-99) (AA,-99) (CC,-99) (E,-99) (D,-99) (C,-99) (B,-99) (A,-99)
AE:(AE,0) (AB,-99) (F,-99) (AA,-99) (CC,-99) (E,-99) (AD,-99) (D,-99) (C,-99) (B,-99) (A,-99)
B:(B,0) (A,1) (CC,2) (AB,2) (AA,-99) (AD,-99) (AE,-99) (F,-99) (E,-99) (D,-99) (C,-99)
C:(C,0) (B,1) (A,2) (CC,3) (AB,3) (AA,-99) (AD,-99) (AE,-99) (F,-99) (E,-99) (D,-99)
CC:(CC,0) (AB,0) (AA,-99) (AD,-99) (AE,-99) (F,-99) (E,-99) (D,-99) (C,-99) (B,-99) (A,-99)
D:(D,0) (C,1) (B,2) (A,3) (CC,4) (AB,4) (AA,-99) (AD,-99) (AE,-99) (F,-99) (E,-99)
E:(E,0) (D,1) (C,2) (B,3) (A,4) (CC,5) (AB,5) (AA,-99) (AD,-99) (AE,-99) (F,-99)
F:(F,0) (E,-99) (AE,-99) (AB,-99) (D,-99) (AA,-99) (CC,-99) (AD,-99) (C,-99) (B,-99) (A,-99)
G:(G,0) (F,1) (E,-99) (AE,-99) (AB,-99) (D,-99) (AA,-99) (CC,-99) (AD,-99) (C,-99) (B,-99) (A,-99)
H:(H,0) (G,1) (F,2) (E,-99) (AE,-99) (AB,-99) (D,-99) (AA,-99) (CC,-99) (AD,-99) (C,-99) (B,-99) (A,-99)
I:(I,0) (H,1) (G,2) (F,3) (E,-99) (AE,-99) (AB,-99) (D,-99) (AA,-99) (CC,-99) (AD,-99) (C,-99) (B,-99) (A,-99)
J:(J,0) (I,1) (H,2) (G,3) (F,4) (E,-99) (AE,-99) (AB,-99) (D,-99) (AA,-99) (CC,-99) (AD,-99) (C,-99) (B,-99) (A,-99)
K:(K,0) (J,1) (I,2) (H,3) (G,4) (F,5) (E,-99) (AE,-99) (AB,-99) (D,-99) (AA,-99) (CC,-99) (AD,-99) (C,-99) (B,-99) (A,-99)
L:(L,0) (K,1) (J,2) (I,3) (H,4) (G,5) (F,6) (E,-99) (AE,-99) (AB,-99) (D,-99) (AA,-99) (CC,-99) (AD,-99) (C,-99) (B,-99) (A,-99)
M:(M,0) (L,1) (K,2) (J,3) (I,4) (H,5) (G,6) (F,7) (E,-99) (AE,-99) (AB,-99) (D,-99) (AA,-99) (CC,-99) (AD,-99) (C,-99) (B,-99) (A,-99)
-----
