A:(A,0) (B,3) (C,-3) (D,7)
B:(B,0) (C,-6) (D,4) (A,-4) (E,-1)
C:(C,0) (A,2) (E,5) (B,5) (D,9)
D:(D,0)
E:(E,0)
F:(F,0) (G,2) (H,4)
G:(G,0) (H,2) (I,4)
H:(H,0) (I,2) (J,4)
I:(I,0) (J,2) (K,4)
J:(J,0) (K,2)
K:(K,0)
S:(S,0) (A,5) (E,20) (F,10) (G,12) (H,14) (I,16) (J,18) (K,20) (B,8)
-----
A:(A,0) (B,3) (C,-3) (D,7) (E,2)
B:(B,0) (C,-6) (D,3) (A,-4) (E,-1)
C:(C,0) (A,2) (E,4) (B,5) (D,9)
D:(D,0)
E:(E,0)
F:(F,0) (G,2) (H,4) (I,6)
G:(G,0) (H,2) (I,4) (J,6)
H:(H,0) (I,2) (J,4) (K,6)
I:(I,0) (J,2) (K,4)
J:(J,0) (K,2)
K:(K,0)
S:(S,0) (A,5) (E,20) (F,10) (G,12) (H,14) (I,16) (J,18) (K,20) (B,8) (C,2) (D,12)
-----
A:(A,0) (B,3) (C,-3) (D,6) (E,2)
B:(B,0) (C,-6) (D,3) (A,-4) (E,-2)
C:(C,0) (A,2) (E,4) (B,5) (D,8)
D:(D,0)
E:(E,0)
F:(F,0) (G,2) (H,4) (I,6) (J,8)
G:(G,0) (H,2) (I,4) (J,6) (K,8)
H:(H,0) (I,2) (J,4) (K,6)
I:(I,0) (J,2) (K,4)
J:(J,0) (K,2)
K:(K,0)
S:(S,0) (A,5) (E,7) (F,10) (G,12) (H,14) (I,16) (J,18) (K,20) (B,8) (C,2) (D,12)
-----
A:(A,0) (B,3) (C,-3) (D,6) (E,1)
B:(B,0) (C,-6) (D,2) (A,-4) (E,-2)
C:(C,0) (A,2) (E,3) (B,5) (D,8)
D:(D,0)
E:(E,0)
F:(F,0) (G,2) (H,4) (I,6) (J,8) (K,10)
G:(G,0) (H,2) (I,4) (J,6) (K,8)
H:(H,0) (I,2) (J,4) (K,6)
I:(I,0) (J,2) (K,4)
J:(J,0) (K,2)
K:(K,0)
S:(S,0) (A,5) (E,7) (F,10) (G,12) (H,14) (I,16) (J,18) (K,20) (B,8) (C,2) (D,11)
-----
A:(A,0) (B,3) (C,-3) (D,5) (E,1)
B:(B,0) (C,-6) (D,2) (A,-4) (E,-3)
C:(C,0) (A,2) (E,3) (B,5) (D,7)
D:(D,0)
E:(E,0)
F:(F,0) (G,2) (H,4) (I,6) (J,8) (K,10)
G:(G,0) (H,2) (I,4) (J,6) (K,8)
H:(H,0) (I,2) (J,4) (K,6)
I:(I,0) (J,2) (K,4)
J:(J,0) (K,2)
K:(K,0)
S:(S,0) (A,5) (E,6) (F,10) (G,12) (H,14) (I,16) (J,18) (K,20) (B,8) (C,2) (D,11)
-----
A:(A,0) (B,3) (C,-3) (D,5) (E,0)
B:(B,0) (C,-6) (D,1) (A,-4) (E,-3)
C:(C,0) (A,2) (E,2) (B,5) (D,7)
D:(D,0)
E:(E,0)
F:(F,0) (G,2) (H,4) (I,6) (J,8) (K,10)
G:(G,0) (H,2) (I,4) (J,6) (K,8)
H:(H,0) (I,2) (J,4) (K,6)
I:(I,0) (J,2) (K,4)
J:(J,0) (K,2)
K:(K,0)
S:(S,0) (A,5) (E,6) (F,10) (G,12) (H,14) (I,16) (J,18) (K,20) (B,8) (C,2) (D,10)
-----
A:(A,0) (B,3) (C,-3) (D,4) (E,0)
B:(B,0) (C,-6) (D,1) (A,-4) (E,-4)
C:(C,0) (A,2) (E,2) (B,5) (D,6)
D:(D,0)
E:(E,0)
F:(F,0) (G,2) (H,4) (I,6) (J,8) (K,10)
G:(G,0) (H,2) (I,4) (J,6) (K,8)
H:(H,0) (I,2) (J,4) (K,6)
I:(I,0) (J,2) (K,4)
J:(J,0) (K,2)
K:(K,0)
S:(S,0) (A,5) (E,5) (F,10) (G,12) (H,14) (I,16) (J,18) (K,20) (B,8) (C,2) (D,10)
-----
A:(A,0) (B,3) (C,-3) (D,4) (E,-1)
B:(B,0) (C,-6) (D,0) (A,-4) (E,-4)
C:(C,0) (A,2) (E,1) (B,5) (D,6)
D:(D,0)
E:(E,0)
F:(F,0) (G,2) (H,4) (I,6) (J,8) (K,10)
G:(G,0) (H,2) (I,4) (J,6) (K,8)
H:(H,0) (I,2) (J,4) (K,6)
I:(I,0) (J,2) (K,4)
J:(J,0) (K,2)
K:(K,0)
S:(S,0) (A,5) (E,5) (F,10) (G,12) (H,14) (I,16) (J,18) (K,20) (B,8) (C,2) (D,9)
-----
A:(A,0) (B,3) (C,-3) (D,3) (E,-1)
B:(B,0) (C,-6) (D,0) (A,-4) (E,-5)
C:(C,0) (A,2) (E,1) (B,5) (D,5)
D:(D,0)
E:(E,0)
F:(F,0) (G,2) (H,4) (I,6) (J,8) (K,10)
G:(G,0) (H,2) (I,4) (J,6) (K,8)
H:(H,0) (I,2) (J,4) (K,6)
I:(I,0) (J,2) (K,4)
J:(J,0) (K,2)
K:(K,0)
S:(S,0) (A,5) (E,4) (F,10) (G,12) (H,14) (I,16) (J,18) (K,20) (B,8) (C,2) (D,9)
-----
A:(A,0) (B,3) (C,-3) (D,3) (E,-2)
B:(B,0) (C,-6) (D,-1) (A,-4) (E,-5)
C:(C,0) (A,2) (E,0) (B,5) (D,5)
D:(D,0)
E:(E,0)
F:(F,0) (G,2) (H,4) (I,6) (J,8) (K,10)
G:(G,0) (H,2) (I,4) (J,6) (K,8)
H:(H,0) (I,2) (J,4) (K,6)
I:(I,0) (J,2) (K,4)
J:(J,0) (K,2)
K:(K,0)
S:(S,0) (A,5) (E,4) (F,10) (G,12) (H,14) (I,16) (J,18) (K,20) (B,8) (C,2) (D,8)
-----
A:(A,0) (B,3) (C,-3) (D,2) (E,-2)
B:(B,0) (C,-6) (D,-1) (A,-4) (E,-6)
C:(C,0) (A,2) (E,0) (B,5) (D,4)
D:(D,0)
E:(E,0)
F:(F,0) (G,2) (H,4) (I,6) (J,8) (K,10)
G:(G,0) (H,2) (I,4) (J,6) (K,8)
H:(H,0) (I,2) (J,4) (K,6)
I:(I,0) (J,2) (K,4)
J:(J,0) (K,2)
K:(K,0)
S:(S,0) (A,5) (E,3) (F,10) (G,12) (H,14) (I,16) (J,18) (K,20) (B,8) (C,2) (D,8)
-----
A:(A,0) (B,3) (C,-3) (D,2) (E,-3)
B:(B,0) (C,-6) (D,-2) (A,-4) (E,-6)
C:(C,0) (A,2) (E,-1) (B,5) (D,4)
D:(D,0)
E:(E,0)
F:(F,0) (G,2) (H,4) (I,6) (J,8) (K,10)
G:(G,0) (H,2) (I,4) (J,6) (K,8)
H:(H,0) (I,2) (J,4) (K,6)
I:(I,0) (J,2) (K,4)
J:(J,0) (K,2)
K:(K,0)
S:(S,0) (A,5) (E,3) (F,10) (G,12) (H,14) (I,16) (J,18) (K,20) (B,8) (C,2) (D,7)
-----
A:(A,0) (B,3) (C,-3) (D,1) (E,-3)
B:(B,0) (C,-6) (D,-2) (A,-4) (E,-7)
C:(C,0) (A,2) (E,-1) (B,5) (D,3)
D:(D,0)
E:(E,0)
F:(F,0) (G,2) (H,4) (I,6) (J,8) (K,10)
G:(G,0) (H,2) (I,4) (J,6) (K,8)
H:(H,0) (I,2) (J,4) (K,6)
I:(I,0) (J,2) (K,4)
J:(J,0) (K,2)
K:(K,0)
S:(S,0) (A,5) (E,2) (F,10) (G,12) (H,14) (I,16) (J,18) (K,20) (B,8) (C,2) (D,7)
-----
A:(A,0) (B,3) (C,-3) (D,1) (E,-4)
B:(B,0) (C,-6) (D,-3) (A,-4) (E,-7)
C:(C,0) (A,2) (E,-2) (B,5) (D,3)
D:(D,0)
E:(E,0)
F:(F,0) (G,2) (H,4) (I,6) (J,8) (K,10)
G:(G,0) (H,2) (I,4) (J,6) (K,8)
H:(H,0) (I,2) (J,4) (K,6)
I:(I,0) (J,2) (K,4)
J:(J,0) (K,2)
K:(K,0)
S:(S,0) (A,5) (E,2) (F,10) (G,12) (H,14) (I,16) (J,18) (K,20) (B,8) (C,2) (D,6)
-----
A:(A,0) (B,3) (C,-3) (D,0) (E,-4)
B:(B,0) (C,-6) (D,-3) (A,-4) (E,-8)
C:(C,0) (A,2) (E,-2) (B,5) (D,2)
D:(D,0)
E:(E,0)
F:(F,0) (G,2) (H,4) (I,6) (J,8) (K,10)
G:(G,0) (H,2) (I,4) (J,6) (K,8)
H:(H,0) (I,2) (J,4) (K,6)
I:(I,0) (J,2) (K,4)
J:(J,0) (K,2)
K:(K,0)
S:(S,0) (A,5) (E,1) (F,10) (G,12) (H,14) (I,16) (J,18) (K,20) (B,8) (C,2) (D,6)
-----
A:(A,0) (B,3) (C,-3) (D,0) (E,-5)
B:(B,0) (C,-6) (D,-4) (A,-4) (E,-8)
C:(C,0) (A,2) (E,-3) (B,5) (D,2)
D:(D,0)
E:(E,0)
F:(F,0) (G,2) (H,4) (I,6) (J,8) (K,10)
G:(G,0) (H,2) (I,4) (J,6) (K,8)
H:(H,0) (I,2) (J,4) (K,6)
I:(I,0) (J,2) (K,4)
J:(J,0) (K,2)
K:(K,0)
S:(S,0) (A,5) (E,1) (F,10) (G,12) (H,14) (I,16) (J,18) (K,20) (B,8) (C,2) (D,5)
-----
A:(A,0) (B,3) (C,-3) (D,-1) (E,-5)
B:(B,0) (C,-6) (D,-4) (A,-4) (E,-9)
C:(C,0) (A,2) (E,-3) (B,5) (D,1)
D:(D,0)
E:(E,0)
F:(F,0) (G,2) (H,4) (I,6) (J,8) (K,10)
G:(G,0) (H,2) (I,4) (J,6) (K,8)
H:(H,0) (I,2) (J,4) (K,6)
I:(I,0) (J,2) (K,4)
J:(J,0) (K,2)
K:(K,0)
S:(S,0) (A,5) (E,0) (F,10) (G,12) (H,14) (I,16) (J,18) (K,20) (B,8) (C,2) (D,5)
-----
A:(A,0) (B,3) (C,-3) (D,-1) (E,-6)
B:(B,0) (C,-6) (D,-5) (A,-4) (E,-9)
C:(C,0) (A,2) (E,-4) (B,5) (D,1)
D:(D,0)
E:(E,0)
F:(F,0) (G,2) (H,4) (I,6) (J,8) (K,10)
G:(G,0) (H,2) (I,4) (J,6) (K,8)
H:(H,0) (I,2) (J,4) (K,6)
I:(I,0) (J,2) (K,4)
J:(J,0) (K,2)
K:(K,0)
S:(S,0) (A,5) (E,0) (F,10) (G,12) (H,14) (I,16) (J,18) (K,20) (B,8) (C,2) (D,4)
-----
A:(A,0) (B,3) (C,-3) (D,-2) (E,-6)
B:(B,0) (C,-6) (D,-5) (A,-4) (E,-10)
C:(C,0) (A,2) (E,-4) (B,5) (D,0)
D:(D,0)
E:(E,0)
F:(F,0) (G,2) (H,4) (I,6) (J,8) (K,10)
G:(G,0) (H,2) (I,4) (J,6) (K,8)
H:(H,0) (I,2) (J,4) (K,6)
I:(I,0) (J,2) (K,4)
J:(J,0) (K,2)
K:(K,0)
S:(S,0) (A,5) (E,-1) (F,10) (G,12) (H,14) (I,16) (J,18) (K,20) (B,8) (C,2) (D,4)
-----
A:(A,0) (B,3) (C,-3) (D,-2) (E,-7)
B:(B,0) (C,-6) (D,-6) (A,-4) (E,-10)
C:(C,0) (A,2) (E,-5) (B,5) (D,0)
D:(D,0)
E:(E,0)
F:(F,0) (G,2) (H,4) (I,6) (J,8) (K,10)
G:(G,0) (H,2) (I,4) (J,6) (K,8)
H:(H,0) (I,2) (J,4) (K,6)
I:(I,0) (J,2) (K,4)
J:(J,0) (K,2)
K:(K,0)
S:(S,0) (A,5) (E,-1) (F,10) (G,12) (H,14) (I,16) (J,18) (K,20) (B,8) (C,2) (D,3)
-----
A:(A,0) (B,3) (C,-3) (D,-3) (E,-7)
B:(B,0) (C,-6) (D,-6) (A,-4) (E,-11)
C:(C,0) (A,2) (E,-5) (B,5) (D,-1)
D:(D,0)
E:(E,0)
F:(F,0) (G,2) (H,4) (I,6) (J,8) (K,10)
G:(G,0) (H,2) (I,4) (J,6) (K,8)
H:(H,0) (I,2) (J,4) (K,6)
I:(I,0) (J,2) (K,4)
J:(J,0) (K,2)
K:(K,0)
S:(S,0) (A,5) (E,-2) (F,10) (G,12) (H,14) (I,16) (J,18) (K,20) (B,8) (C,2) (D,3)
-----
A:(A,0) (B,3) (C,-3) (D,-3) (E,-8)
B:(B,0) (C,-6) (D,-7) (A,-4) (E,-11)
C:(C,0) (A,2) (E,-6) (B,5) (D,-1)
D:(D,0)
E:(E,0)
F:(F,0) (G,2) (H,4) (I,6) (J,8) (K,10)
G:(G,0) (H,2) (I,4) (J,6) (K,8)
H:(H,0) (I,2) (J,4) (K,6)
I:(I,0) (J,2) (K,4)
J:(J,0) (K,2)
K:(K,0)
S:(S,0) (A,5) (E,-2) (F,10) (G,12) (H,14) (I,16) (J,18) (K,20) (B,8) (C,2) (D,2)
-----
A:(A,0) (B,3) (C,-3) (D,-4) (E,-8)
B:(B,0) (C,-6) (D,-7) (A,-4) (E,-12)
C:(C,0) (A,2) (E,-6) (B,5) (D,-2)
D:(D,0)
E:(E,0)
F:(F,0) (G,2) (H,4) (I,6) (J,8) (K,10)
G:(G,0) (H,2) (I,4) (J,6) (K,8)
H:(H,0) (I,2) (J,4) (K,6)
I:(I,0) (J,2) (K,4)
J:(J,0) (K,2)
K:(K,0)
S:(S,0) (A,5) (E,-3) (F,10) (G,12) (H,14) (I,16) (J,18) (K,20) (B,8) (C,2) (D,2)
-----
A:(A,0) (B,3) (C,-3) (D,-4) (E,-9)
B:(B,0) (C,-6) (D,-8) (A,-4) (E,-12)
C:(C,0) (A,2) (E,-7) (B,5) (D,-2)
D:(D,0)
E:(E,0)
F:(F,0) (G,2) (H,4) (I,6) (J,8) (K,10)
G:(G,0) (H,2) (I,4) (J,6) (K,8)
H:(H,0) (I,2) (J,4) (K,6)
I:(I,0) (J,2) (K,4)
J:(J,0) (K,2)
K:(K,0)
S:(S,0) (A,5) (E,-3) (F,10) (G,12) (H,14) (I,16) (J,18) (K,20) (B,8) (C,2) (D,1)
-----
A:(A,0) (B,3) (C,-3) (D,-5) (E,-9)
B:(B,0) (C,-6) (D,-8) (A,-4) (E,-13)
C:(C,0) (A,2) (E,-7) (B,5) (D,-3)
D:(D,0)
E:(E,0)
F:(F,0) (G,2) (H,4) (I,6) (J,8) (K,10)
G:(G,0) (H,2) (I,4) (J,6) (K,8)
H:(H,0) (I,2) (J,4) (K,6)
I:(I,0) (J,2) (K,4)
J:(J,0) (K,2)
K:(K,0)
S:(S,0) (A,5) (E,-4) (F,10) (G,12) (H,14) (I,16) (J,18) (K,20) (B,8) (C,2) (D,1)
-----
A:(A,0) (B,3) (C,-3) (D,-5) (E,-10)
B:(B,0) (C,-6) (D,-9) (A,-4) (E,-13)
C:(C,0) (A,2) (E,-8) (B,5) (D,-3)
D:(D,0)
E:(E,0)
F:(F,0) (G,2) (H,4) (I,6) (J,8) (K,10)
G:(G,0) (H,2) (I,4) (J,6) (K,8)
H:(H,0) (I,2) (J,4) (K,6)
I:(I,0) (J,2) (K,4)
J:(J,0) (K,2)
K:(K,0)
S:(S,0) (A,5) (E,-4) (F,10) (G,12) (H,14) (I,16) (J,18) (K,20) (B,8) (C,2) (D,0)
-----
A:(A,0) (B,3) (C,-3) (D,-6) (E,-10)
B:(B,0) (C,-6) (D,-9) (A,-4) (E,-14)
C:(C,0) (A,2) (E,-8) (B,5) (D,-4)
D:(D,0)
E:(E,0)
F:(F,0) (G,2) (H,4) (I,6) (J,8) (K,10)
G:(G,0) (H,2) (I,4) (J,6) (K,8)
H:(H,0) (I,2) (J,4) (K,6)
I:(I,0) (J,2) (K,4)
J:(J,0) (K,2)
K:(K,0)
S:(S,0) (A,5) (E,-5) (F,10) (G,12) (H,14) (I,16) (J,18) (K,20) (B,8) (C,2) (D,0)
-----
A:(A,0) (B,3) (C,-3) (D,-6) (E,-11)
B:(B,0) (C,-6) (D,-10) (A,-4) (E,-14)
C:(C,0) (A,2) (E,-9) (B,5) (D,-4)
D:(D,0)
E:(E,0)
F:(F,0) (G,2) (H,4) (I,6) (J,8) (K,10)
G:(G,0) (H,2) (I,4) (J,6) (K,8)
H:(H,0) (I,2) (J,4) (K,6)
I:(I,0) (J,2) (K,4)
J:(J,0) (K,2)
K:(K,0)
S:(S,0) (A,5) (E,-5) (F,10) (G,12) (H,14) (I,16) (J,18) (K,20) (B,8) (C,2) (D,-1)
-----
A:(A,0) (B,3) (C,-3) (D,-7) (E,-11)
B:(B,0) (C,-6) (D,-10) (A,-4) (E,-15)
C:(C,0) (A,2) (E,-9) (B,5) (D,-5)
D:(D,0)
E:(E,0)
F:(F,0) (G,2) (H,4) (I,6) (J,8) (K,10)
G:(G,0) (H,2) (I,4) (J,6) (K,8)
H:(H,0) (I,2) (J,4) (K,6)
I:(I,0) (J,2) (K,4)
J:(J,0) (K,2)
K:(K,0)
S:(S,0) (A,5) (E,-6) (F,10) (G,12) (H,14) (I,16) (J,18) (K,20) (B,8) (C,2) (D,-1)
-----
A:(A,0) (B,3) (C,-3) (D,-7) (E,-12)
B:(B,0) (C,-6) (D,-11) (A,-4) (E,-15)
C:(C,0) (A,2) (E,-10) (B,5) (D,-5)
D:(D,0)
E:(E,0)
F:(F,0) (G,2) (H,4) (I,6) (J,8) (K,10)
G:(G,0) (H,2) (I,4) (J,6) (K,8)
H:(H,0) (I,2) (J,4) (K,6)
I:(I,0) (J,2) (K,4)
J:(J,0) (K,2)
K:(K,0)
S:(S,0) (A,5) (E,-6) (F,10) (G,12) (H,14) (I,16) (J,18) (K,20) (B,8) (C,2) (D,-2)
-----
A:(A,0) (B,3) (C,-3) (D,-8) (E,-12)
B:(B,0) (C,-6) (D,-11) (A,-4) (E,-16)
C:(C,0) (A,2) (E,-10) (B,5) (D,-6)
D:(D,0)
E:(E,0)
F:(F,0) (G,2) (H,4) (I,6) (J,8) (K,10)
G:(G,0) (H,2) (I,4) (J,6) (K,8)
H:(H,0) (I,2) (J,4) (K,6)
I:(I,0) (J,2) (K,4)
J:(J,0) (K,2)
K:(K,0)
S:(S,0) (A,5) (E,-7) (F,10) (G,12) (H,14) (I,16) (J,18) (K,20) (B,8) (C,2) (D,-2)
-----
A:(A,0) (B,3) (C,-3) (D,-8) (E,-13)
B:(B,0) (C,-6) (D,-12) (A,-4) (E,-16)
C:(C,0) (A,2) (E,-11) (B,5) (D,-6)
D:(D,0)
E:(E,0)
F:(F,0) (G,2) (H,4) (I,6) (J,8) (K,10)
G:(G,0) (H,2) (I,4) (J,6) (K,8)
H:(H,0) (I,2) (J,4) (K,6)
I:(I,0) (J,2) (K,4)
J:(J,0) (K,2)
K:(K,0)
S:(S,0) (A,5) (E,-7) (F,10) (G,12) (H,14) (I,16) (J,18) (K,20) (B,8) (C,2) (D,-3)
-----
A:(A,0) (B,3) (C,-3) (D,-9) (E,-13)
B:(B,0) (C,-6) (D,-12) (A,-4) (E,-17)
C:(C,0) (A,2) (E,-11) (B,5) (D,-7)
D:(D,0)
E:(E,0)
F:(F,0) (G,2) (H,4) (I,6) (J,8) (K,10)
G:(G,0) (H,2) (I,4) (J,6) (K,8)
H:(H,0) (I,2) (J,4) (K,6)
I:(I,0) (J,2) (K,4)
J:(J,0) (K,2)
K:(K,0)
S:(S,0) (A,5) (E,-8) (F,10) (G,12) (H,14) (I,16) (J,18) (K,20) (B,8) (C,2) (D,-3)
-----
A:(A,0) (B,3) (C,-3) (D,-9) (E,-14)
B:(B,0) (C,-6) (D,-13) (A,-4) (E,-17)
C:(C,0) (A,2) (E,-12) (B,5) (D,-7)
D:(D,0)
E:(E,0)
F:(F,0) (G,2) (H,4) (I,6) (J,8) (K,10)
G:(G,0) (H,2) (I,4) (J,6) (K,8)
H:(H,0) (I,2) (J,4) (K,6)
I:(I,0) (J,2) (K,4)
J:(J,0) (K,2)
K:(K,0)
S:(S,0) (A,5) (E,-8) (F,10) (G,12) (H,14) (I,16) (J,18) (K,20) (B,8) (C,2) (D,-4)
-----
A:(A,0) (B,3) (C,-3) (D,-10) (E,-14)
B:(B,0) (C,-6) (D,-13) (A,-4) (E,-18)
C:(C,0) (A,2) (E,-12) (B,5) (D,-8)
D:(D,0)
E:(E,0)
F:(F,0) (G,2) (H,4) (I,6) (J,8) (K,10)
G:(G,0) (H,2) (I,4) (J,6) (K,8)
H:(H,0) (I,2) (J,4) (K,6)
I:(I,0) (J,2) (K,4)
J:(J,0) (K,2)
K:(K,0)
S:(S,0) (A,5) (E,-9) (F,10) (G,12) (H,14) (I,16) (J,18) (K,20) (B,8) (C,2) (D,-4)
-----
A:(A,0) (B,3) (C,-3) (D,-10) (E,-15)
B:(B,0) (C,-6) (D,-14) (A,-4) (E,-18)
C:(C,0) (A,2) (E,-13) (B,5) (D,-8)
D:(D,0)
E:(E,0)
F:(F,0) (G,2) (H,4) (I,6) (J,8) (K,10)
G:(G,0) (H,2) (I,4) (J,6) (K,8)
H:(H,0) (I,2) (J,4) (K,6)
I:(I,0) (J,2) (K,4)
J:(J,0) (K,2)
K:(K,0)
S:(S,0) (A,5) (E,-9) (F,10) (G,12) (H,14) (I,16) (J,18) (K,20) (B,8) (C,2) (D,-5)
-----
A:(A,0) (B,3) (C,-3) (D,-11) (E,-15)
B:(B,0) (C,-6) (D,-14) (A,-4) (E,-19)
C:(C,0) (A,2) (E,-13) (B,5) (D,-9)
D:(D,0)
E:(E,0)
F:(F,0) (G,2) (H,4) (I,6) (J,8) (K,10)
G:(G,0) (H,2) (I,4) (J,6) (K,8)
H:(H,0) (I,2) (J,4) (K,6)
I:(I,0) (J,2) (K,4)
J:(J,0) (K,2)
K:(K,0)
S:(S,0) (A,5) (E,-10) (F,10) (G,12) (H,14) (I,16) (J,18) (K,20) (B,8) (C,2) (D,-5)
-----
A:(A,0) (B,3) (C,-3) (D,-11) (E,-16)
B:(B,0) (C,-6) (D,-15) (A,-4) (E,-19)
C:(C,0) (A,2) (E,-14) (B,5) (D,-9)
D:(D,0)
E:(E,0)
F:(F,0) (G,2) (H,4) (I,6) (J,8) (K,10)
G:(G,0) (H,2) (I,4) (J,6) (K,8)
H:(H,0) (I,2) (J,4) (K,6)
I:(I,0) (J,2) (K,4)
J:(J,0) (K,2)
K:(K,0)
S:(S,0) (A,5) (E,-10) (F,10) (G,12) (H,14) (I,16) (J,18) (K,20) (B,8) (C,2) (D,-6)
-----
A:(A,0) (B,3) (C,-3) (D,-12) (E,-16)
B:(B,0) (C,-6) (D,-15) (A,-4) (E,-20)
C:(C,0) (A,2) (E,-14) (B,5) (D,-10)
D:(D,0)
E:(E,0)
F:(F,0) (G,2) (H,4) (I,6) (J,8) (K,10)
G:(G,0) (H,2) (I,4) (J,6) (K,8)
H:(H,0) (I,2) (J,4) (K,6)
I:(I,0) (J,2) (K,4)
J:(J,0) (K,2)
K:(K,0)
S:(S,0) (A,5) (E,-11) (F,10) (G,12) (H,14) (I,16) (J,18) (K,20) (B,8) (C,2) (D,-6)
-----
A:(A,0) (B,3) (C,-3) (D,-12) (E,-17)
B:(B,0) (C,-6) (D,-16) (A,-4) (E,-20)
C:(C,0) (A,2) (E,-15) (B,5) (D,-10)
D:(D,0)
E:(E,0)
F:(F,0) (G,2) (H,4) (I,6) (J,8) (K,10)
G:(G,0) (H,2) (I,4) (J,6) (K,8)
H:(H,0) (I,2) (J,4) (K,6)
I:(I,0) (J,2) (K,4)
J:(J,0) (K,2)
K:(K,0)
S:(S,0) (A,5) (E,-11) (F,10) (G,12) (H,14) (I,16) (J,18) (K,20) (B,8) (C,2) (D,-7)
-----
A:(A,0) (B,3) (C,-3) (D,-13) (E,-17)
B:(B,0) (C,-6) (D,-16) (A,-4) (E,-21)
C:(C,0) (A,2) (E,-15) (B,5) (D,-11)
D:(D,0)
E:(E,0)
F:(F,0) (G,2) (H,4) (I,6) (J,8) (K,10)
G:(G,0) (H,2) (I,4) (J,6) (K,8)
H:(H,0) (I,2) (J,4) (K,6)
I:(I,0) (J,2) (K,4)
J:(J,0) (K,2)
K:(K,0)
S:(S,0) (A,5) (E,-12) (F,10) (G,12) (H,14) (I,16) (J,18) (K,20) (B,8) (C,2) (D,-7)
-----
A:(A,0) (B,3) (C,-3) (D,-13) (E,-18)
B:(B,0) (C,-6) (D,-17) (A,-4) (E,-21)
C:(C,0) (A,2) (E,-16) (B,5) (D,-11)
D:(D,0)
E:(E,0)
F:(F,0) (G,2) (H,4) (I,6) (J,8) (K,10)
G:(G,0) (H,2) (I,4) (J,6) (K,8)
H:(H,0) (I,2) (J,4) (K,6)
I:(I,0) (J,2) (K,4)
J:(J,0) (K,2)
K:(K,0)
S:(S,0) (A,5) (E,-12) (F,10) (G,12) (H,14) (I,16) (J,18) (K,20) (B,8) (C,2) (D,-8)
-----
A:(A,0) (B,3) (C,-3) (D,-14) (E,-18)
B:(B,0) (C,-6) (D,-17) (A,-4) (E,-22)
C:(C,0) (A,2) (E,-16) (B,5) (D,-12)
D:(D,0)
E:(E,0)
F:(F,0) (G,2) (H,4) (I,6) (J,8) (K,10)
G:(G,0) (H,2) (I,4) (J,6) (K,8)
H:(H,0) (I,2) (J,4) (K,6)
I:(I,0) (J,2) (K,4)
J:(J,0) (K,2)
K:(K,0)
S:(S,0) (A,5) (E,-13) (F,10) (G,12) (H,14) (I,16) (J,18) (K,20) (B,8) (C,2) (D,-8)
-----
A:(A,0) (B,3) (C,-3) (D,-14) (E,-19)
B:(B,0) (C,-6) (D,-18) (A,-4) (E,-22)
C:(C,0) (A,2) (E,-17) (B,5) (D,-12)
D:(D,0)
E:(E,0)
F:(F,0) (G,2) (H,4) (I,6) (J,8) (K,10)
G:(G,0) (H,2) (I,4) (J,6) (K,8)
H:(H,0) (I,2) (J,4) (K,6)
I:(I,0) (J,2) (K,4)
J:(J,0) (K,2)
K:(K,0)
S:(S,0) (A,5) (E,-13) (F,10) (G,12) (H,14) (I,16) (J,18) (K,20) (B,8) (C,2) (D,-9)
-----
A:(A,0) (B,3) (C,-3) (D,-15) (E,-19)
B:(B,0) (C,-6) (D,-18) (A,-4) (E,-23)
C:(C,0) (A,2) (E,-17) (B,5) (D,-13)
D:(D,0)
E:(E,0)
F:(F,0) (G,2) (H,4) (I,6) (J,8) (K,10)
G:(G,0) (H,2) (I,4) (J,6) (K,8)
H:(H,0) (I,2) (J,4) (K,6)
I:(I,0) (J,2) (K,4)
J:(J,0) (K,2)
K:(K,0)
S:(S,0) (A,5) (E,-14) (F,10) (G,12) (H,14) (I,16) (J,18) (K,20) (B,8) (C,2) (D,-9)
-----
A:(A,0) (B,3) (C,-3) (D,-15) (E,-20)
B:(B,0) (C,-6) (D,-19) (A,-4) (E,-23)
C:(C,0) (A,2) (E,-18) (B,5) (D,-13)
D:(D,0)
E:(E,0)
F:(F,0) (G,2) (H,4) (I,6) (J,8) (K,10)
G:(G,0) (H,2) (I,4) (J,6) (K,8)
H:(H,0) (I,2) (J,4) (K,6)
I:(I,0) (J,2) (K,4)
J:(J,0) (K,2)
K:(K,0)
S:(S,0) (A,5) (E,-14) (F,10) (G,12) (H,14) (I,16) (J,18) (K,20) (B,8) (C,2) (D,-10)
-----
A:(A,0) (B,3) (C,-3) (D,-16) (E,-20)
B:(B,0) (C,-6) (D,-19) (A,-4) (E,-24)
C:(C,0) (A,2) (E,-18) (B,5) (D,-14)
D:(D,0)
E:(E,0)
F:(F,0) (G,2) (H,4) (I,6) (J,8) (K,10)
G:(G,0) (H,2) (I,4) (J,6) (K,8)
H:(H,0) (I,2) (J,4) (K,6)
I:(I,0) (J,2) (K,4)
J:(J,0) (K,2)
K:(K,0)
S:(S,0) (A,5) (E,-15) (F,10) (G,12) (H,14) (I,16) (J,18) (K,20) (B,8) (C,2) (D,-10)
-----
A:(A,0) (B,3) (C,-3) (D,-16) (E,-21)
B:(B,0) (C,-6) (D,-20) (A,-4) (E,-24)
C:(C,0) (A,2) (E,-19) (B,5) (D,-14)
D:(D,0)
E:(E,0)
F:(F,0) (G,2) (H,4) (I,6) (J,8) (K,10)
G:(G,0) (H,2) (I,4) (J,6) (K,8)
H:(H,0) (I,2) (J,4) (K,6)
I:(I,0) (J,2) (K,4)
J:(J,0) (K,2)
K:(K,0)
S:(S,0) (A,5) (E,-15) (F,10) (G,12) (H,14) (I,16) (J,18) (K,20) (B,8) (C,2) (D,-11)
-----
A:(A,0) (B,3) (C,-3) (D,-17) (E,-21)
B:(B,0) (C,-6) (D,-20) (A,-4) (E,-25)
C:(C,0) (A,2) (E,-19) (B,5) (D,-15)
D:(D,0)
E:(E,0)
F:(F,0) (G,2) (H,4) (I,6) (J,8) (K,10)
G:(G,0) (H,2) (I,4) (J,6) (K,8)
H:(H,0) (I,2) (J,4) (K,6)
I:(I,0) (J,2) (K,4)
J:(J,0) (K,2)
K:(K,0)
S:(S,0) (A,5) (E,-16) (F,10) (G,12) (H,14) (I,16) (J,18) (K,20) (B,8) (C,2) (D,-11)
-----
A:(A,0) (B,3) (C,-3) (D,-17) (E,-22)
B:(B,0) (C,-6) (D,-21) (A,-4) (E,-25)
C:(C,0) (A,2) (E,-20) (B,5) (D,-15)
D:(D,0)
E:(E,0)
F:(F,0) (G,2) (H,4) (I,6) (J,8) (K,10)
G:(G,0) (H,2) (I,4) (J,6) (K,8)
H:(H,0) (I,2) (J,4) (K,6)
I:(I,0) (J,2) (K,4)
J:(J,0) (K,2)
K:(K,0)
S:(S,0) (A,5) (E,-16) (F,10) (G,12) (H,14) (I,16) (J,18) (K,20) (B,8) (C,2) (D,-12)
-----
A:(A,0) (B,3) (C,-3) (D,-18) (E,-22)
B:(B,0) (C,-6) (D,-21) (A,-4) (E,-26)
C:(C,0) (A,2) (E,-20) (B,5) (D,-16)
D:(D,0)
E:(E,0)
F:(F,0) (G,2) (H,4) (I,6) (J,8) (K,10)
G:(G,0) (H,2) (I,4) (J,6) (K,8)
H:(H,0) (I,2) (J,4) (K,6)
I:(I,0) (J,2) (K,4)
J:(J,0) (K,2)
K:(K,0)
S:(S,0) (A,5) (E,-17) (F,10) (G,12) (H,14) (I,16) (J,18) (K,20) (B,8) (C,2) (D,-12)
-----
A:(A,0) (B,3) (C,-3) (D,-18) (E,-23)
B:(B,0) (C,-6) (D,-22) (A,-4) (E,-26)
C:(C,0) (A,2) (E,-21) (B,5) (D,-16)
D:(D,0)
E:(E,0)
F:(F,0) (G,2) (H,4) (I,6) (J,8) (K,10)
G:(G,0) (H,2) (I,4) (J,6) (K,8)
H:(H,0) (I,2) (J,4) (K,6)
I:(I,0) (J,2) (K,4)
J:(J,0) (K,2)
K:(K,0)
S:(S,0) (A,5) (E,-17) (F,10) (G,12) (H,14) (I,16) (J,18) (K,20) (B,8) (C,2) (D,-13)
-----
A:(A,0) (B,3) (C,-3) (D,-19) (E,-23)
B:(B,0) (C,-6) (D,-22) (A,-4) (E,-27)
C:(C,0) (A,2) (E,-21) (B,5) (D,-17)
D:(D,0)
E:(E,0)
F:(F,0) (G,2) (H,4) (I,6) (J,8) (K,10)
G:(G,0) (H,2) (I,4) (J,6) (K,8)
H:(H,0) (I,2) (J,4) (K,6)
I:(I,0) (J,2) (K,4)
J:(J,0) (K,2)
K:(K,0)
S:(S,0) (A,5) (E,-18) (F,10) (G,12) (H,14) (I,16) (J,18) (K,20) (B,8) (C,2) (D,-13)
-----
A:(A,0) (B,3) (C,-3) (D,-19) (E,-24)
B:(B,0) (C,-6) (D,-23) (A,-4) (E,-27)
C:(C,0) (A,2) (E,-22) (B,5) (D,-17)
D:(D,0)
E:(E,0)
F:(F,0) (G,2) (H,4) (I,6) (J,8) (K,10)
G:(G,0) (H,2) (I,4) (J,6) (K,8)
H:(H,0) (I,2) (J,4) (K,6)
I:(I,0) (J,2) (K,4)
J:(J,0) (K,2)
K:(K,0)
S:(S,0) (A,5) (E,-18) (F,10) (G,12) (H,14) (I,16) (J,18) (K,20) (B,8) (C,2) (D,-14)
-----
A:(A,0) (B,3) (C,-3) (D,-20) (E,-24)
B:(B,0) (C,-6) (D,-23) (A,-4) (E,-28)
C:(C,0) (A,2) (E,-22) (B,5) (D,-18)
D:(D,0)
E:(E,0)
F:(F,0) (G,2) (H,4) (I,6) (J,8) (K,10)
G:(G,0) (H,2) (I,4) (J,6) (K,8)
H:(H,0) (I,2) (J,4) (K,6)
I:(I,0) (J,2) (K,4)
J:(J,0) (K,2)
K:(K,0)
S:(S,0) (A,5) (E,-19) (F,10) (G,12) (H,14) (I,16) (J,18) (K,20) (B,8) (C,2) (D,-14)
-----
A:(A,0) (B,3) (C,-3) (D,-20) (E,-25)
B:(B,0) (C,-6) (D,-24) (A,-4) (E,-28)
C:(C,0) (A,2) (E,-23) (B,5) (D,-18)
D:(D,0)
E:(E,0)
F:(F,0) (G,2) (H,4) (I,6) (J,8) (K,10)
G:(G,0) (H,2) (I,4) (J,6) (K,8)
H:(H,0) (I,2) (J,4) (K,6)
I:(I,0) (J,2) (K,4)
J:(J,0) (K,2)
K:(K,0)
S:(S,0) (A,5) (E,-19) (F,10) (G,12) (H,14) (I,16) (J,18) (K,20) (B,8) (C,2) (D,-15)
-----
A:(A,0) (B,3) (C,-3) (D,-21) (E,-25)
B:(B,0) (C,-6) (D,-24) (A,-4) (E,-29)
C:(C,0) (A,2) (E,-23) (B,5) (D,-19)
D:(D,0)
E:(E,0)
F:(F,0) (G,2) (H,4) (I,6) (J,8) (K,10)
G:(G,0) (H,2) (I,4) (J,6) (K,8)
H:(H,0) (I,2) (J,4) (K,6)
I:(I,0) (J,2) (K,4)
J:(J,0) (K,2)
K:(K,0)
S:(S,0) (A,5) (E,-20) (F,10) (G,12) (H,14) (I,16) (J,18) (K,20) (B,8) (C,2) (D,-15)
-----
A:(A,0) (B,3) (C,-3) (D,-21) (E,-26)
B:(B,0) (C,-6) (D,-25) (A,-4) (E,-29)
C:(C,0) (A,2) (E,-24) (B,5) (D,-19)
D:(D,0)
E:(E,0)
F:(F,0) (G,2) (H,4) (I,6) (J,8) (K,10)
G:(G,0) (H,2) (I,4) (J,6) (K,8)
H:(H,0) (I,2) (J,4) (K,6)
I:(I,0) (J,2) (K,4)
J:(J,0) (K,2)
K:(K,0)
S:(S,0) (A,5) (E,-20) (F,10) (G,12) (H,14) (I,16) (J,18) (K,20) (B,8) (C,2) (D,-16)
-----
A:(A,0) (B,3) (C,-3) (D,-22) (E,-26)
B:(B,0) (C,-6) (D,-25) (A,-4) (E,-30)
C:(C,0) (A,2) (E,-24) (B,5) (D,-20)
D:(D,0)
E:(E,0)
F:(F,0) (G,2) (H,4) (I,6) (J,8) (K,10)
G:(G,0) (H,2) (I,4) (J,6) (K,8)
H:(H,0) (I,2) (J,4) (K,6)
I:(I,0) (J,2) (K,4)
J:(J,0) (K,2)
K:(K,0)
S:(S,0) (A,5) (E,-21) (F,10) (G,12) (H,14) (I,16) (J,18) (K,20) (B,8) (C,2) (D,-16)
-----
A:(A,0) (B,3) (C,-3) (D,-22) (E,-27)
B:(B,0) (C,-6) (D,-26) (A,-4) (E,-30)
C:(C,0) (A,2) (E,-25) (B,5) (D,-20)
D:(D,0)
E:(E,0)
F:(F,0) (G,2) (H,4) (I,6) (J,8) (K,10)
G:(G,0) (H,2) (I,4) (J,6) (K,8)
H:(H,0) (I,2) (J,4) (K,6)
I:(I,0) (J,2) (K,4)
J:(J,0) (K,2)
K:(K,0)
S:(S,0) (A,5) (E,-21) (F,10) (G,12) (H,14) (I,16) (J,18) (K,20) (B,8) (C,2) (D,-17)
-----
A:(A,0) (B,3) (C,-3) (D,-23) (E,-27)
B:(B,0) (C,-6) (D,-26) (A,-4) (E,-31)
C:(C,0) (A,2) (E,-25) (B,5) (D,-21)
D:(D,0)
E:(E,0)
F:(F,0) (G,2) (H,4) (I,6) (J,8) (K,10)
G:(G,0) (H,2) (I,4) (J,6) (K,8)
H:(H,0) (I,2) (J,4) (K,6)
I:(I,0) (J,2) (K,4)
J:(J,0) (K,2)
K:(K,0)
S:(S,0) (A,5) (E,-22) (F,10) (G,12) (H,14) (I,16) (J,18) (K,20) (B,8) (C,2) (D,-17)
-----
A:(A,0) (B,3) (C,-3) (D,-23) (E,-28)
B:(B,0) (C,-6) (D,-27) (A,-4) (E,-31)
C:(C,0) (A,2) (E,-26) (B,5) (D,-21)
D:(D,0)
E:(E,0)
F:(F,0) (G,2) (H,4) (I,6) (J,8) (K,10)
G:(G,0) (H,2) (I,4) (J,6) (K,8)
H:(H,0) (I,2) (J,4) (K,6)
I:(I,0) (J,2) (K,4)
J:(J,0) (K,2)
K:(K,0)
S:(S,0) (A,5) (E,-22) (F,10) (G,12) (H,14) (I,16) (J,18) (K,20) (B,8) (C,2) (D,-18)
-----
A:(A,0) (B,3) (C,-3) (D,-24) (E,-28)
B:(B,0) (C,-6) (D,-27) (A,-4) (E,-32)
C:(C,0) (A,2) (E,-26) (B,5) (D,-22)
D:(D,0)
E:(E,0)
F:(F,0) (G,2) (H,4) (I,6) (J,8) (K,10)
G:(G,0) (H,2) (I,4) (J,6) (K,8)
H:(H,0) (I,2) (J,4) (K,6)
I:(I,0) (J,2) (K,4)
J:(J,0) (K,2)
K:(K,0)
S:(S,0) (A,5) (E,-23) (F,10) (G,12) (H,14) (I,16) (J,18) (K,20) (B,8) (C,2) (D,-18)
-----
A:(A,0) (B,3) (C,-3) (D,-24) (E,-29)
B:(B,0) (C,-6) (D,-28) (A,-4) (E,-32)
C:(C,0) (A,2) (E,-27) (B,5) (D,-22)
D:(D,0)
E:(E,0)
F:(F,0) (G,2) (H,4) (I,6) (J,8) (K,10)
G:(G,0) (H,2) (I,4) (J,6) (K,8)
H:(H,0) (I,2) (J,4) (K,6)
I:(I,0) (J,2) (K,4)
J:(J,0) (K,2)
K:(K,0)
S:(S,0) (A,5) (E,-23) (F,10) (G,12) (H,14) (I,16) (J,18) (K,20) (B,8) (C,2) (D,-19)
-----
A:(A,0) (B,3) (C,-3) (D,-25) (E,-29)
B:(B,0) (C,-6) (D,-28) (A,-4) (E,-33)
C:(C,0) (A,2) (E,-27) (B,5) (D,-23)
D:(D,0)
E:(E,0)
F:(F,0) (G,2) (H,4) (I,6) (J,8) (K,10)
G:(G,0) (H,2) (I,4) (J,6) (K,8)
H:(H,0) (I,2) (J,4) (K,6)
I:(I,0) (J,2) (K,4)
J:(J,0) (K,2)
K:(K,0)
S:(S,0) (A,5) (E,-24) (F,10) (G,12) (H,14) (I,16) (J,18) (K,20) (B,8) (C,2) (D,-19)
-----
A:(A,0) (B,3) (C,-3) (D,-25) (E,-30)
B:(B,0) (C,-6) (D,-29) (A,-4) (E,-33)
C:(C,0) (A,2) (E,-28) (B,5) (D,-23)
D:(D,0)
E:(E,0)
F:(F,0) (G,2) (H,4) (I,6) (J,8) (K,10)
G:(G,0) (H,2) (I,4) (J,6) (K,8)
H:(H,0) (I,2) (J,4) (K,6)
I:(I,0) (J,2) (K,4)
J:(J,0) (K,2)
K:(K,0)
S:(S,0) (A,5) (E,-24) (F,10) (G,12) (H,14) (I,16) (J,18) (K,20) (B,8) (C,2) (D,-20)
-----
A:(A,0) (B,3) (C,-3) (D,-26) (E,-30)
B:(B,0) (C,-6) (D,-29) (A,-4) (E,-34)
C:(C,0) (A,2) (E,-28) (B,5) (D,-24)
D:(D,0)
E:(E,0)
F:(F,0) (G,2) (H,4) (I,6) (J,8) (K,10)
G:(G,0) (H,2) (I,4) (J,6) (K,8)
H:(H,0) (I,2) (J,4) (K,6)
I:(I,0) (J,2) (K,4)
J:(J,0) (K,2)
K:(K,0)
S:(S,0) (A,5) (E,-25) (F,10) (G,12) (H,14) (I,16) (J,18) (K,20) (B,8) (C,2) (D,-20)
-----
A:(A,0) (B,3) (C,-3) (D,-26) (E,-31)
B:(B,0) (C,-6) (D,-30) (A,-4) (E,-34)
C:(C,0) (A,2) (E,-29) (B,5) (D,-24)
D:(D,0)
E:(E,0)
F:(F,0) (G,2) (H,4) (I,6) (J,8) (K,10)
G:(G,0) (H,2) (I,4) (J,6) (K,8)
H:(H,0) (I,2) (J,4) (K,6)
I:(I,0) (J,2) (K,4)
J:(J,0) (K,2)
K:(K,0)
S:(S,0) (A,5) (E,-25) (F,10) (G,12) (H,14) (I,16) (J,18) (K,20) (B,8) (C,2) (D,-21)
-----
A:(A,0) (B,3) (C,-3) (D,-27) (E,-31)
B:(B,0) (C,-6) (D,-30) (A,-4) (E,-35)
C:(C,0) (A,2) (E,-29) (B,5) (D,-25)
D:(D,0)
E:(E,0)
F:(F,0) (G,2) (H,4) (I,6) (J,8) (K,10)
G:(G,0) (H,2) (I,4) (J,6) (K,8)
H:(H,0) (I,2) (J,4) (K,6)
I:(I,0) (J,2) (K,4)
J:(J,0) (K,2)
K:(K,0)
S:(S,0) (A,5) (E,-26) (F,10) (G,12) (H,14) (I,16) (J,18) (K,20) (B,8) (C,2) (D,-21)
-----
A:(A,0) (B,3) (C,-3) (D,-27) (E,-32)
B:(B,0) (C,-6) (D,-31) (A,-4) (E,-35)
C:(C,0) (A,2) (E,-30) (B,5) (D,-25)
D:(D,0)
E:(E,0)
F:(F,0) (G,2) (H,4) (I,6) (J,8) (K,10)
G:(G,0) (H,2) (I,4) (J,6) (K,8)
H:(H,0) (I,2) (J,4) (K,6)
I:(I,0) (J,2) (K,4)
J:(J,0) (K,2)
K:(K,0)
S:(S,0) (A,5) (E,-26) (F,10) (G,12) (H,14) (I,16) (J,18) (K,20) (B,8) (C,2) (D,-22)
-----
A:(A,0) (B,3) (C,-3) (D,-28) (E,-32)
B:(B,0) (C,-6) (D,-31) (A,-4) (E,-36)
C:(C,0) (A,2) (E,-30) (B,5) (D,-26)
D:(D,0)
E:(E,0)
F:(F,0) (G,2) (H,4) (I,6) (J,8) (K,10)
G:(G,0) (H,2) (I,4) (J,6) (K,8)
H:(H,0) (I,2) (J,4) (K,6)
I:(I,0) (J,2) (K,4)
J:(J,0) (K,2)
K:(K,0)
S:(S,0) (A,5) (E,-27) (F,10) (G,12) (H,14) (I,16) (J,18) (K,20) (B,8) (C,2) (D,-22)
-----
A:(A,0) (B,3) (C,-3) (D,-28) (E,-33)
B:(B,0) (C,-6) (D,-32) (A,-4) (E,-36)
C:(C,0) (A,2) (E,-31) (B,5) (D,-26)
D:(D,0)
E:(E,0)
F:(F,0) (G,2) (H,4) (I,6) (J,8) (K,10)
G:(G,0) (H,2) (I,4) (J,6) (K,8)
H:(H,0) (I,2) (J,4) (K,6)
I:(I,0) (J,2) (K,4)
J:(J,0) (K,2)
K:(K,0)
S:(S,0) (A,5) (E,-27) (F,10) (G,12) (H,14) (I,16) (J,18) (K,20) (B,8) (C,2) (D,-23)
-----
A:(A,0) (B,3) (C,-3) (D,-29) (E,-33)
B:(B,0) (C,-6) (D,-32) (A,-4) (E,-37)
C:(C,0) (A,2) (E,-31) (B,5) (D,-27)
D:(D,0)
E:(E,0)
F:(F,0) (G,2) (H,4) (I,6) (J,8) (K,10)
G:(G,0) (H,2) (I,4) (J,6) (K,8)
H:(H,0) (I,2) (J,4) (K,6)
I:(I,0) (J,2) (K,4)
J:(J,0) (K,2)
K:(K,0)
S:(S,0) (A,5) (E,-28) (F,10) (G,12) (H,14) (I,16) (J,18) (K,20) (B,8) (C,2) (D,-23)
-----
A:(A,0) (B,3) (C,-3) (D,-29) (E,-34)
B:(B,0) (C,-6) (D,-33) (A,-4) (E,-37)
C:(C,0) (A,2) (E,-32) (B,5) (D,-27)
D:(D,0)
E:(E,0)
F:(F,0) (G,2) (H,4) (I,6) (J,8) (K,10)
G:(G,0) (H,2) (I,4) (J,6) (K,8)
H:(H,0) (I,2) (J,4) (K,6)
I:(I,0) (J,2) (K,4)
J:(J,0) (K,2)
K:(K,0)
S:(S,0) (A,5) (E,-28) (F,10) (G,12) (H,14) (I,16) (J,18) (K,20) (B,8) (C,2) (D,-24)
-----
A:(A,0) (B,3) (C,-3) (D,-30) (E,-34)
B:(B,0) (C,-6) (D,-33) (A,-4) (E,-38)
C:(C,0) (A,2) (E,-32) (B,5) (D,-28)
D:(D,0)
E:(E,0)
F:(F,0) (G,2) (H,4) (I,6) (J,8) (K,10)
G:(G,0) (H,2) (I,4) (J,6) (K,8)
H:(H,0) (I,2) (J,4) (K,6)
I:(I,0) (J,2) (K,4)
J:(J,0) (K,2)
K:(K,0)
S:(S,0) (A,5) (E,-29) (F,10) (G,12) (H,14) (I,16) (J,18) (K,20) (B,8) (C,2) (D,-24)
-----
A:(A,0) (B,3) (C,-3) (D,-30) (E,-35)
B:(B,0) (C,-6) (D,-34) (A,-4) (E,-38)
C:(C,0) (A,2) (E,-33) (B,5) (D,-28)
D:(D,0)
E:(E,0)
F:(F,0) (G,2) (H,4) (I,6) (J,8) (K,10)
G:(G,0) (H,2) (I,4) (J,6) (K,8)
H:(H,0) (I,2) (J,4) (K,6)
I:(I,0) (J,2) (K,4)
J:(J,0) (K,2)
K:(K,0)
S:(S,0) (A,5) (E,-29) (F,10) (G,12) (H,14) (I,16) (J,18) (K,20) (B,8) (C,2) (D,-25)
-----
A:(A,0) (B,3) (C,-3) (D,-31) (E,-35)
B:(B,0) (C,-6) (D,-34) (A,-4) (E,-39)
C:(C,0) (A,2) (E,-33) (B,5) (D,-29)
D:(D,0)
E:(E,0)
F:(F,0) (G,2) (H,4) (I,6) (J,8) (K,10)
G:(G,0) (H,2) (I,4) (J,6) (K,8)
H:(H,0) (I,2) (J,4) (K,6)
I:(I,0) (J,2) (K,4)
J:(J,0) (K,2)
K:(K,0)
S:(S,0) (A,5) (E,-30) (F,10) (G,12) (H,14) (I,16) (J,18) (K,20) (B,8) (C,2) (D,-25)
-----
A:(A,0) (B,3) (C,-3) (D,-31) (E,-36)
B:(B,0) (C,-6) (D,-35) (A,-4) (E,-39)
C:(C,0) (A,2) (E,-34) (B,5) (D,-29)
D:(D,0)
E:(E,0)
F:(F,0) (G,2) (H,4) (I,6) (J,8) (K,10)
G:(G,0) (H,2) (I,4) (J,6) (K,8)
H:(H,0) (I,2) (J,4) (K,6)
I:(I,0) (J,2) (K,4)
J:(J,0) (K,2)
K:(K,0)
S:(S,0) (A,5) (E,-30) (F,10) (G,12) (H,14) (I,16) (J,18) (K,20) (B,8) (C,2) (D,-26)
-----
A:(A,0) (B,3) (C,-3) (D,-32) (E,-36)
B:(B,0) (C,-6) (D,-35) (A,-4) (E,-40)
C:(C,0) (A,2) (E,-34) (B,5) (D,-30)
D:(D,0)
E:(E,0)
F:(F,0) (G,2) (H,4) (I,6) (J,8) (K,10)
G:(G,0) (H,2) (I,4) (J,6) (K,8)
H:(H,0) (I,2) (J,4) (K,6)
I:(I,0) (J,2) (K,4)
J:(J,0) (K,2)
K:(K,0)
S:(S,0) (A,5) (E,-31) (F,10) (G,12) (H,14) (I,16) (J,18) (K,20) (B,8) (C,2) (D,-26)
-----
A:(A,0) (B,3) (C,-3) (D,-32) (E,-37)
B:(B,0) (C,-6) (D,-36) (A,-4) (E,-40)
C:(C,0) (A,2) (E,-35) (B,5) (D,-30)
D:(D,0)
E:(E,0)
F:(F,0) (G,2) (H,4) (I,6) (J,8) (K,10)
G:(G,0) (H,2) (I,4) (J,6) (K,8)
H:(H,0) (I,2) (J,4) (K,6)
I:(I,0) (J,2) (K,4)
J:(J,0) (K,2)
K:(K,0)
S:(S,0) (A,5) (E,-31) (F,10) (G,12) (H,14) (I,16) (J,18) (K,20) (B,8) (C,2) (D,-27)
-----
A:(A,0) (B,3) (C,-3) (D,-33) (E,-37)
B:(B,0) (C,-6) (D,-36) (A,-4) (E,-41)
C:(C,0) (A,2) (E,-35) (B,5) (D,-31)
D:(D,0)
E:(E,0)
F:(F,0) (G,2) (H,4) (I,6) (J,8) (K,10)
G:(G,0) (H,2) (I,4) (J,6) (K,8)
H:(H,0) (I,2) (J,4) (K,6)
I:(I,0) (J,2) (K,4)
J:(J,0) (K,2)
K:(K,0)
S:(S,0) (A,5) (E,-32) (F,10) (G,12) (H,14) (I,16) (J,18) (K,20) (B,8) (C,2) (D,-27)
-----
A:(A,0) (B,3) (C,-3) (D,-33) (E,-38)
B:(B,0) (C,-6) (D,-37) (A,-4) (E,-41)
C:(C,0) (A,2) (E,-36) (B,5) (D,-31)
D:(D,0)
E:(E,0)
F:(F,0) (G,2) (H,4) (I,6) (J,8) (K,10)
G:(G,0) (H,2) (I,4) (J,6) (K,8)
H:(H,0) (I,2) (J,4) (K,6)
I:(I,0) (J,2) (K,4)
J:(J,0) (K,2)
K:(K,0)
S:(S,0) (A,5) (E,-32) (F,10) (G,12) (H,14) (I,16) (J,18) (K,20) (B,8) (C,2) (D,-28)
-----
A:(A,0) (B,3) (C,-3) (D,-34) (E,-38)
B:(B,0) (C,-6) (D,-37) (A,-4) (E,-42)
C:(C,0) (A,2) (E,-36) (B,5) (D,-32)
D:(D,0)
E:(E,0)
F:(F,0) (G,2) (H,4) (I,6) (J,8) (K,10)
G:(G,0) (H,2) (I,4) (J,6) (K,8)
H:(H,0) (I,2) (J,4) (K,6)
I:(I,0) (J,2) (K,4)
J:(J,0) (K,2)
K:(K,0)
S:(S,0) (A,5) (E,-33) (F,10) (G,12) (H,14) (I,16) (J,18) (K,20) (B,8) (C,2) (D,-28)
-----
A:(A,0) (B,3) (C,-3) (D,-34) (E,-39)
B:(B,0) (C,-6) (D,-38) (A,-4) (E,-42)
C:(C,0) (A,2) (E,-37) (B,5) (D,-32)
D:(D,0)
E:(E,0)
F:(F,0) (G,2) (H,4) (I,6) (J,8) (K,10)
G:(G,0) (H,2) (I,4) (J,6) (K,8)
H:(H,0) (I,2) (J,4) (K,6)
I:(I,0) (J,2) (K,4)
J:(J,0) (K,2)
K:(K,0)
S:(S,0) (A,5) (E,-33) (F,10) (G,12) (H,14) (I,16) (J,18) (K,20) (B,8) (C,2) (D,-29)
-----
A:(A,0) (B,3) (C,-3) (D,-35) (E,-39)
B:(B,0) (C,-6) (D,-38) (A,-4) (E,-43)
C:(C,0) (A,2) (E,-37) (B,5) (D,-33)
D:(D,0)
E:(E,0)
F:(F,0) (G,2) (H,4) (I,6) (J,8) (K,10)
G:(G,0) (H,2) (I,4) (J,6) (K,8)
H:(H,0) (I,2) (J,4) (K,6)
I:(I,0) (J,2) (K,4)
J:(J,0) (K,2)
K:(K,0)
S:(S,0) (A,5) (E,-34) (F,10) (G,12) (H,14) (I,16) (J,18) (K,20) (B,8) (C,2) (D,-29)
-----
A:(A,0) (B,3) (C,-3) (D,-35) (E,-40)
B:(B,0) (C,-6) (D,-39) (A,-4) (E,-43)
C:(C,0) (A,2) (E,-38) (B,5) (D,-33)
D:(D,0)
E:(E,0)
F:(F,0) (G,2) (H,4) (I,6) (J,8) (K,10)
G:(G,0) (H,2) (I,4) (J,6) (K,8)
H:(H,0) (I,2) (J,4) (K,6)
I:(I,0) (J,2) (K,4)
J:(J,0) (K,2)
K:(K,0)
S:(S,0) (A,5) (E,-34) (F,10) (G,12) (H,14) (I,16) (J,18) (K,20) (B,8) (C,2) (D,-30)
-----
A:(A,0) (B,3) (C,-3) (D,-36) (E,-40)
B:(B,0) (C,-6) (D,-39) (A,-4) (E,-44)
C:(C,0) (A,2) (E,-38) (B,5) (D,-34)
D:(D,0)
E:(E,0)
F:(F,0) (G,2) (H,4) (I,6) (J,8) (K,10)
G:(G,0) (H,2) (I,4) (J,6) (K,8)
H:(H,0) (I,2) (J,4) (K,6)
I:(I,0) (J,2) (K,4)
J:(J,0) (K,2)
K:(K,0)
S:(S,0) (A,5) (E,-35) (F,10) (G,12) (H,14) (I,16) (J,18) (K,20) (B,8) (C,2) (D,-30)
-----
A:(A,0) (B,3) (C,-3) (D,-36) (E,-41)
B:(B,0) (C,-6) (D,-40) (A,-4) (E,-44)
C:(C,0) (A,2) (E,-39) (B,5) (D,-34)
D:(D,0)
E:(E,0)
F:(F,0) (G,2) (H,4) (I,6) (J,8) (K,10)
G:(G,0) (H,2) (I,4) (J,6) (K,8)
H:(H,0) (I,2) (J,4) (K,6)
I:(I,0) (J,2) (K,4)
J:(J,0) (K,2)
K:(K,0)
S:(S,0) (A,5) (E,-35) (F,10) (G,12) (H,14) (I,16) (J,18) (K,20) (B,8) (C,2) (D,-31)
-----
A:(A,0) (B,3) (C,-3) (D,-37) (E,-41)
B:(B,0) (C,-6) (D,-40) (A,-4) (E,-45)
C:(C,0) (A,2) (E,-39) (B,5) (D,-35)
D:(D,0)
E:(E,0)
F:(F,0) (G,2) (H,4) (I,6) (J,8) (K,10)
G:(G,0) (H,2) (I,4) (J,6) (K,8)
H:(H,0) (I,2) (J,4) (K,6)
I:(I,0) (J,2) (K,4)
J:(J,0) (K,2)
K:(K,0)
S:(S,0) (A,5) (E,-36) (F,10) (G,12) (H,14) (I,16) (J,18) (K,20) (B,8) (C,2) (D,-31)
-----
A:(A,0) (B,3) (C,-3) (D,-37) (E,-42)
B:(B,0) (C,-6) (D,-41) (A,-4) (E,-45)
C:(C,0) (A,2) (E,-40) (B,5) (D,-35)
D:(D,0)
E:(E,0)
F:(F,0) (G,2) (H,4) (I,6) (J,8) (K,10)
G:(G,0) (H,2) (I,4) (J,6) (K,8)
H:(H,0) (I,2) (J,4) (K,6)
I:(I,0) (J,2) (K,4)
J:(J,0) (K,2)
K:(K,0)
S:(S,0) (A,5) (E,-36) (F,10) (G,12) (H,14) (I,16) (J,18) (K,20) (B,8) (C,2) (D,-32)
-----
A:(A,0) (B,3) (C,-3) (D,-38) (E,-42)
B:(B,0) (C,-6) (D,-41) (A,-4) (E,-46)
C:(C,0) (A,2) (E,-40) (B,5) (D,-36)
D:(D,0)
E:(E,0)
F:(F,0) (G,2) (H,4) (I,6) (J,8) (K,10)
G:(G,0) (H,2) (I,4) (J,6) (K,8)
H:(H,0) (I,2) (J,4) (K,6)
I:(I,0) (J,2) (K,4)
J:(J,0) (K,2)
K:(K,0)
S:(S,0) (A,5) (E,-37) (F,10) (G,12) (H,14) (I,16) (J,18) (K,20) (B,8) (C,2) (D,-32)
-----
A:(A,0) (B,3) (C,-3) (D,-38) (E,-43)
B:(B,0) (C,-6) (D,-42) (A,-4) (E,-46)
C:(C,0) (A,2) (E,-41) (B,5) (D,-36)
D:(D,0)
E:(E,0)
F:(F,0) (G,2) (H,4) (I,6) (J,8) (K,10)
G:(G,0) (H,2) (I,4) (J,6) (K,8)
H:(H,0) (I,2) (J,4) (K,6)
I:(I,0) (J,2) (K,4)
J:(J,0) (K,2)
K:(K,0)
S:(S,0) (A,5) (E,-37) (F,10) (G,12) (H,14) (I,16) (J,18) (K,20) (B,8) (C,2) (D,-33)
-----
A:(A,0) (B,3) (C,-3) (D,-39) (E,-43)
B:(B,0) (C,-6) (D,-42) (A,-4) (E,-47)
C:(C,0) (A,2) (E,-41) (B,5) (D,-37)
D:(D,0)
E:(E,0)
F:(F,0) (G,2) (H,4) (I,6) (J,8) (K,10)
G:(G,0) (H,2) (I,4) (J,6) (K,8)
H:(H,0) (I,2) (J,4) (K,6)
I:(I,0) (J,2) (K,4)
J:(J,0) (K,2)
K:(K,0)
S:(S,0) (A,5) (E,-38) (F,10) (G,12) (H,14) (I,16) (J,18) (K,20) (B,8) (C,2) (D,-33)
-----
A:(A,0) (B,3) (C,-3) (D,-39) (E,-44)
B:(B,0) (C,-6) (D,-43) (A,-4) (E,-47)
C:(C,0) (A,2) (E,-42) (B,5) (D,-37)
D:(D,0)
E:(E,0)
F:(F,0) (G,2) (H,4) (I,6) (J,8) (K,10)
G:(G,0) (H,2) (I,4) (J,6) (K,8)
H:(H,0) (I,2) (J,4) (K,6)
I:(I,0) (J,2) (K,4)
J:(J,0) (K,2)
K:(K,0)
S:(S,0) (A,5) (E,-38) (F,10) (G,12) (H,14) (I,16) (J,18) (K,20) (B,8) (C,2) (D,-34)
-----
A:(A,0) (B,3) (C,-3) (D,-40) (E,-44)
B:(B,0) (C,-6) (D,-43) (A,-4) (E,-48)
C:(C,0) (A,2) (E,-42) (B,5) (D,-38)
D:(D,0)
E:(E,0)
F:(F,0) (G,2) (H,4) (I,6) (J,8) (K,10)
G:(G,0) (H,2) (I,4) (J,6) (K,8)
H:(H,0) (I,2) (J,4) (K,6)
I:(I,0) (J,2) (K,4)
J:(J,0) (K,2)
K:(K,0)
S:(S,0) (A,5) (E,-39) (F,10) (G,12) (H,14) (I,16) (J,18) (K,20) (B,8) (C,2) (D,-34)
-----
A:(A,0) (B,3) (C,-3) (D,-40) (E,-45)
B:(B,0) (C,-6) (D,-44) (A,-4) (E,-48)
C:(C,0) (A,2) (E,-43) (B,5) (D,-38)
D:(D,0)
E:(E,0)
F:(F,0) (G,2) (H,4) (I,6) (J,8) (K,10)
G:(G,0) (H,2) (I,4) (J,6) (K,8)
H:(H,0) (I,2) (J,4) (K,6)
I:(I,0) (J,2) (K,4)
J:(J,0) (K,2)
K:(K,0)
S:(S,0) (A,5) (E,-39) (F,10) (G,12) (H,14) (I,16) (J,18) (K,20) (B,8) (C,2) (D,-35)
-----
A:(A,0) (B,3) (C,-3) (D,-41) (E,-45)
B:(B,0) (C,-6) (D,-44) (A,-4) (E,-49)
C:(C,0) (A,2) (E,-43) (B,5) (D,-39)
D:(D,0)
E:(E,0)
F:(F,0) (G,2) (H,4) (I,6) (J,8) (K,10)
G:(G,0) (H,2) (I,4) (J,6) (K,8)
H:(H,0) (I,2) (J,4) (K,6)
I:(I,0) (J,2) (K,4)
J:(J,0) (K,2)
K:(K,0)
S:(S,0) (A,5) (E,-40) (F,10) (G,12) (H,14) (I,16) (J,18) (K,20) (B,8) (C,2) (D,-35)
-----
A:(A,0) (B,3) (C,-3) (D,-41) (E,-46)
B:(B,0) (C,-6) (D,-45) (A,-4) (E,-49)
C:(C,0) (A,2) (E,-44) (B,5) (D,-39)
D:(D,0)
E:(E,0)
F:(F,0) (G,2) (H,4) (I,6) (J,8) (K,10)
G:(G,0) (H,2) (I,4) (J,6) (K,8)
H:(H,0) (I,2) (J,4) (K,6)
I:(I,0) (J,2) (K,4)
J:(J,0) (K,2)
K:(K,0)
S:(S,0) (A,5) (E,-40) (F,10) (G,12) (H,14) (I,16) (J,18) (K,20) (B,8) (C,2) (D,-36)
-----
A:(A,0) (B,3) (C,-3) (D,-42) (E,-46)
B:(B,0) (C,-6) (D,-45) (A,-4) (E,-50)
C:(C,0) (A,2) (E,-44) (B,5) (D,-40)
D:(D,0)
E:(E,0)
F:(F,0) (G,2) (H,4) (I,6) (J,8) (K,10)
G:(G,0) (H,2) (I,4) (J,6) (K,8)
H:(H,0) (I,2) (J,4) (K,6)
I:(I,0) (J,2) (K,4)
J:(J,0) (K,2)
K:(K,0)
S:(S,0) (A,5) (E,-41) (F,10) (G,12) (H,14) (I,16) (J,18) (K,20) (B,8) (C,2) (D,-36)
-----
A:(A,0) (B,3) (C,-3) (D,-42) (E,-47)
B:(B,0) (C,-6) (D,-46) (A,-4) (E,-50)
C:(C,0) (A,2) (E,-45) (B,5) (D,-40)
D:(D,0)
E:(E,0)
F:(F,0) (G,2) (H,4) (I,6) (J,8) (K,10)
G:(G,0) (H,2) (I,4) (J,6) (K,8)
H:(H,0) (I,2) (J,4) (K,6)
I:(I,0) (J,2) (K,4)
J:(J,0) (K,2)
K:(K,0)
S:(S,0) (A,5) (E,-41) (F,10) (G,12) (H,14) (I,16) (J,18) (K,20) (B,8) (C,2) (D,-37)
-----
A:(A,0) (B,3) (C,-3) (D,-43) (E,-47)
B:(B,0) (C,-6) (D,-46) (A,-4) (E,-99)
C:(C,0) (A,2) (E,-45) (B,5) (D,-41)
D:(D,0)
E:(E,0)
F:(F,0) (G,2) (H,4) (I,6) (J,8) (K,10)
G:(G,0) (H,2) (I,4) (J,6) (K,8)
H:(H,0) (I,2) (J,4) (K,6)
I:(I,0) (J,2) (K,4)
J:(J,0) (K,2)
K:(K,0)
S:(S,0) (A,5) (E,-42) (F,10) (G,12) (H,14) (I,16) (J,18) (K,20) (B,8) (C,2) (D,-37)
-----
A:(A,0) (B,3) (C,-3) (D,-43) (E,-99)
B:(B,0) (C,-6) (D,-47) (A,-4) (E,-99)
C:(C,0) (A,2) (E,-99) (B,5) (D,-41)
D:(D,0)
E:(E,0)
F:(F,0) (G,2) (H,4) (I,6) (J,8) (K,10)
G:(G,0) (H,2) (I,4) (J,6) (K,8)
H:(H,0) (I,2) (J,4) (K,6)
I:(I,0) (J,2) (K,4)
J:(J,0) (K,2)
K:(K,0)
S:(S,0) (A,5) (E,-42) (F,10) (G,12) (H,14) (I,16) (J,18) (K,20) (B,8) (C,2) (D,-38)
-----
A:(A,0) (B,3) (C,-3) (D,-44) (E,-99)
B:(B,0) (C,-6) (D,-47) (A,-4) (E,-99)
C:(C,0) (A,2) (E,-99) (B,5) (D,-42)
D:(D,0)
E:(E,0)
F:(F,0) (G,2) (H,4) (I,6) (J,8) (K,10)
G:(G,0) (H,2) (I,4) (J,6) (K,8)
H:(H,0) (I,2) (J,4) (K,6)
I:(I,0) (J,2) (K,4)
J:(J,0) (K,2)
K:(K,0)
S:(S,0) (A,5) (E,-99) (F,10) (G,12) (H,14) (I,16) (J,18) (K,20) (B,8) (C,2) (D,-38)
-----
A:(A,0) (B,3) (C,-3) (D,-44) (E,-99)
B:(B,0) (C,-6) (D,-48) (A,-4) (E,-99)
C:(C,0) (A,2) (E,-99) (B,5) (D,-42)
D:(D,0)
E:(E,0)
F:(F,0) (G,2) (H,4) (I,6) (J,8) (K,10)
G:(G,0) (H,2) (I,4) (J,6) (K,8)
H:(H,0) (I,2) (J,4) (K,6)
I:(I,0) (J,2) (K,4)
J:(J,0) (K,2)
K:(K,0)
S:(S,0) (A,5) (E,-99) (F,10) (G,12) (H,14) (I,16) (J,18) (K,20) (B,8) (C,2) (D,-39)
-----
A:(A,0) (B,3) (C,-3) (D,-45) (E,-99)
B:(B,0) (C,-6) (D,-48) (A,-4) (E,-99)
C:(C,0) (A,2) (E,-99) (B,5) (D,-43)
D:(D,0)
E:(E,0)
F:(F,0) (G,2) (H,4) (I,6) (J,8) (K,10)
G:(G,0) (H,2) (I,4) (J,6) (K,8)
H:(H,0) (I,2) (J,4) (K,6)
I:(I,0) (J,2) (K,4)
J:(J,0) (K,2)
K:(K,0)
S:(S,0) (A,5) (E,-99) (F,10) (G,12) (H,14) (I,16) (J,18) (K,20) (B,8) (C,2) (D,-39)
-----
A:(A,0) (B,3) (C,-3) (D,-45) (E,-99)
B:(B,0) (C,-6) (D,-49) (A,-4) (E,-99)
C:(C,0) (A,2) (E,-99) (B,5) (D,-43)
D:(D,0)
E:(E,0)
F:(F,0) (G,2) (H,4) (I,6) (J,8) (K,10)
G:(G,0) (H,2) (I,4) (J,6) (K,8)
H:(H,0) (I,2) (J,4) (K,6)
I:(I,0) (J,2) (K,4)
J:(J,0) (K,2)
K:(K,0)
S:(S,0) (A,5) (E,-99) (F,10) (G,12) (H,14) (I,16) (J,18) (K,20) (B,8) (C,2) (D,-40)
-----
A:(A,0) (B,3) (C,-3) (D,-46) (E,-99)
B:(B,0) (C,-6) (D,-49) (A,-4) (E,-99)
C:(C,0) (A,2) (E,-99) (B,5) (D,-44)
D:(D,0)
E:(E,0)
F:(F,0) (G,2) (H,4) (I,6) (J,8) (K,10)
G:(G,0) (H,2) (I,4) (J,6) (K,8)
H:(H,0) (I,2) (J,4) (K,6)
I:(I,0) (J,2) (K,4)
J:(J,0) (K,2)
K:(K,0)
S:(S,0) (A,5) (E,-99) (F,10) (G,12) (H,14) (I,16) (J,18) (K,20) (B,8) (C,2) (D,-40)
-----
A:(A,0) (B,3) (C,-3) (D,-46) (E,-99)
B:(B,0) (C,-6) (D,-50) (A,-4) (E,-99)
C:(C,0) (A,2) (E,-99) (B,5) (D,-44)
D:(D,0)
E:(E,0)
F:(F,0) (G,2) (H,4) (I,6) (J,8) (K,10)
G:(G,0) (H,2) (I,4) (J,6) (K,8)
H:(H,0) (I,2) (J,4) (K,6)
I:(I,0) (J,2) (K,4)
J:(J,0) (K,2)
K:(K,0)
S:(S,0) (A,5) (E,-99) (F,10) (G,12) (H,14) (I,16) (J,18) (K,20) (B,8) (C,2) (D,-41)
-----
A:(A,0) (B,3) (C,-3) (D,-47) (E,-99)
B:(B,0) (C,-6) (D,-50) (A,-4) (E,-99)
C:(C,0) (A,2) (E,-99) (B,5) (D,-45)
D:(D,0)
E:(E,0)
F:(F,0) (G,2) (H,4) (I,6) (J,8) (K,10)
G:(G,0) (H,2) (I,4) (J,6) (K,8)
H:(H,0) (I,2) (J,4) (K,6)
I:(I,0) (J,2) (K,4)
J:(J,0) (K,2)
K:(K,0)
S:(S,0) (A,5) (E,-99) (F,10) (G,12) (H,14) (I,16) (J,18) (K,20) (B,8) (C,2) (D,-41)
-----
A:(A,0) (B,3) (C,-3) (D,-47) (E,-99)
B:(B,0) (C,-6) (D,-99) (A,-4) (E,-99)
C:(C,0) (A,2) (E,-99) (B,5) (D,-45)
D:(D,0)
E:(E,0)
F:(F,0) (G,2) (H,4) (I,6) (J,8) (K,10)
G:(G,0) (H,2) (I,4) (J,6) (K,8)
H:(H,0) (I,2) (J,4) (K,6)
I:(I,0) (J,2) (K,4)
J:(J,0) (K,2)
K:(K,0)
S:(S,0) (A,5) (E,-99) (F,10) (G,12) (H,14) (I,16) (J,18) (K,20) (B,8) (C,2) (D,-42)
-----
A:(A,0) (B,3) (C,-3) (D,-99) (E,-99)
B:(B,0) (C,-6) (D,-99) (A,-4) (E,-99)
C:(C,0) (A,2) (E,-99) (B,5) (D,-99)
D:(D,0)
E:(E,0)
F:(F,0) (G,2) (H,4) (I,6) (J,8) (K,10)
G:(G,0) (H,2) (I,4) (J,6) (K,8)
H:(H,0) (I,2) (J,4) (K,6)
I:(I,0) (J,2) (K,4)
J:(J,0) (K,2)
K:(K,0)
S:(S,0) (A,5) (E,-99) (F,10) (G,12) (H,14) (I,16) (J,18) (K,20) (B,8) (C,2) (D,-42)
-----
A:(A,0) (B,3) (C,-3) (D,-99) (E,-99)
B:(B,0) (C,-6) (D,-99) (A,-4) (E,-99)
C:(C,0) (A,2) (E,-99) (B,5) (D,-99)
D:(D,0)
E:(E,0)
F:(F,0) (G,2) (H,4) (I,6) (J,8) (K,10)
G:(G,0) (H,2) (I,4) (J,6) (K,8)
H:(H,0) (I,2) (J,4) (K,6)
I:(I,0) (J,2) (K,4)
J:(J,0) (K,2)
K:(K,0)
S:(S,0) (A,5) (E,-99) (F,10) (G,12) (H,14) (I,16) (J,18) (K,20) (B,8) (C,2) (D,-99)
-----
