F:(F,0) (G,2) (H,4)
G:(G,0) (H,2) (I,4)
H:(H,0) (I,2) (J,4)
I:(I,0) (J,2) (K,4)
J:(J,0) (K,2)
K:(K,0)
S:(S,0) (F,10) (G,12) (H,14) (I,16) (J,18) (K,20)
-----
F:(F,0) (G,2) (H,4) (I,6)
G:(G,0) (H,2) (I,4) (J,6)
H:(H,0) (I,2) (J,4) (K,6)
I:(I,0) (J,2) (K,4)
J:(J,0) (K,2)
K:(K,0)
S:(S,0) (F,10) (G,12) (H,14) (I,16) (J,18) (K,20)
-----
F:(F,0) (G,2) (H,4) (I,6) (J,8)
G:(G,0) (H,2) (I,4) (J,6) (K,8)
H:(H,0) (I,2) (J,4) (K,6)
I:(I,0) (J,2) (K,4)
J:(J,0) (K,2)
K:(K,0)
S:(S,0) (F,10) (G,12) (H,14) (I,16) (J,18) (K,20)
-----
F:(F,0) (G,2) (H,4) (I,6) (J,8) (K,10)
G:(G,0) (H,2) (I,4) (J,6) (K,8)
H:(H,0) (I,2) (J,4) (K,6)
I:(I,0) (J,2) (K,4)
J:(J,0) (K,2)
K:(K,0)
S:(S,0) (F,10) (G,12) (H,14) (I,16) (J,18) (K,20)
-----
F:(F,0) (G,2) (H,4) (I,6) (J,8) (K,10)
G:(G,0) (H,2) (I,4) (J,6) (K,8)
H:(H,0) (I,2) (J,4) (K,6)
I:(I,0) (J,2) (K,4)
J:(J,0) (K,2)
K:(K,0)
S:(S,0) (F,10) (G,12) (H,14) (I,16) (J,18) (K,20)
-----
