A:(A,0) (B,-1) (D,-2) (C,-2) (E,-3)
B:(B,0) (A,-1) (C,-3) (E,-4) (D,-3) (F,-2)
C:(C,0) (B,-1) (F,-3) (A,-2) (E,-5) (D,-4)
D:(D,0) (A,-1) (E,-4) (B,-2) (F,-2) (C,-3)
E:(E,0) (D,-4) (B,-6) (F,-6) (A,-5) (C,-7)
F:(F,0) (E,-6) (C,-13) (B,-12) (D,-10) (A,-11)
-----
A:(A,0) (B,-6) (D,-4) (C,-7) (E,-8) (F,-6)
B:(B,0) (A,-13) (C,-20) (E,-21) (D,-17) (F,-19)
C:(C,0) (B,-15) (F,-34) (A,-28) (E,-36) (D,-32)
D:(D,0) (A,-9) (E,-17) (B,-15) (F,-15) (C,-16)
E:(E,0) (D,-35) (B,-50) (F,-50) (A,-44) (C,-99)
F:(F,0) (E,-49) (C,-99) (B,-99) (D,-99) (A,-99)
-----
A:(A,0) (B,-38) (D,-23) (C,-39) (E,-40) (F,-38)
B:(B,0) (A,-99) (C,-99) (E,-99) (D,-99) (F,-99)
C:(C,0) (B,-99) (F,-99) (A,-99) (E,-99) (D,-99)
D:(D,0) (A,-99) (E,-99) (B,-99) (F,-99) (C,-99)
E:(E,0) (D,-99) (B,-99) (F,-99) (A,-99) (C,-99)
F:(F,0) (E,-99) (C,-99) (B,-99) (D,-99) (A,-99)
-----
A:(A,0) (B,-99) (D,-99) (C,-99) (E,-99) (F,-99)
B:(B,0) (A,-99) (C,-99) (E,-99) (D,-99) (F,-99)
C:(C,0) (B,-99) (F,-99) (A,-99) (E,-99) (D,-99)
D:(D,0) (A,-99) (E,-99) (B,-99) (F,-99) (C,-99)
E:(E,0) (D,-99) (B,-99) (F,-99) (A,-99) (C,-99)
F:(F,0) (E,-99) (C,-99) (B,-99) (D,-99) (A,-99)
-----
